Archive member included to satisfy reference by file (symbol)

d:/stm/software/stm32cubeide_1.10.1/stm32cubeide/plugins/com.st.stm32cube.ide.mcu.externaltools.gnu-tools-for-stm32.10.3-2021.10.win32_1.0.0.202111181127/tools/bin/../lib/gcc/arm-none-eabi/10.3.1/../../../../arm-none-eabi/lib/thumb/v7e-m+fp/hard\libc_nano.a(lib_a-errno.o)
                              ./Core/Src/syscalls.o (__errno)
d:/stm/software/stm32cubeide_1.10.1/stm32cubeide/plugins/com.st.stm32cube.ide.mcu.externaltools.gnu-tools-for-stm32.10.3-2021.10.win32_1.0.0.202111181127/tools/bin/../lib/gcc/arm-none-eabi/10.3.1/../../../../arm-none-eabi/lib/thumb/v7e-m+fp/hard\libc_nano.a(lib_a-exit.o)
                              d:/stm/software/stm32cubeide_1.10.1/stm32cubeide/plugins/com.st.stm32cube.ide.mcu.externaltools.gnu-tools-for-stm32.10.3-2021.10.win32_1.0.0.202111181127/tools/bin/../lib/gcc/arm-none-eabi/10.3.1/../../../../arm-none-eabi/lib/thumb/v7e-m+fp/hard/crt0.o (exit)
d:/stm/software/stm32cubeide_1.10.1/stm32cubeide/plugins/com.st.stm32cube.ide.mcu.externaltools.gnu-tools-for-stm32.10.3-2021.10.win32_1.0.0.202111181127/tools/bin/../lib/gcc/arm-none-eabi/10.3.1/../../../../arm-none-eabi/lib/thumb/v7e-m+fp/hard\libc_nano.a(lib_a-impure.o)
                              d:/stm/software/stm32cubeide_1.10.1/stm32cubeide/plugins/com.st.stm32cube.ide.mcu.externaltools.gnu-tools-for-stm32.10.3-2021.10.win32_1.0.0.202111181127/tools/bin/../lib/gcc/arm-none-eabi/10.3.1/../../../../arm-none-eabi/lib/thumb/v7e-m+fp/hard\libc_nano.a(lib_a-exit.o) (_global_impure_ptr)
d:/stm/software/stm32cubeide_1.10.1/stm32cubeide/plugins/com.st.stm32cube.ide.mcu.externaltools.gnu-tools-for-stm32.10.3-2021.10.win32_1.0.0.202111181127/tools/bin/../lib/gcc/arm-none-eabi/10.3.1/../../../../arm-none-eabi/lib/thumb/v7e-m+fp/hard\libc_nano.a(lib_a-init.o)
                              d:/stm/software/stm32cubeide_1.10.1/stm32cubeide/plugins/com.st.stm32cube.ide.mcu.externaltools.gnu-tools-for-stm32.10.3-2021.10.win32_1.0.0.202111181127/tools/bin/../lib/gcc/arm-none-eabi/10.3.1/../../../../arm-none-eabi/lib/thumb/v7e-m+fp/hard/crt0.o (__libc_init_array)
d:/stm/software/stm32cubeide_1.10.1/stm32cubeide/plugins/com.st.stm32cube.ide.mcu.externaltools.gnu-tools-for-stm32.10.3-2021.10.win32_1.0.0.202111181127/tools/bin/../lib/gcc/arm-none-eabi/10.3.1/../../../../arm-none-eabi/lib/thumb/v7e-m+fp/hard\libc_nano.a(lib_a-memset.o)
                              d:/stm/software/stm32cubeide_1.10.1/stm32cubeide/plugins/com.st.stm32cube.ide.mcu.externaltools.gnu-tools-for-stm32.10.3-2021.10.win32_1.0.0.202111181127/tools/bin/../lib/gcc/arm-none-eabi/10.3.1/../../../../arm-none-eabi/lib/thumb/v7e-m+fp/hard/crt0.o (memset)
d:/stm/software/stm32cubeide_1.10.1/stm32cubeide/plugins/com.st.stm32cube.ide.mcu.externaltools.gnu-tools-for-stm32.10.3-2021.10.win32_1.0.0.202111181127/tools/bin/../lib/gcc/arm-none-eabi/10.3.1/thumb/v7e-m+fp/hard\libgcc.a(_aeabi_uldivmod.o)
                              ./Drivers/STM32F7xx_HAL_Driver/Src/stm32f7xx_hal_rcc.o (__aeabi_uldivmod)
d:/stm/software/stm32cubeide_1.10.1/stm32cubeide/plugins/com.st.stm32cube.ide.mcu.externaltools.gnu-tools-for-stm32.10.3-2021.10.win32_1.0.0.202111181127/tools/bin/../lib/gcc/arm-none-eabi/10.3.1/thumb/v7e-m+fp/hard\libgcc.a(_udivmoddi4.o)
                              d:/stm/software/stm32cubeide_1.10.1/stm32cubeide/plugins/com.st.stm32cube.ide.mcu.externaltools.gnu-tools-for-stm32.10.3-2021.10.win32_1.0.0.202111181127/tools/bin/../lib/gcc/arm-none-eabi/10.3.1/thumb/v7e-m+fp/hard\libgcc.a(_aeabi_uldivmod.o) (__udivmoddi4)
d:/stm/software/stm32cubeide_1.10.1/stm32cubeide/plugins/com.st.stm32cube.ide.mcu.externaltools.gnu-tools-for-stm32.10.3-2021.10.win32_1.0.0.202111181127/tools/bin/../lib/gcc/arm-none-eabi/10.3.1/thumb/v7e-m+fp/hard\libgcc.a(_dvmd_tls.o)
                              d:/stm/software/stm32cubeide_1.10.1/stm32cubeide/plugins/com.st.stm32cube.ide.mcu.externaltools.gnu-tools-for-stm32.10.3-2021.10.win32_1.0.0.202111181127/tools/bin/../lib/gcc/arm-none-eabi/10.3.1/thumb/v7e-m+fp/hard\libgcc.a(_aeabi_uldivmod.o) (__aeabi_ldiv0)

Discarded input sections

 .text          0x0000000000000000        0x0 d:/stm/software/stm32cubeide_1.10.1/stm32cubeide/plugins/com.st.stm32cube.ide.mcu.externaltools.gnu-tools-for-stm32.10.3-2021.10.win32_1.0.0.202111181127/tools/bin/../lib/gcc/arm-none-eabi/10.3.1/thumb/v7e-m+fp/hard/crti.o
 .data          0x0000000000000000        0x0 d:/stm/software/stm32cubeide_1.10.1/stm32cubeide/plugins/com.st.stm32cube.ide.mcu.externaltools.gnu-tools-for-stm32.10.3-2021.10.win32_1.0.0.202111181127/tools/bin/../lib/gcc/arm-none-eabi/10.3.1/thumb/v7e-m+fp/hard/crti.o
 .bss           0x0000000000000000        0x0 d:/stm/software/stm32cubeide_1.10.1/stm32cubeide/plugins/com.st.stm32cube.ide.mcu.externaltools.gnu-tools-for-stm32.10.3-2021.10.win32_1.0.0.202111181127/tools/bin/../lib/gcc/arm-none-eabi/10.3.1/thumb/v7e-m+fp/hard/crti.o
[...]
Memory Configuration

Name             Origin             Length             Attributes
RAM              0x0000000020000000 0x0000000000050000 xrw
FLASH            0x0000000008000000 0x0000000000100000 xr
*default*        0x0000000000000000 0xffffffffffffffff

Linker script and memory map

LOAD d:/stm/software/stm32cubeide_1.10.1/stm32cubeide/plugins/com.st.stm32cube.ide.mcu.externaltools.gnu-tools-for-stm32.10.3-2021.10.win32_1.0.0.202111181127/tools/bin/../lib/gcc/arm-none-eabi/10.3.1/thumb/v7e-m+fp/hard/crti.o
LOAD d:/stm/software/stm32cubeide_1.10.1/stm32cubeide/plugins/com.st.stm32cube.ide.mcu.externaltools.gnu-tools-for-stm32.10.3-2021.10.win32_1.0.0.202111181127/tools/bin/../lib/gcc/arm-none-eabi/10.3.1/thumb/v7e-m+fp/hard/crtbegin.o
LOAD d:/stm/software/stm32cubeide_1.10.1/stm32cubeide/plugins/com.st.stm32cube.ide.mcu.externaltools.gnu-tools-for-stm32.10.3-2021.10.win32_1.0.0.202111181127/tools/bin/../lib/gcc/arm-none-eabi/10.3.1/../../../../arm-none-eabi/lib/thumb/v7e-m+fp/hard/crt0.o
LOAD ./Core/Src/gpio.o
LOAD ./Core/Src/lcd.o
LOAD ./Core/Src/main.o
LOAD ./Core/Src/stm32f7xx_hal_msp.o
LOAD ./Core/Src/stm32f7xx_it.o
LOAD ./Core/Src/syscalls.o
LOAD ./Core/Src/sysmem.o
LOAD ./Core/Src/system_stm32f7xx.o
LOAD ./Core/Startup/startup_stm32f746nghx.o
LOAD ./Drivers/STM32F7xx_HAL_Driver/Src/stm32f7xx_hal.o
LOAD ./Drivers/STM32F7xx_HAL_Driver/Src/stm32f7xx_hal_cortex.o
LOAD ./Drivers/STM32F7xx_HAL_Driver/Src/stm32f7xx_hal_dma.o
LOAD ./Drivers/STM32F7xx_HAL_Driver/Src/stm32f7xx_hal_dma_ex.o
LOAD ./Drivers/STM32F7xx_HAL_Driver/Src/stm32f7xx_hal_exti.o
LOAD ./Drivers/STM32F7xx_HAL_Driver/Src/stm32f7xx_hal_flash.o
LOAD ./Drivers/STM32F7xx_HAL_Driver/Src/stm32f7xx_hal_flash_ex.o
LOAD ./Drivers/STM32F7xx_HAL_Driver/Src/stm32f7xx_hal_gpio.o
LOAD ./Drivers/STM32F7xx_HAL_Driver/Src/stm32f7xx_hal_i2c.o
LOAD ./Drivers/STM32F7xx_HAL_Driver/Src/stm32f7xx_hal_i2c_ex.o
LOAD ./Drivers/STM32F7xx_HAL_Driver/Src/stm32f7xx_hal_pwr.o
LOAD ./Drivers/STM32F7xx_HAL_Driver/Src/stm32f7xx_hal_pwr_ex.o
LOAD ./Drivers/STM32F7xx_HAL_Driver/Src/stm32f7xx_hal_rcc.o
LOAD ./Drivers/STM32F7xx_HAL_Driver/Src/stm32f7xx_hal_rcc_ex.o
START GROUP
LOAD d:/stm/software/stm32cubeide_1.10.1/stm32cubeide/plugins/com.st.stm32cube.ide.mcu.externaltools.gnu-tools-for-stm32.10.3-2021.10.win32_1.0.0.202111181127/tools/bin/../lib/gcc/arm-none-eabi/10.3.1/../../../../arm-none-eabi/lib/thumb/v7e-m+fp/hard\libc_nano.a
LOAD d:/stm/software/stm32cubeide_1.10.1/stm32cubeide/plugins/com.st.stm32cube.ide.mcu.externaltools.gnu-tools-for-stm32.10.3-2021.10.win32_1.0.0.202111181127/tools/bin/../lib/gcc/arm-none-eabi/10.3.1/../../../../arm-none-eabi/lib/thumb/v7e-m+fp/hard\libm.a
END GROUP
START GROUP
LOAD d:/stm/software/stm32cubeide_1.10.1/stm32cubeide/plugins/com.st.stm32cube.ide.mcu.externaltools.gnu-tools-for-stm32.10.3-2021.10.win32_1.0.0.202111181127/tools/bin/../lib/gcc/arm-none-eabi/10.3.1/thumb/v7e-m+fp/hard\libgcc.a
LOAD d:/stm/software/stm32cubeide_1.10.1/stm32cubeide/plugins/com.st.stm32cube.ide.mcu.externaltools.gnu-tools-for-stm32.10.3-2021.10.win32_1.0.0.202111181127/tools/bin/../lib/gcc/arm-none-eabi/10.3.1/../../../../arm-none-eabi/lib/thumb/v7e-m+fp/hard\libc_nano.a
END GROUP
START GROUP
LOAD d:/stm/software/stm32cubeide_1.10.1/stm32cubeide/plugins/com.st.stm32cube.ide.mcu.externaltools.gnu-tools-for-stm32.10.3-2021.10.win32_1.0.0.202111181127/tools/bin/../lib/gcc/arm-none-eabi/10.3.1/thumb/v7e-m+fp/hard\libgcc.a
LOAD d:/stm/software/stm32cubeide_1.10.1/stm32cubeide/plugins/com.st.stm32cube.ide.mcu.externaltools.gnu-tools-for-stm32.10.3-2021.10.win32_1.0.0.202111181127/tools/bin/../lib/gcc/arm-none-eabi/10.3.1/../../../../arm-none-eabi/lib/thumb/v7e-m+fp/hard\libc_nano.a
LOAD d:/stm/software/stm32cubeide_1.10.1/stm32cubeide/plugins/com.st.stm32cube.ide.mcu.externaltools.gnu-tools-for-stm32.10.3-2021.10.win32_1.0.0.202111181127/tools/bin/../lib/gcc/arm-none-eabi/10.3.1/../../../../arm-none-eabi/lib/thumb/v7e-m+fp/hard\libnosys.a
END GROUP
START GROUP
LOAD d:/stm/software/stm32cubeide_1.10.1/stm32cubeide/plugins/com.st.stm32cube.ide.mcu.externaltools.gnu-tools-for-stm32.10.3-2021.10.win32_1.0.0.202111181127/tools/bin/../lib/gcc/arm-none-eabi/10.3.1/thumb/v7e-m+fp/hard\libgcc.a
LOAD d:/stm/software/stm32cubeide_1.10.1/stm32cubeide/plugins/com.st.stm32cube.ide.mcu.externaltools.gnu-tools-for-stm32.10.3-2021.10.win32_1.0.0.202111181127/tools/bin/../lib/gcc/arm-none-eabi/10.3.1/../../../../arm-none-eabi/lib/thumb/v7e-m+fp/hard\libc_nano.a
LOAD d:/stm/software/stm32cubeide_1.10.1/stm32cubeide/plugins/com.st.stm32cube.ide.mcu.externaltools.gnu-tools-for-stm32.10.3-2021.10.win32_1.0.0.202111181127/tools/bin/../lib/gcc/arm-none-eabi/10.3.1/../../../../arm-none-eabi/lib/thumb/v7e-m+fp/hard\libnosys.a
END GROUP
LOAD d:/stm/software/stm32cubeide_1.10.1/stm32cubeide/plugins/com.st.stm32cube.ide.mcu.externaltools.gnu-tools-for-stm32.10.3-2021.10.win32_1.0.0.202111181127/tools/bin/../lib/gcc/arm-none-eabi/10.3.1/thumb/v7e-m+fp/hard/crtend.o
LOAD d:/stm/software/stm32cubeide_1.10.1/stm32cubeide/plugins/com.st.stm32cube.ide.mcu.externaltools.gnu-tools-for-stm32.10.3-2021.10.win32_1.0.0.202111181127/tools/bin/../lib/gcc/arm-none-eabi/10.3.1/thumb/v7e-m+fp/hard/crtn.o
                0x0000000020050000                _estack = (ORIGIN (RAM) + LENGTH (RAM))
                0x0000000000000200                _Min_Heap_Size = 0x200
                0x0000000000000400                _Min_Stack_Size = 0x400

.isr_vector     0x0000000008000000      0x1c8
                0x0000000008000000                . = ALIGN (0x4)
 *(.isr_vector)
 .isr_vector    0x0000000008000000      0x1c8 ./Core/Startup/startup_stm32f746nghx.o
                0x0000000008000000                g_pfnVectors
                0x00000000080001c8                . = ALIGN (0x4)

.text           0x00000000080001c8     0x2608
                0x00000000080001c8                . = ALIGN (0x4)
 *(.text)
 .text          0x00000000080001c8       0x40 d:/stm/software/stm32cubeide_1.10.1/stm32cubeide/plugins/com.st.stm32cube.ide.mcu.externaltools.gnu-tools-for-stm32.10.3-2021.10.win32_1.0.0.202111181127/tools/bin/../lib/gcc/arm-none-eabi/10.3.1/thumb/v7e-m+fp/hard/crtbegin.o
 .text          0x0000000008000208       0x30 d:/stm/software/stm32cubeide_1.10.1/stm32cubeide/plugins/com.st.stm32cube.ide.mcu.externaltools.gnu-tools-for-stm32.10.3-2021.10.win32_1.0.0.202111181127/tools/bin/../lib/gcc/arm-none-eabi/10.3.1/thumb/v7e-m+fp/hard\libgcc.a(_aeabi_uldivmod.o)
                0x0000000008000208                __aeabi_uldivmod
 .text          0x0000000008000238      0x2d0 d:/stm/software/stm32cubeide_1.10.1/stm32cubeide/plugins/com.st.stm32cube.ide.mcu.externaltools.gnu-tools-for-stm32.10.3-2021.10.win32_1.0.0.202111181127/tools/bin/../lib/gcc/arm-none-eabi/10.3.1/thumb/v7e-m+fp/hard\libgcc.a(_udivmoddi4.o)
                0x0000000008000238                __udivmoddi4
 .text          0x0000000008000508        0x4 d:/stm/software/stm32cubeide_1.10.1/stm32cubeide/plugins/com.st.stm32cube.ide.mcu.externaltools.gnu-tools-for-stm32.10.3-2021.10.win32_1.0.0.202111181127/tools/bin/../lib/gcc/arm-none-eabi/10.3.1/thumb/v7e-m+fp/hard\libgcc.a(_dvmd_tls.o)
                0x0000000008000508                __aeabi_idiv0
                0x0000000008000508                __aeabi_ldiv0
 *(.text*)
 .text.MX_GPIO_Init
                0x000000000800050c      0x920 ./Core/Src/gpio.o
                0x000000000800050c                MX_GPIO_Init
 .text.LCD_WriteNibble
                0x0000000008000e2c       0x80 ./Core/Src/lcd.o
                0x0000000008000e2c                LCD_WriteNibble
 .text.LCD_ReadNibble
                0x0000000008000eac       0x98 ./Core/Src/lcd.o
                0x0000000008000eac                LCD_ReadNibble
 .text.LCD_SetDataPinInput
                0x0000000008000f44       0x9c ./Core/Src/lcd.o
                0x0000000008000f44                LCD_SetDataPinInput
 .text.LCD_SetDataPinOutput
                0x0000000008000fe0       0x9c ./Core/Src/lcd.o
                0x0000000008000fe0                LCD_SetDataPinOutput
 .text.LCD_ReadStatus
                0x000000000800107c       0x58 ./Core/Src/lcd.o
                0x000000000800107c                LCD_ReadStatus
 .text.LCD_WriteData
                0x00000000080010d4       0x54 ./Core/Src/lcd.o
                0x00000000080010d4                LCD_WriteData
 .text.LCD_WriteCommand
                0x0000000008001128       0x54 ./Core/Src/lcd.o
                0x0000000008001128                LCD_WriteCommand
 .text.LCD_WriteText
                0x000000000800117c       0x2a ./Core/Src/lcd.o
                0x000000000800117c                LCD_WriteText
 .text.LCD_GoTo
                0x00000000080011a6       0x34 ./Core/Src/lcd.o
                0x00000000080011a6                LCD_GoTo
 .text.LCD_WriteTextXY
                0x00000000080011da       0x3e ./Core/Src/lcd.o
                0x00000000080011da                LCD_WriteTextXY
 .text.LCD_SetControlPinOutput
                0x0000000008001218       0x94 ./Core/Src/lcd.o
                0x0000000008001218                LCD_SetControlPinOutput
 .text.LCD_Initialize
                0x00000000080012ac       0xa4 ./Core/Src/lcd.o
                0x00000000080012ac                LCD_Initialize
 .text.LCD_SetUserChar
                0x0000000008001350       0x50 ./Core/Src/lcd.o
                0x0000000008001350                LCD_SetUserChar
 .text.main     0x00000000080013a0      0x194 ./Core/Src/main.o
                0x00000000080013a0                main
 .text.SystemClock_Config
                0x0000000008001534       0xd0 ./Core/Src/main.o
                0x0000000008001534                SystemClock_Config
 .text.Opcja1   0x0000000008001604       0x14 ./Core/Src/main.o
                0x0000000008001604                Opcja1
 .text.Opcja2   0x0000000008001618       0x18 ./Core/Src/main.o
                0x0000000008001618                Opcja2
 .text.Opcja3   0x0000000008001630       0x18 ./Core/Src/main.o
                0x0000000008001630                Opcja3
 .text.Opcja4   0x0000000008001648       0x18 ./Core/Src/main.o
                0x0000000008001648                Opcja4
 .text.Opcja5   0x0000000008001660       0x1e ./Core/Src/main.o
                0x0000000008001660                Opcja5
 .text.Opcja6   0x000000000800167e       0x1e ./Core/Src/main.o
                0x000000000800167e                Opcja6
 .text.Opcja7   0x000000000800169c       0x1e ./Core/Src/main.o
                0x000000000800169c                Opcja7
 .text.Opcja8   0x00000000080016ba       0x1e ./Core/Src/main.o
                0x00000000080016ba                Opcja8
 .text.Error_Handler
                0x00000000080016d8        0xa ./Core/Src/main.o
                0x00000000080016d8                Error_Handler
 *fill*         0x00000000080016e2        0x2 
 .text.HAL_MspInit
                0x00000000080016e4       0x48 ./Core/Src/stm32f7xx_hal_msp.o
                0x00000000080016e4                HAL_MspInit
 .text.NMI_Handler
                0x000000000800172c        0x6 ./Core/Src/stm32f7xx_it.o
                0x000000000800172c                NMI_Handler
 .text.HardFault_Handler
                0x0000000008001732        0x6 ./Core/Src/stm32f7xx_it.o
                0x0000000008001732                HardFault_Handler
 .text.MemManage_Handler
                0x0000000008001738        0x6 ./Core/Src/stm32f7xx_it.o
                0x0000000008001738                MemManage_Handler
 .text.BusFault_Handler
                0x000000000800173e        0x6 ./Core/Src/stm32f7xx_it.o
                0x000000000800173e                BusFault_Handler
 .text.UsageFault_Handler
                0x0000000008001744        0x6 ./Core/Src/stm32f7xx_it.o
                0x0000000008001744                UsageFault_Handler
 .text.SVC_Handler
                0x000000000800174a        0xe ./Core/Src/stm32f7xx_it.o
                0x000000000800174a                SVC_Handler
 .text.DebugMon_Handler
                0x0000000008001758        0xe ./Core/Src/stm32f7xx_it.o
                0x0000000008001758                DebugMon_Handler
 .text.PendSV_Handler
                0x0000000008001766        0xe ./Core/Src/stm32f7xx_it.o
                0x0000000008001766                PendSV_Handler
 .text.SysTick_Handler
                0x0000000008001774        0xc ./Core/Src/stm32f7xx_it.o
                0x0000000008001774                SysTick_Handler
 .text.SystemInit
                0x0000000008001780       0x24 ./Core/Src/system_stm32f7xx.o
                0x0000000008001780                SystemInit
 .text.Reset_Handler
                0x00000000080017a4       0x50 ./Core/Startup/startup_stm32f746nghx.o
                0x00000000080017a4                Reset_Handler
 .text.Default_Handler
                0x00000000080017f4        0x2 ./Core/Startup/startup_stm32f746nghx.o
                0x00000000080017f4                RTC_Alarm_IRQHandler
                0x00000000080017f4                EXTI2_IRQHandler
                0x00000000080017f4                TIM8_CC_IRQHandler
                0x00000000080017f4                UART8_IRQHandler
                0x00000000080017f4                SPI4_IRQHandler
                0x00000000080017f4                TIM1_CC_IRQHandler
                0x00000000080017f4                DMA2_Stream5_IRQHandler
                0x00000000080017f4                DMA1_Stream5_IRQHandler
                0x00000000080017f4                PVD_IRQHandler
                0x00000000080017f4                TAMP_STAMP_IRQHandler
                0x00000000080017f4                CAN2_RX1_IRQHandler
                0x00000000080017f4                EXTI3_IRQHandler
                0x00000000080017f4                TIM8_TRG_COM_TIM14_IRQHandler
                0x00000000080017f4                TIM1_UP_TIM10_IRQHandler
                0x00000000080017f4                TIM8_UP_TIM13_IRQHandler
                0x00000000080017f4                I2C3_ER_IRQHandler
                0x00000000080017f4                EXTI0_IRQHandler
                0x00000000080017f4                I2C2_EV_IRQHandler
                0x00000000080017f4                DMA1_Stream2_IRQHandler
                0x00000000080017f4                CAN1_RX0_IRQHandler
                0x00000000080017f4                FPU_IRQHandler
                0x00000000080017f4                OTG_HS_WKUP_IRQHandler
                0x00000000080017f4                LTDC_ER_IRQHandler
                0x00000000080017f4                CAN2_SCE_IRQHandler
                0x00000000080017f4                DMA2_Stream2_IRQHandler
                0x00000000080017f4                SPI1_IRQHandler
                0x00000000080017f4                TIM6_DAC_IRQHandler
                0x00000000080017f4                TIM1_BRK_TIM9_IRQHandler
                0x00000000080017f4                DCMI_IRQHandler
                0x00000000080017f4                CAN2_RX0_IRQHandler
                0x00000000080017f4                DMA2_Stream3_IRQHandler
                0x00000000080017f4                SAI2_IRQHandler
                0x00000000080017f4                USART6_IRQHandler
                0x00000000080017f4                USART3_IRQHandler
                0x00000000080017f4                CAN1_RX1_IRQHandler
                0x00000000080017f4                UART5_IRQHandler
                0x00000000080017f4                DMA2_Stream0_IRQHandler
                0x00000000080017f4                TIM4_IRQHandler
                0x00000000080017f4                QUADSPI_IRQHandler
                0x00000000080017f4                I2C1_EV_IRQHandler
                0x00000000080017f4                DMA1_Stream6_IRQHandler
                0x00000000080017f4                DMA1_Stream1_IRQHandler
                0x00000000080017f4                UART4_IRQHandler
                0x00000000080017f4                TIM3_IRQHandler
                0x00000000080017f4                RCC_IRQHandler
                0x00000000080017f4                TIM8_BRK_TIM12_IRQHandler
                0x00000000080017f4                Default_Handler
                0x00000000080017f4                CEC_IRQHandler
                0x00000000080017f4                EXTI15_10_IRQHandler
                0x00000000080017f4                ADC_IRQHandler
                0x00000000080017f4                DMA1_Stream7_IRQHandler
                0x00000000080017f4                SPI5_IRQHandler
                0x00000000080017f4                TIM7_IRQHandler
                0x00000000080017f4                SDMMC1_IRQHandler
                0x00000000080017f4                CAN2_TX_IRQHandler
                0x00000000080017f4                TIM5_IRQHandler
                0x00000000080017f4                DMA2_Stream7_IRQHandler
                0x00000000080017f4                I2C3_EV_IRQHandler
                0x00000000080017f4                EXTI9_5_IRQHandler
                0x00000000080017f4                RTC_WKUP_IRQHandler
                0x00000000080017f4                LTDC_IRQHandler
                0x00000000080017f4                ETH_WKUP_IRQHandler
                0x00000000080017f4                SPDIF_RX_IRQHandler
                0x00000000080017f4                SPI2_IRQHandler
                0x00000000080017f4                OTG_HS_EP1_IN_IRQHandler
                0x00000000080017f4                DMA1_Stream0_IRQHandler
                0x00000000080017f4                CAN1_TX_IRQHandler
                0x00000000080017f4                EXTI4_IRQHandler
                0x00000000080017f4                RNG_IRQHandler
                0x00000000080017f4                ETH_IRQHandler
                0x00000000080017f4                OTG_HS_EP1_OUT_IRQHandler
                0x00000000080017f4                WWDG_IRQHandler
                0x00000000080017f4                SPI6_IRQHandler
                0x00000000080017f4                I2C4_EV_IRQHandler
                0x00000000080017f4                TIM2_IRQHandler
                0x00000000080017f4                OTG_FS_WKUP_IRQHandler
                0x00000000080017f4                TIM1_TRG_COM_TIM11_IRQHandler
                0x00000000080017f4                OTG_HS_IRQHandler
                0x00000000080017f4                DMA2D_IRQHandler
                0x00000000080017f4                EXTI1_IRQHandler
                0x00000000080017f4                UART7_IRQHandler
                0x00000000080017f4                USART2_IRQHandler
                0x00000000080017f4                I2C2_ER_IRQHandler
                0x00000000080017f4                DMA2_Stream1_IRQHandler
                0x00000000080017f4                CAN1_SCE_IRQHandler
                0x00000000080017f4                FLASH_IRQHandler
                0x00000000080017f4                DMA2_Stream4_IRQHandler
                0x00000000080017f4                USART1_IRQHandler
                0x00000000080017f4                OTG_FS_IRQHandler
                0x00000000080017f4                SPI3_IRQHandler
                0x00000000080017f4                DMA1_Stream4_IRQHandler
                0x00000000080017f4                I2C1_ER_IRQHandler
                0x00000000080017f4                FMC_IRQHandler
                0x00000000080017f4                LPTIM1_IRQHandler
                0x00000000080017f4                I2C4_ER_IRQHandler
                0x00000000080017f4                DMA2_Stream6_IRQHandler
                0x00000000080017f4                SAI1_IRQHandler
                0x00000000080017f4                DMA1_Stream3_IRQHandler
 .text.HAL_Init
                0x00000000080017f6       0x1a ./Drivers/STM32F7xx_HAL_Driver/Src/stm32f7xx_hal.o
                0x00000000080017f6                HAL_Init
 .text.HAL_InitTick
                0x0000000008001810       0x60 ./Drivers/STM32F7xx_HAL_Driver/Src/stm32f7xx_hal.o
                0x0000000008001810                HAL_InitTick
 .text.HAL_IncTick
                0x0000000008001870       0x28 ./Drivers/STM32F7xx_HAL_Driver/Src/stm32f7xx_hal.o
                0x0000000008001870                HAL_IncTick
 .text.HAL_GetTick
                0x0000000008001898       0x18 ./Drivers/STM32F7xx_HAL_Driver/Src/stm32f7xx_hal.o
                0x0000000008001898                HAL_GetTick
 .text.HAL_Delay
                0x00000000080018b0       0x48 ./Drivers/STM32F7xx_HAL_Driver/Src/stm32f7xx_hal.o
                0x00000000080018b0                HAL_Delay
 .text.__NVIC_SetPriorityGrouping
                0x00000000080018f8       0x48 ./Drivers/STM32F7xx_HAL_Driver/Src/stm32f7xx_hal_cortex.o
 .text.__NVIC_GetPriorityGrouping
                0x0000000008001940       0x1c ./Drivers/STM32F7xx_HAL_Driver/Src/stm32f7xx_hal_cortex.o
 .text.__NVIC_SetPriority
                0x000000000800195c       0x54 ./Drivers/STM32F7xx_HAL_Driver/Src/stm32f7xx_hal_cortex.o
 .text.NVIC_EncodePriority
                0x00000000080019b0       0x66 ./Drivers/STM32F7xx_HAL_Driver/Src/stm32f7xx_hal_cortex.o
 *fill*         0x0000000008001a16        0x2 
 .text.SysTick_Config
                0x0000000008001a18       0x44 ./Drivers/STM32F7xx_HAL_Driver/Src/stm32f7xx_hal_cortex.o
 .text.HAL_NVIC_SetPriorityGrouping
                0x0000000008001a5c       0x16 ./Drivers/STM32F7xx_HAL_Driver/Src/stm32f7xx_hal_cortex.o
                0x0000000008001a5c                HAL_NVIC_SetPriorityGrouping
 .text.HAL_NVIC_SetPriority
                0x0000000008001a72       0x38 ./Drivers/STM32F7xx_HAL_Driver/Src/stm32f7xx_hal_cortex.o
                0x0000000008001a72                HAL_NVIC_SetPriority
 .text.HAL_SYSTICK_Config
                0x0000000008001aaa       0x18 ./Drivers/STM32F7xx_HAL_Driver/Src/stm32f7xx_hal_cortex.o
                0x0000000008001aaa                HAL_SYSTICK_Config
 *fill*         0x0000000008001ac2        0x2 
 .text.HAL_GPIO_Init
                0x0000000008001ac4      0x358 ./Drivers/STM32F7xx_HAL_Driver/Src/stm32f7xx_hal_gpio.o
                0x0000000008001ac4                HAL_GPIO_Init
 .text.HAL_GPIO_ReadPin
                0x0000000008001e1c       0x30 ./Drivers/STM32F7xx_HAL_Driver/Src/stm32f7xx_hal_gpio.o
                0x0000000008001e1c                HAL_GPIO_ReadPin
 .text.HAL_GPIO_WritePin
                0x0000000008001e4c       0x32 ./Drivers/STM32F7xx_HAL_Driver/Src/stm32f7xx_hal_gpio.o
                0x0000000008001e4c                HAL_GPIO_WritePin
 .text.HAL_GPIO_TogglePin
                0x0000000008001e7e       0x34 ./Drivers/STM32F7xx_HAL_Driver/Src/stm32f7xx_hal_gpio.o
                0x0000000008001e7e                HAL_GPIO_TogglePin
 *fill*         0x0000000008001eb2        0x2 
 .text.HAL_RCC_OscConfig
                0x0000000008001eb4      0x548 ./Drivers/STM32F7xx_HAL_Driver/Src/stm32f7xx_hal_rcc.o
                0x0000000008001eb4                HAL_RCC_OscConfig
 .text.HAL_RCC_ClockConfig
                0x00000000080023fc      0x1d8 ./Drivers/STM32F7xx_HAL_Driver/Src/stm32f7xx_hal_rcc.o
                0x00000000080023fc                HAL_RCC_ClockConfig
 .text.HAL_RCC_GetSysClockFreq
                0x00000000080025d4      0x18c ./Drivers/STM32F7xx_HAL_Driver/Src/stm32f7xx_hal_rcc.o
                0x00000000080025d4                HAL_RCC_GetSysClockFreq
 .text.__libc_init_array
                0x0000000008002760       0x48 d:/stm/software/stm32cubeide_1.10.1/stm32cubeide/plugins/com.st.stm32cube.ide.mcu.externaltools.gnu-tools-for-stm32.10.3-2021.10.win32_1.0.0.202111181127/tools/bin/../lib/gcc/arm-none-eabi/10.3.1/../../../../arm-none-eabi/lib/thumb/v7e-m+fp/hard\libc_nano.a(lib_a-init.o)
                0x0000000008002760                __libc_init_array
 .text.memset   0x00000000080027a8       0x10 d:/stm/software/stm32cubeide_1.10.1/stm32cubeide/plugins/com.st.stm32cube.ide.mcu.externaltools.gnu-tools-for-stm32.10.3-2021.10.win32_1.0.0.202111181127/tools/bin/../lib/gcc/arm-none-eabi/10.3.1/../../../../arm-none-eabi/lib/thumb/v7e-m+fp/hard\libc_nano.a(lib_a-memset.o)
                0x00000000080027a8                memset
 *(.glue_7)
 .glue_7        0x00000000080027b8        0x0 linker stubs
 *(.glue_7t)
 .glue_7t       0x00000000080027b8        0x0 linker stubs
 *(.eh_frame)
 .eh_frame      0x00000000080027b8        0x0 d:/stm/software/stm32cubeide_1.10.1/stm32cubeide/plugins/com.st.stm32cube.ide.mcu.externaltools.gnu-tools-for-stm32.10.3-2021.10.win32_1.0.0.202111181127/tools/bin/../lib/gcc/arm-none-eabi/10.3.1/thumb/v7e-m+fp/hard/crtbegin.o
 *(.init)
 .init          0x00000000080027b8        0x4 d:/stm/software/stm32cubeide_1.10.1/stm32cubeide/plugins/com.st.stm32cube.ide.mcu.externaltools.gnu-tools-for-stm32.10.3-2021.10.win32_1.0.0.202111181127/tools/bin/../lib/gcc/arm-none-eabi/10.3.1/thumb/v7e-m+fp/hard/crti.o
                0x00000000080027b8                _init
 .init          0x00000000080027bc        0x8 d:/stm/software/stm32cubeide_1.10.1/stm32cubeide/plugins/com.st.stm32cube.ide.mcu.externaltools.gnu-tools-for-stm32.10.3-2021.10.win32_1.0.0.202111181127/tools/bin/../lib/gcc/arm-none-eabi/10.3.1/thumb/v7e-m+fp/hard/crtn.o
 *(.fini)
 .fini          0x00000000080027c4        0x4 d:/stm/software/stm32cubeide_1.10.1/stm32cubeide/plugins/com.st.stm32cube.ide.mcu.externaltools.gnu-tools-for-stm32.10.3-2021.10.win32_1.0.0.202111181127/tools/bin/../lib/gcc/arm-none-eabi/10.3.1/thumb/v7e-m+fp/hard/crti.o
                0x00000000080027c4                _fini
 .fini          0x00000000080027c8        0x8 d:/stm/software/stm32cubeide_1.10.1/stm32cubeide/plugins/com.st.stm32cube.ide.mcu.externaltools.gnu-tools-for-stm32.10.3-2021.10.win32_1.0.0.202111181127/tools/bin/../lib/gcc/arm-none-eabi/10.3.1/thumb/v7e-m+fp/hard/crtn.o
                0x00000000080027d0                . = ALIGN (0x4)
                0x00000000080027d0                _etext = .

.vfp11_veneer   0x00000000080027d0        0x0
 .vfp11_veneer  0x00000000080027d0        0x0 linker stubs

.v4_bx          0x00000000080027d0        0x0
 .v4_bx         0x00000000080027d0        0x0 linker stubs

.iplt           0x00000000080027d0        0x0
 .iplt          0x00000000080027d0        0x0 d:/stm/software/stm32cubeide_1.10.1/stm32cubeide/plugins/com.st.stm32cube.ide.mcu.externaltools.gnu-tools-for-stm32.10.3-2021.10.win32_1.0.0.202111181127/tools/bin/../lib/gcc/arm-none-eabi/10.3.1/thumb/v7e-m+fp/hard/crtbegin.o

.rodata         0x00000000080027d0       0x9c
                0x00000000080027d0                . = ALIGN (0x4)
 *(.rodata)
 .rodata        0x00000000080027d0       0x6c ./Core/Src/main.o
 *(.rodata*)
 .rodata.znakiDodatkowe
                0x000000000800283c       0x20 ./Core/Src/main.o
                0x000000000800283c                znakiDodatkowe
 .rodata.AHBPrescTable
                0x000000000800285c       0x10 ./Core/Src/system_stm32f7xx.o
                0x000000000800285c                AHBPrescTable
                0x000000000800286c                . = ALIGN (0x4)

.ARM.extab      0x000000000800286c        0x0
                0x000000000800286c                . = ALIGN (0x4)
 *(.ARM.extab* .gnu.linkonce.armextab.*)
                0x000000000800286c                . = ALIGN (0x4)

.ARM            0x000000000800286c        0x8
                0x000000000800286c                . = ALIGN (0x4)
                0x000000000800286c                __exidx_start = .
 *(.ARM.exidx*)
 .ARM.exidx     0x000000000800286c        0x8 d:/stm/software/stm32cubeide_1.10.1/stm32cubeide/plugins/com.st.stm32cube.ide.mcu.externaltools.gnu-tools-for-stm32.10.3-2021.10.win32_1.0.0.202111181127/tools/bin/../lib/gcc/arm-none-eabi/10.3.1/thumb/v7e-m+fp/hard\libgcc.a(_udivmoddi4.o)
                0x0000000008002874                __exidx_end = .
                0x0000000008002874                . = ALIGN (0x4)

.rel.dyn        0x0000000008002874        0x0
 .rel.iplt      0x0000000008002874        0x0 d:/stm/software/stm32cubeide_1.10.1/stm32cubeide/plugins/com.st.stm32cube.ide.mcu.externaltools.gnu-tools-for-stm32.10.3-2021.10.win32_1.0.0.202111181127/tools/bin/../lib/gcc/arm-none-eabi/10.3.1/thumb/v7e-m+fp/hard/crtbegin.o

.preinit_array  0x0000000008002874        0x0
                0x0000000008002874                . = ALIGN (0x4)
                0x0000000008002874                PROVIDE (__preinit_array_start = .)
 *(.preinit_array*)
                0x0000000008002874                PROVIDE (__preinit_array_end = .)
                0x0000000008002874                . = ALIGN (0x4)

.init_array     0x0000000008002874        0x4
                0x0000000008002874                . = ALIGN (0x4)
                0x0000000008002874                PROVIDE (__init_array_start = .)
 *(SORT_BY_NAME(.init_array.*))
 *(.init_array*)
 .init_array    0x0000000008002874        0x4 d:/stm/software/stm32cubeide_1.10.1/stm32cubeide/plugins/com.st.stm32cube.ide.mcu.externaltools.gnu-tools-for-stm32.10.3-2021.10.win32_1.0.0.202111181127/tools/bin/../lib/gcc/arm-none-eabi/10.3.1/thumb/v7e-m+fp/hard/crtbegin.o
                0x0000000008002878                PROVIDE (__init_array_end = .)
                0x0000000008002878                . = ALIGN (0x4)

.fini_array     0x0000000008002878        0x4
                0x0000000008002878                . = ALIGN (0x4)
                [!provide]                        PROVIDE (__fini_array_start = .)
 *(SORT_BY_NAME(.fini_array.*))
 *(.fini_array*)
 .fini_array    0x0000000008002878        0x4 d:/stm/software/stm32cubeide_1.10.1/stm32cubeide/plugins/com.st.stm32cube.ide.mcu.externaltools.gnu-tools-for-stm32.10.3-2021.10.win32_1.0.0.202111181127/tools/bin/../lib/gcc/arm-none-eabi/10.3.1/thumb/v7e-m+fp/hard/crtbegin.o
                [!provide]                        PROVIDE (__fini_array_end = .)
                0x000000000800287c                . = ALIGN (0x4)
                0x000000000800287c                _sidata = LOADADDR (.data)

.data           0x0000000020000000       0x38 load address 0x000000000800287c
                0x0000000020000000                . = ALIGN (0x4)
                0x0000000020000000                _sdata = .
 *(.data)
 *(.data*)
 .data.pozycja  0x0000000020000000        0x1 ./Core/Src/main.o
                0x0000000020000000                pozycja
 *fill*         0x0000000020000001        0x3 
 .data.menu     0x0000000020000004       0x24 ./Core/Src/main.o
                0x0000000020000004                menu
 .data.odswiezLCD
                0x0000000020000028        0x1 ./Core/Src/main.o
                0x0000000020000028                odswiezLCD
 *fill*         0x0000000020000029        0x3 
 .data.SystemCoreClock
                0x000000002000002c        0x4 ./Core/Src/system_stm32f7xx.o
                0x000000002000002c                SystemCoreClock
 .data.uwTickPrio
                0x0000000020000030        0x4 ./Drivers/STM32F7xx_HAL_Driver/Src/stm32f7xx_hal.o
                0x0000000020000030                uwTickPrio
 .data.uwTickFreq
                0x0000000020000034        0x1 ./Drivers/STM32F7xx_HAL_Driver/Src/stm32f7xx_hal.o
                0x0000000020000034                uwTickFreq
 *(.RamFunc)
 *(.RamFunc*)
                0x0000000020000038                . = ALIGN (0x4)
 *fill*         0x0000000020000035        0x3 
                0x0000000020000038                _edata = .

.igot.plt       0x0000000020000038        0x0 load address 0x00000000080028b4
 .igot.plt      0x0000000020000038        0x0 d:/stm/software/stm32cubeide_1.10.1/stm32cubeide/plugins/com.st.stm32cube.ide.mcu.externaltools.gnu-tools-for-stm32.10.3-2021.10.win32_1.0.0.202111181127/tools/bin/../lib/gcc/arm-none-eabi/10.3.1/thumb/v7e-m+fp/hard/crtbegin.o
                0x0000000020000038                . = ALIGN (0x4)

.bss            0x0000000020000038       0x34 load address 0x00000000080028b4
                0x0000000020000038                _sbss = .
                0x0000000020000038                __bss_start__ = _sbss
 *(.bss)
 .bss           0x0000000020000038       0x1c d:/stm/software/stm32cubeide_1.10.1/stm32cubeide/plugins/com.st.stm32cube.ide.mcu.externaltools.gnu-tools-for-stm32.10.3-2021.10.win32_1.0.0.202111181127/tools/bin/../lib/gcc/arm-none-eabi/10.3.1/thumb/v7e-m+fp/hard/crtbegin.o
 *(.bss*)
 .bss.GPIO_InitStruct
                0x0000000020000054       0x14 ./Core/Src/lcd.o
                0x0000000020000054                GPIO_InitStruct
 .bss.uwTick    0x0000000020000068        0x4 ./Drivers/STM32F7xx_HAL_Driver/Src/stm32f7xx_hal.o
                0x0000000020000068                uwTick
 *(COMMON)
                0x000000002000006c                . = ALIGN (0x4)
                0x000000002000006c                _ebss = .
                0x000000002000006c                __bss_end__ = _ebss

._user_heap_stack
                0x000000002000006c      0x604 load address 0x00000000080028b4
                0x0000000020000070                . = ALIGN (0x8)
 *fill*         0x000000002000006c        0x4 
                [!provide]                        PROVIDE (end = .)
                0x0000000020000070                PROVIDE (_end = .)
                0x0000000020000270                . = (. + _Min_Heap_Size)
 *fill*         0x0000000020000070      0x200 
                0x0000000020000670                . = (. + _Min_Stack_Size)
 *fill*         0x0000000020000270      0x400 
                0x0000000020000670                . = ALIGN (0x8)

/DISCARD/
 libc.a(*)
 libm.a(*)
 libgcc.a(*)

.ARM.attributes
                0x0000000000000000       0x30
 *(.ARM.attributes)
 .ARM.attributes
                0x0000000000000000       0x1e d:/stm/software/stm32cubeide_1.10.1/stm32cubeide/plugins/com.st.stm32cube.ide.mcu.externaltools.gnu-tools-for-stm32.10.3-2021.10.win32_1.0.0.202111181127/tools/bin/../lib/gcc/arm-none-eabi/10.3.1/thumb/v7e-m+fp/hard/crti.o
 .ARM.attributes
                0x000000000000001e       0x34 d:/stm/software/stm32cubeide_1.10.1/stm32cubeide/plugins/com.st.stm32cube.ide.mcu.externaltools.gnu-tools-for-stm32.10.3-2021.10.win32_1.0.0.202111181127/tools/bin/../lib/gcc/arm-none-eabi/10.3.1/thumb/v7e-m+fp/hard/crtbegin.o
 .ARM.attributes
                0x0000000000000052       0x34 ./Core/Src/gpio.o
 .ARM.attributes
                0x0000000000000086       0x34 ./Core/Src/lcd.o
 .ARM.attributes
                0x00000000000000ba       0x34 ./Core/Src/main.o
 .ARM.attributes
                0x00000000000000ee       0x34 ./Core/Src/stm32f7xx_hal_msp.o
 .ARM.attributes
                0x0000000000000122       0x34 ./Core/Src/stm32f7xx_it.o
 .ARM.attributes
                0x0000000000000156       0x34 ./Core/Src/system_stm32f7xx.o
 .ARM.attributes
                0x000000000000018a       0x21 ./Core/Startup/startup_stm32f746nghx.o
 .ARM.attributes
                0x00000000000001ab       0x34 ./Drivers/STM32F7xx_HAL_Driver/Src/stm32f7xx_hal.o
 .ARM.attributes
                0x00000000000001df       0x34 ./Drivers/STM32F7xx_HAL_Driver/Src/stm32f7xx_hal_cortex.o
 .ARM.attributes
                0x0000000000000213       0x34 ./Drivers/STM32F7xx_HAL_Driver/Src/stm32f7xx_hal_gpio.o
 .ARM.attributes
                0x0000000000000247       0x34 ./Drivers/STM32F7xx_HAL_Driver/Src/stm32f7xx_hal_rcc.o
 .ARM.attributes
                0x000000000000027b       0x34 d:/stm/software/stm32cubeide_1.10.1/stm32cubeide/plugins/com.st.stm32cube.ide.mcu.externaltools.gnu-tools-for-stm32.10.3-2021.10.win32_1.0.0.202111181127/tools/bin/../lib/gcc/arm-none-eabi/10.3.1/../../../../arm-none-eabi/lib/thumb/v7e-m+fp/hard\libc_nano.a(lib_a-init.o)
 .ARM.attributes
                0x00000000000002af       0x34 d:/stm/software/stm32cubeide_1.10.1/stm32cubeide/plugins/com.st.stm32cube.ide.mcu.externaltools.gnu-tools-for-stm32.10.3-2021.10.win32_1.0.0.202111181127/tools/bin/../lib/gcc/arm-none-eabi/10.3.1/../../../../arm-none-eabi/lib/thumb/v7e-m+fp/hard\libc_nano.a(lib_a-memset.o)
 .ARM.attributes
                0x00000000000002e3       0x1e d:/stm/software/stm32cubeide_1.10.1/stm32cubeide/plugins/com.st.stm32cube.ide.mcu.externaltools.gnu-tools-for-stm32.10.3-2021.10.win32_1.0.0.202111181127/tools/bin/../lib/gcc/arm-none-eabi/10.3.1/thumb/v7e-m+fp/hard\libgcc.a(_aeabi_uldivmod.o)
 .ARM.attributes
                0x0000000000000301       0x34 d:/stm/software/stm32cubeide_1.10.1/stm32cubeide/plugins/com.st.stm32cube.ide.mcu.externaltools.gnu-tools-for-stm32.10.3-2021.10.win32_1.0.0.202111181127/tools/bin/../lib/gcc/arm-none-eabi/10.3.1/thumb/v7e-m+fp/hard\libgcc.a(_udivmoddi4.o)
 .ARM.attributes
                0x0000000000000335       0x1e d:/stm/software/stm32cubeide_1.10.1/stm32cubeide/plugins/com.st.stm32cube.ide.mcu.externaltools.gnu-tools-for-stm32.10.3-2021.10.win32_1.0.0.202111181127/tools/bin/../lib/gcc/arm-none-eabi/10.3.1/thumb/v7e-m+fp/hard\libgcc.a(_dvmd_tls.o)
 .ARM.attributes
                0x0000000000000353       0x1e d:/stm/software/stm32cubeide_1.10.1/stm32cubeide/plugins/com.st.stm32cube.ide.mcu.externaltools.gnu-tools-for-stm32.10.3-2021.10.win32_1.0.0.202111181127/tools/bin/../lib/gcc/arm-none-eabi/10.3.1/thumb/v7e-m+fp/hard/crtn.o
OUTPUT(Cwiczenie_5a.elf elf32-littlearm)
LOAD linker stubs
LOAD d:/stm/software/stm32cubeide_1.10.1/stm32cubeide/plugins/com.st.stm32cube.ide.mcu.externaltools.gnu-tools-for-stm32.10.3-2021.10.win32_1.0.0.202111181127/tools/bin/../lib/gcc/arm-none-eabi/10.3.1/../../../../arm-none-eabi/lib/thumb/v7e-m+fp/hard\libc.a
LOAD d:/stm/software/stm32cubeide_1.10.1/stm32cubeide/plugins/com.st.stm32cube.ide.mcu.externaltools.gnu-tools-for-stm32.10.3-2021.10.win32_1.0.0.202111181127/tools/bin/../lib/gcc/arm-none-eabi/10.3.1/../../../../arm-none-eabi/lib/thumb/v7e-m+fp/hard\libm.a
LOAD d:/stm/software/stm32cubeide_1.10.1/stm32cubeide/plugins/com.st.stm32cube.ide.mcu.externaltools.gnu-tools-for-stm32.10.3-2021.10.win32_1.0.0.202111181127/tools/bin/../lib/gcc/arm-none-eabi/10.3.1/thumb/v7e-m+fp/hard\libgcc.a

.debug_info     0x0000000000000000     0x4966
 .debug_info    0x0000000000000000      0x580 ./Core/Src/gpio.o
 .debug_info    0x0000000000000580      0x4cb ./Core/Src/lcd.o
 .debug_info    0x0000000000000a4b      0x844 ./Core/Src/main.o
 .debug_info    0x000000000000128f      0x2d2 ./Core/Src/stm32f7xx_hal_msp.o
 .debug_info    0x0000000000001561      0x121 ./Core/Src/stm32f7xx_it.o
 .debug_info    0x0000000000001682      0x72c ./Core/Src/system_stm32f7xx.o
 .debug_info    0x0000000000001dae       0x22 ./Core/Startup/startup_stm32f746nghx.o
 .debug_info    0x0000000000001dd0      0xa0c ./Drivers/STM32F7xx_HAL_Driver/Src/stm32f7xx_hal.o
 .debug_info    0x00000000000027dc     0x105a ./Drivers/STM32F7xx_HAL_Driver/Src/stm32f7xx_hal_cortex.o
 .debug_info    0x0000000000003836      0x794 ./Drivers/STM32F7xx_HAL_Driver/Src/stm32f7xx_hal_gpio.o
 .debug_info    0x0000000000003fca      0x99c ./Drivers/STM32F7xx_HAL_Driver/Src/stm32f7xx_hal_rcc.o

.debug_abbrev   0x0000000000000000     0x1166
 .debug_abbrev  0x0000000000000000      0x146 ./Core/Src/gpio.o
 .debug_abbrev  0x0000000000000146      0x1ea ./Core/Src/lcd.o
 .debug_abbrev  0x0000000000000330      0x244 ./Core/Src/main.o
 .debug_abbrev  0x0000000000000574       0xd4 ./Core/Src/stm32f7xx_hal_msp.o
 .debug_abbrev  0x0000000000000648       0x74 ./Core/Src/stm32f7xx_it.o
 .debug_abbrev  0x00000000000006bc      0x136 ./Core/Src/system_stm32f7xx.o
 .debug_abbrev  0x00000000000007f2       0x12 ./Core/Startup/startup_stm32f746nghx.o
 .debug_abbrev  0x0000000000000804      0x20d ./Drivers/STM32F7xx_HAL_Driver/Src/stm32f7xx_hal.o
 .debug_abbrev  0x0000000000000a11      0x316 ./Drivers/STM32F7xx_HAL_Driver/Src/stm32f7xx_hal_cortex.o
 .debug_abbrev  0x0000000000000d27      0x1c4 ./Drivers/STM32F7xx_HAL_Driver/Src/stm32f7xx_hal_gpio.o
 .debug_abbrev  0x0000000000000eeb      0x27b ./Drivers/STM32F7xx_HAL_Driver/Src/stm32f7xx_hal_rcc.o

.debug_aranges  0x0000000000000000      0x4f0
 .debug_aranges
                0x0000000000000000       0x20 ./Core/Src/gpio.o
 .debug_aranges
                0x0000000000000020       0x98 ./Core/Src/lcd.o
 .debug_aranges
                0x00000000000000b8       0x70 ./Core/Src/main.o
 .debug_aranges
                0x0000000000000128       0x20 ./Core/Src/stm32f7xx_hal_msp.o
 .debug_aranges
                0x0000000000000148       0x60 ./Core/Src/stm32f7xx_it.o
 .debug_aranges
                0x00000000000001a8       0x28 ./Core/Src/system_stm32f7xx.o
 .debug_aranges
                0x00000000000001d0       0x28 ./Core/Startup/startup_stm32f746nghx.o
 .debug_aranges
                0x00000000000001f8      0x100 ./Drivers/STM32F7xx_HAL_Driver/Src/stm32f7xx_hal.o
 .debug_aranges
                0x00000000000002f8      0x118 ./Drivers/STM32F7xx_HAL_Driver/Src/stm32f7xx_hal_cortex.o
 .debug_aranges
                0x0000000000000410       0x58 ./Drivers/STM32F7xx_HAL_Driver/Src/stm32f7xx_hal_gpio.o
 .debug_aranges
                0x0000000000000468       0x88 ./Drivers/STM32F7xx_HAL_Driver/Src/stm32f7xx_hal_rcc.o

.debug_ranges   0x0000000000000000      0x448
 .debug_ranges  0x0000000000000000       0x10 ./Core/Src/gpio.o
 .debug_ranges  0x0000000000000010       0x88 ./Core/Src/lcd.o
 .debug_ranges  0x0000000000000098       0x60 ./Core/Src/main.o
 .debug_ranges  0x00000000000000f8       0x10 ./Core/Src/stm32f7xx_hal_msp.o
 .debug_ranges  0x0000000000000108       0x50 ./Core/Src/stm32f7xx_it.o
 .debug_ranges  0x0000000000000158       0x18 ./Core/Src/system_stm32f7xx.o
 .debug_ranges  0x0000000000000170       0x20 ./Core/Startup/startup_stm32f746nghx.o
 .debug_ranges  0x0000000000000190       0xf0 ./Drivers/STM32F7xx_HAL_Driver/Src/stm32f7xx_hal.o
 .debug_ranges  0x0000000000000280      0x108 ./Drivers/STM32F7xx_HAL_Driver/Src/stm32f7xx_hal_cortex.o
 .debug_ranges  0x0000000000000388       0x48 ./Drivers/STM32F7xx_HAL_Driver/Src/stm32f7xx_hal_gpio.o
 .debug_ranges  0x00000000000003d0       0x78 ./Drivers/STM32F7xx_HAL_Driver/Src/stm32f7xx_hal_rcc.o

.debug_macro    0x0000000000000000    0x2425d
 .debug_macro   0x0000000000000000      0x1d3 ./Core/Src/gpio.o
 .debug_macro   0x00000000000001d3      0xa78 ./Core/Src/gpio.o
 .debug_macro   0x0000000000000c4b      0x287 ./Core/Src/gpio.o
 .debug_macro   0x0000000000000ed2       0x2e ./Core/Src/gpio.o
 .debug_macro   0x0000000000000f00       0x3b ./Core/Src/gpio.o
 .debug_macro   0x0000000000000f3b       0x22 ./Core/Src/gpio.o
 .debug_macro   0x0000000000000f5d       0x8e ./Core/Src/gpio.o
 .debug_macro   0x0000000000000feb       0x51 ./Core/Src/gpio.o
 .debug_macro   0x000000000000103c      0x103 ./Core/Src/gpio.o
 .debug_macro   0x000000000000113f       0x6a ./Core/Src/gpio.o
 .debug_macro   0x00000000000011a9      0x1df ./Core/Src/gpio.o
 .debug_macro   0x0000000000001388       0x1c ./Core/Src/gpio.o
 .debug_macro   0x00000000000013a4       0x22 ./Core/Src/gpio.o
 .debug_macro   0x00000000000013c6       0xd9 ./Core/Src/gpio.o
 .debug_macro   0x000000000000149f     0x12cd ./Core/Src/gpio.o
 .debug_macro   0x000000000000276c      0x11f ./Core/Src/gpio.o
 .debug_macro   0x000000000000288b       0x19 ./Core/Src/gpio.o
 .debug_macro   0x00000000000028a4    0x1920a ./Core/Src/gpio.o
 .debug_macro   0x000000000001baae       0x6d ./Core/Src/gpio.o
 .debug_macro   0x000000000001bb1b     0x3749 ./Core/Src/gpio.o
 .debug_macro   0x000000000001f264      0x174 ./Core/Src/gpio.o
 .debug_macro   0x000000000001f3d8       0x63 ./Core/Src/gpio.o
 .debug_macro   0x000000000001f43b     0x18ad ./Core/Src/gpio.o
 .debug_macro   0x0000000000020ce8      0x6c4 ./Core/Src/gpio.o
 .debug_macro   0x00000000000213ac      0x185 ./Core/Src/gpio.o
 .debug_macro   0x0000000000021531      0x115 ./Core/Src/gpio.o
 .debug_macro   0x0000000000021646      0x1fd ./Core/Src/gpio.o
 .debug_macro   0x0000000000021843       0xa5 ./Core/Src/gpio.o
 .debug_macro   0x00000000000218e8      0x24f ./Core/Src/gpio.o
 .debug_macro   0x0000000000021b37       0x41 ./Core/Src/gpio.o
 .debug_macro   0x0000000000021b78       0x58 ./Core/Src/gpio.o
 .debug_macro   0x0000000000021bd0      0x236 ./Core/Src/gpio.o
 .debug_macro   0x0000000000021e06      0x14e ./Core/Src/gpio.o
 .debug_macro   0x0000000000021f54      0x25a ./Core/Src/gpio.o
 .debug_macro   0x00000000000221ae       0x12 ./Core/Src/gpio.o
 .debug_macro   0x00000000000221c0      0x22c ./Core/Src/gpio.o
 .debug_macro   0x00000000000223ec       0x61 ./Core/Src/gpio.o
 .debug_macro   0x000000000002244d       0xa5 ./Core/Src/gpio.o
 .debug_macro   0x00000000000224f2      0x12e ./Core/Src/gpio.o
 .debug_macro   0x0000000000022620      0x108 ./Core/Src/gpio.o
 .debug_macro   0x0000000000022728       0x35 ./Core/Src/gpio.o
 .debug_macro   0x000000000002275d      0x14d ./Core/Src/gpio.o
 .debug_macro   0x00000000000228aa      0x88e ./Core/Src/gpio.o
 .debug_macro   0x0000000000023138      0x1dc ./Core/Src/lcd.o
 .debug_macro   0x0000000000023314       0xb2 ./Core/Src/lcd.o
 .debug_macro   0x00000000000233c6      0x1e9 ./Core/Src/main.o
 .debug_macro   0x00000000000235af       0x22 ./Core/Src/main.o
 .debug_macro   0x00000000000235d1      0x1c9 ./Core/Src/stm32f7xx_hal_msp.o
 .debug_macro   0x000000000002379a      0x1d3 ./Core/Src/stm32f7xx_it.o
 .debug_macro   0x000000000002396d      0x1ba ./Core/Src/system_stm32f7xx.o
 .debug_macro   0x0000000000023b27      0x1de ./Drivers/STM32F7xx_HAL_Driver/Src/stm32f7xx_hal.o
 .debug_macro   0x0000000000023d05      0x1ba ./Drivers/STM32F7xx_HAL_Driver/Src/stm32f7xx_hal_cortex.o
 .debug_macro   0x0000000000023ebf      0x1c0 ./Drivers/STM32F7xx_HAL_Driver/Src/stm32f7xx_hal_gpio.o
 .debug_macro   0x000000000002407f      0x1de ./Drivers/STM32F7xx_HAL_Driver/Src/stm32f7xx_hal_rcc.o

.debug_line     0x0000000000000000     0x61a8
 .debug_line    0x0000000000000000      0xa12 ./Core/Src/gpio.o
 .debug_line    0x0000000000000a12      0xa07 ./Core/Src/lcd.o
 .debug_line    0x0000000000001419      0x89f ./Core/Src/main.o
 .debug_line    0x0000000000001cb8      0x6aa ./Core/Src/stm32f7xx_hal_msp.o
 .debug_line    0x0000000000002362      0x76d ./Core/Src/stm32f7xx_it.o
 .debug_line    0x0000000000002acf      0x72a ./Core/Src/system_stm32f7xx.o
 .debug_line    0x00000000000031f9       0x88 ./Core/Startup/startup_stm32f746nghx.o
 .debug_line    0x0000000000003281      0x9bb ./Drivers/STM32F7xx_HAL_Driver/Src/stm32f7xx_hal.o
 .debug_line    0x0000000000003c3c      0xc41 ./Drivers/STM32F7xx_HAL_Driver/Src/stm32f7xx_hal_cortex.o
 .debug_line    0x000000000000487d      0xb2f ./Drivers/STM32F7xx_HAL_Driver/Src/stm32f7xx_hal_gpio.o
 .debug_line    0x00000000000053ac      0xdfc ./Drivers/STM32F7xx_HAL_Driver/Src/stm32f7xx_hal_rcc.o

.debug_str      0x0000000000000000    0xde850
 .debug_str     0x0000000000000000    0xdce61 ./Core/Src/gpio.o
                                      0xdd527 (size before relaxing)
 .debug_str     0x00000000000dce61      0x3e6 ./Core/Src/lcd.o
                                      0xdd7c2 (size before relaxing)
 .debug_str     0x00000000000dd247      0x294 ./Core/Src/main.o
                                      0xdda20 (size before relaxing)
 .debug_str     0x00000000000dd4db       0x2c ./Core/Src/stm32f7xx_hal_msp.o
                                      0xdd44a (size before relaxing)
 .debug_str     0x00000000000dd507       0xc9 ./Core/Src/stm32f7xx_it.o
                                      0xdd3b3 (size before relaxing)
 .debug_str     0x00000000000dd5d0      0x1a4 ./Core/Src/system_stm32f7xx.o
                                      0xdb77f (size before relaxing)
 .debug_str     0x00000000000dd774       0x80 ./Core/Startup/startup_stm32f746nghx.o
 .debug_str     0x00000000000dd7f4      0x9b9 ./Drivers/STM32F7xx_HAL_Driver/Src/stm32f7xx_hal.o
                                      0xdc0e8 (size before relaxing)
 .debug_str     0x00000000000de1ad      0x35b ./Drivers/STM32F7xx_HAL_Driver/Src/stm32f7xx_hal_cortex.o
                                      0xdc0d3 (size before relaxing)
 .debug_str     0x00000000000de508       0xf6 ./Drivers/STM32F7xx_HAL_Driver/Src/stm32f7xx_hal_gpio.o
                                      0xdb83d (size before relaxing)
 .debug_str     0x00000000000de5fe      0x252 ./Drivers/STM32F7xx_HAL_Driver/Src/stm32f7xx_hal_rcc.o
                                      0xdbae1 (size before relaxing)

.comment        0x0000000000000000       0x50
 .comment       0x0000000000000000       0x50 ./Core/Src/gpio.o
                                         0x51 (size before relaxing)
 .comment       0x0000000000000050       0x51 ./Core/Src/lcd.o
 .comment       0x0000000000000050       0x51 ./Core/Src/main.o
 .comment       0x0000000000000050       0x51 ./Core/Src/stm32f7xx_hal_msp.o
 .comment       0x0000000000000050       0x51 ./Core/Src/stm32f7xx_it.o
 .comment       0x0000000000000050       0x51 ./Core/Src/system_stm32f7xx.o
 .comment       0x0000000000000050       0x51 ./Drivers/STM32F7xx_HAL_Driver/Src/stm32f7xx_hal.o
 .comment       0x0000000000000050       0x51 ./Drivers/STM32F7xx_HAL_Driver/Src/stm32f7xx_hal_cortex.o
 .comment       0x0000000000000050       0x51 ./Drivers/STM32F7xx_HAL_Driver/Src/stm32f7xx_hal_gpio.o
 .comment       0x0000000000000050       0x51 ./Drivers/STM32F7xx_HAL_Driver/Src/stm32f7xx_hal_rcc.o

.debug_frame    0x0000000000000000     0x1198
 .debug_frame   0x0000000000000000       0x38 ./Core/Src/gpio.o
 .debug_frame   0x0000000000000038      0x228 ./Core/Src/lcd.o
 .debug_frame   0x0000000000000260      0x168 ./Core/Src/main.o
 .debug_frame   0x00000000000003c8       0x38 ./Core/Src/stm32f7xx_hal_msp.o
 .debug_frame   0x0000000000000400      0x104 ./Core/Src/stm32f7xx_it.o
 .debug_frame   0x0000000000000504       0x58 ./Core/Src/system_stm32f7xx.o
 .debug_frame   0x000000000000055c      0x3b4 ./Drivers/STM32F7xx_HAL_Driver/Src/stm32f7xx_hal.o
 .debug_frame   0x0000000000000910      0x498 ./Drivers/STM32F7xx_HAL_Driver/Src/stm32f7xx_hal_cortex.o
 .debug_frame   0x0000000000000da8      0x14c ./Drivers/STM32F7xx_HAL_Driver/Src/stm32f7xx_hal_gpio.o
 .debug_frame   0x0000000000000ef4      0x1f8 ./Drivers/STM32F7xx_HAL_Driver/Src/stm32f7xx_hal_rcc.o
 .debug_frame   0x00000000000010ec       0x2c d:/stm/software/stm32cubeide_1.10.1/stm32cubeide/plugins/com.st.stm32cube.ide.mcu.externaltools.gnu-tools-for-stm32.10.3-2021.10.win32_1.0.0.202111181127/tools/bin/../lib/gcc/arm-none-eabi/10.3.1/../../../../arm-none-eabi/lib/thumb/v7e-m+fp/hard\libc_nano.a(lib_a-init.o)
 .debug_frame   0x0000000000001118       0x20 d:/stm/software/stm32cubeide_1.10.1/stm32cubeide/plugins/com.st.stm32cube.ide.mcu.externaltools.gnu-tools-for-stm32.10.3-2021.10.win32_1.0.0.202111181127/tools/bin/../lib/gcc/arm-none-eabi/10.3.1/../../../../arm-none-eabi/lib/thumb/v7e-m+fp/hard\libc_nano.a(lib_a-memset.o)
 .debug_frame   0x0000000000001138       0x2c d:/stm/software/stm32cubeide_1.10.1/stm32cubeide/plugins/com.st.stm32cube.ide.mcu.externaltools.gnu-tools-for-stm32.10.3-2021.10.win32_1.0.0.202111181127/tools/bin/../lib/gcc/arm-none-eabi/10.3.1/thumb/v7e-m+fp/hard\libgcc.a(_aeabi_uldivmod.o)
 .debug_frame   0x0000000000001164       0x34 d:/stm/software/stm32cubeide_1.10.1/stm32cubeide/plugins/com.st.stm32cube.ide.mcu.externaltools.gnu-tools-for-stm32.10.3-2021.10.win32_1.0.0.202111181127/tools/bin/../lib/gcc/arm-none-eabi/10.3.1/thumb/v7e-m+fp/hard\libgcc.a(_udivmoddi4.o)
