Archive member included to satisfy reference by file (symbol)

d:/stm/software/stm32cubeide_1.10.1/stm32cubeide/plugins/com.st.stm32cube.ide.mcu.externaltools.gnu-tools-for-stm32.10.3-2021.10.win32_1.0.0.202111181127/tools/bin/../lib/gcc/arm-none-eabi/10.3.1/../../../../arm-none-eabi/lib/thumb/v7e-m+fp/hard\libc_nano.a(lib_a-errno.o)
                              ./Core/Src/syscalls.o (__errno)
d:/stm/software/stm32cubeide_1.10.1/stm32cubeide/plugins/com.st.stm32cube.ide.mcu.externaltools.gnu-tools-for-stm32.10.3-2021.10.win32_1.0.0.202111181127/tools/bin/../lib/gcc/arm-none-eabi/10.3.1/../../../../arm-none-eabi/lib/thumb/v7e-m+fp/hard\libc_nano.a(lib_a-exit.o)
                              d:/stm/software/stm32cubeide_1.10.1/stm32cubeide/plugins/com.st.stm32cube.ide.mcu.externaltools.gnu-tools-for-stm32.10.3-2021.10.win32_1.0.0.202111181127/tools/bin/../lib/gcc/arm-none-eabi/10.3.1/../../../../arm-none-eabi/lib/thumb/v7e-m+fp/hard/crt0.o (exit)
d:/stm/software/stm32cubeide_1.10.1/stm32cubeide/plugins/com.st.stm32cube.ide.mcu.externaltools.gnu-tools-for-stm32.10.3-2021.10.win32_1.0.0.202111181127/tools/bin/../lib/gcc/arm-none-eabi/10.3.1/../../../../arm-none-eabi/lib/thumb/v7e-m+fp/hard\libc_nano.a(lib_a-impure.o)
                              d:/stm/software/stm32cubeide_1.10.1/stm32cubeide/plugins/com.st.stm32cube.ide.mcu.externaltools.gnu-tools-for-stm32.10.3-2021.10.win32_1.0.0.202111181127/tools/bin/../lib/gcc/arm-none-eabi/10.3.1/../../../../arm-none-eabi/lib/thumb/v7e-m+fp/hard\libc_nano.a(lib_a-exit.o) (_global_impure_ptr)
d:/stm/software/stm32cubeide_1.10.1/stm32cubeide/plugins/com.st.stm32cube.ide.mcu.externaltools.gnu-tools-for-stm32.10.3-2021.10.win32_1.0.0.202111181127/tools/bin/../lib/gcc/arm-none-eabi/10.3.1/../../../../arm-none-eabi/lib/thumb/v7e-m+fp/hard\libc_nano.a(lib_a-init.o)
                              d:/stm/software/stm32cubeide_1.10.1/stm32cubeide/plugins/com.st.stm32cube.ide.mcu.externaltools.gnu-tools-for-stm32.10.3-2021.10.win32_1.0.0.202111181127/tools/bin/../lib/gcc/arm-none-eabi/10.3.1/../../../../arm-none-eabi/lib/thumb/v7e-m+fp/hard/crt0.o (__libc_init_array)
d:/stm/software/stm32cubeide_1.10.1/stm32cubeide/plugins/com.st.stm32cube.ide.mcu.externaltools.gnu-tools-for-stm32.10.3-2021.10.win32_1.0.0.202111181127/tools/bin/../lib/gcc/arm-none-eabi/10.3.1/../../../../arm-none-eabi/lib/thumb/v7e-m+fp/hard\libc_nano.a(lib_a-memset.o)
                              d:/stm/software/stm32cubeide_1.10.1/stm32cubeide/plugins/com.st.stm32cube.ide.mcu.externaltools.gnu-tools-for-stm32.10.3-2021.10.win32_1.0.0.202111181127/tools/bin/../lib/gcc/arm-none-eabi/10.3.1/../../../../arm-none-eabi/lib/thumb/v7e-m+fp/hard/crt0.o (memset)
d:/stm/software/stm32cubeide_1.10.1/stm32cubeide/plugins/com.st.stm32cube.ide.mcu.externaltools.gnu-tools-for-stm32.10.3-2021.10.win32_1.0.0.202111181127/tools/bin/../lib/gcc/arm-none-eabi/10.3.1/thumb/v7e-m+fp/hard\libgcc.a(_aeabi_uldivmod.o)
                              ./Drivers/STM32F7xx_HAL_Driver/Src/stm32f7xx_hal_rcc.o (__aeabi_uldivmod)
d:/stm/software/stm32cubeide_1.10.1/stm32cubeide/plugins/com.st.stm32cube.ide.mcu.externaltools.gnu-tools-for-stm32.10.3-2021.10.win32_1.0.0.202111181127/tools/bin/../lib/gcc/arm-none-eabi/10.3.1/thumb/v7e-m+fp/hard\libgcc.a(_udivmoddi4.o)
                              d:/stm/software/stm32cubeide_1.10.1/stm32cubeide/plugins/com.st.stm32cube.ide.mcu.externaltools.gnu-tools-for-stm32.10.3-2021.10.win32_1.0.0.202111181127/tools/bin/../lib/gcc/arm-none-eabi/10.3.1/thumb/v7e-m+fp/hard\libgcc.a(_aeabi_uldivmod.o) (__udivmoddi4)
d:/stm/software/stm32cubeide_1.10.1/stm32cubeide/plugins/com.st.stm32cube.ide.mcu.externaltools.gnu-tools-for-stm32.10.3-2021.10.win32_1.0.0.202111181127/tools/bin/../lib/gcc/arm-none-eabi/10.3.1/thumb/v7e-m+fp/hard\libgcc.a(_dvmd_tls.o)
                              d:/stm/software/stm32cubeide_1.10.1/stm32cubeide/plugins/com.st.stm32cube.ide.mcu.externaltools.gnu-tools-for-stm32.10.3-2021.10.win32_1.0.0.202111181127/tools/bin/../lib/gcc/arm-none-eabi/10.3.1/thumb/v7e-m+fp/hard\libgcc.a(_aeabi_uldivmod.o) (__aeabi_ldiv0)

Discarded input sections

 .text          0x0000000000000000        0x0 d:/stm/software/stm32cubeide_1.10.1/stm32cubeide/plugins/com.st.stm32cube.ide.mcu.externaltools.gnu-tools-for-stm32.10.3-2021.10.win32_1.0.0.202111181127/tools/bin/../lib/gcc/arm-none-eabi/10.3.1/thumb/v7e-m+fp/hard/crti.o
 .data          0x0000000000000000        0x0 d:/stm/software/stm32cubeide_1.10.1/stm32cubeide/plugins/com.st.stm32cube.ide.mcu.externaltools.gnu-tools-for-stm32.10.3-2021.10.win32_1.0.0.202111181127/tools/bin/../lib/gcc/arm-none-eabi/10.3.1/thumb/v7e-m+fp/hard/crti.o
 .bss           0x0000000000000000        0x0 d:/stm/software/stm32cubeide_1.10.1/stm32cubeide/plugins/com.st.stm32cube.ide.mcu.externaltools.gnu-tools-for-stm32.10.3-2021.10.win32_1.0.0.202111181127/tools/bin/../lib/gcc/arm-none-eabi/10.3.1/thumb/v7e-m+fp/hard/crti.o
[...]
Memory Configuration

Name             Origin             Length             Attributes
RAM              0x0000000020000000 0x0000000000050000 xrw
FLASH            0x0000000008000000 0x0000000000100000 xr
*default*        0x0000000000000000 0xffffffffffffffff

Linker script and memory map

LOAD d:/stm/software/stm32cubeide_1.10.1/stm32cubeide/plugins/com.st.stm32cube.ide.mcu.externaltools.gnu-tools-for-stm32.10.3-2021.10.win32_1.0.0.202111181127/tools/bin/../lib/gcc/arm-none-eabi/10.3.1/thumb/v7e-m+fp/hard/crti.o
LOAD d:/stm/software/stm32cubeide_1.10.1/stm32cubeide/plugins/com.st.stm32cube.ide.mcu.externaltools.gnu-tools-for-stm32.10.3-2021.10.win32_1.0.0.202111181127/tools/bin/../lib/gcc/arm-none-eabi/10.3.1/thumb/v7e-m+fp/hard/crtbegin.o
LOAD d:/stm/software/stm32cubeide_1.10.1/stm32cubeide/plugins/com.st.stm32cube.ide.mcu.externaltools.gnu-tools-for-stm32.10.3-2021.10.win32_1.0.0.202111181127/tools/bin/../lib/gcc/arm-none-eabi/10.3.1/../../../../arm-none-eabi/lib/thumb/v7e-m+fp/hard/crt0.o
LOAD ./Core/Src/gpio.o
LOAD ./Core/Src/kb4x4_lib.o
LOAD ./Core/Src/lcd.o
LOAD ./Core/Src/main.o
LOAD ./Core/Src/stm32f7xx_hal_msp.o
LOAD ./Core/Src/stm32f7xx_it.o
LOAD ./Core/Src/syscalls.o
LOAD ./Core/Src/sysmem.o
LOAD ./Core/Src/system_stm32f7xx.o
LOAD ./Core/Startup/startup_stm32f746nghx.o
LOAD ./Drivers/STM32F7xx_HAL_Driver/Src/stm32f7xx_hal.o
LOAD ./Drivers/STM32F7xx_HAL_Driver/Src/stm32f7xx_hal_cortex.o
LOAD ./Drivers/STM32F7xx_HAL_Driver/Src/stm32f7xx_hal_dma.o
LOAD ./Drivers/STM32F7xx_HAL_Driver/Src/stm32f7xx_hal_dma_ex.o
LOAD ./Drivers/STM32F7xx_HAL_Driver/Src/stm32f7xx_hal_exti.o
LOAD ./Drivers/STM32F7xx_HAL_Driver/Src/stm32f7xx_hal_flash.o
LOAD ./Drivers/STM32F7xx_HAL_Driver/Src/stm32f7xx_hal_flash_ex.o
LOAD ./Drivers/STM32F7xx_HAL_Driver/Src/stm32f7xx_hal_gpio.o
LOAD ./Drivers/STM32F7xx_HAL_Driver/Src/stm32f7xx_hal_i2c.o
LOAD ./Drivers/STM32F7xx_HAL_Driver/Src/stm32f7xx_hal_i2c_ex.o
LOAD ./Drivers/STM32F7xx_HAL_Driver/Src/stm32f7xx_hal_pwr.o
LOAD ./Drivers/STM32F7xx_HAL_Driver/Src/stm32f7xx_hal_pwr_ex.o
LOAD ./Drivers/STM32F7xx_HAL_Driver/Src/stm32f7xx_hal_rcc.o
LOAD ./Drivers/STM32F7xx_HAL_Driver/Src/stm32f7xx_hal_rcc_ex.o
START GROUP
LOAD d:/stm/software/stm32cubeide_1.10.1/stm32cubeide/plugins/com.st.stm32cube.ide.mcu.externaltools.gnu-tools-for-stm32.10.3-2021.10.win32_1.0.0.202111181127/tools/bin/../lib/gcc/arm-none-eabi/10.3.1/../../../../arm-none-eabi/lib/thumb/v7e-m+fp/hard\libc_nano.a
LOAD d:/stm/software/stm32cubeide_1.10.1/stm32cubeide/plugins/com.st.stm32cube.ide.mcu.externaltools.gnu-tools-for-stm32.10.3-2021.10.win32_1.0.0.202111181127/tools/bin/../lib/gcc/arm-none-eabi/10.3.1/../../../../arm-none-eabi/lib/thumb/v7e-m+fp/hard\libm.a
END GROUP
START GROUP
LOAD d:/stm/software/stm32cubeide_1.10.1/stm32cubeide/plugins/com.st.stm32cube.ide.mcu.externaltools.gnu-tools-for-stm32.10.3-2021.10.win32_1.0.0.202111181127/tools/bin/../lib/gcc/arm-none-eabi/10.3.1/thumb/v7e-m+fp/hard\libgcc.a
LOAD d:/stm/software/stm32cubeide_1.10.1/stm32cubeide/plugins/com.st.stm32cube.ide.mcu.externaltools.gnu-tools-for-stm32.10.3-2021.10.win32_1.0.0.202111181127/tools/bin/../lib/gcc/arm-none-eabi/10.3.1/../../../../arm-none-eabi/lib/thumb/v7e-m+fp/hard\libc_nano.a
END GROUP
START GROUP
LOAD d:/stm/software/stm32cubeide_1.10.1/stm32cubeide/plugins/com.st.stm32cube.ide.mcu.externaltools.gnu-tools-for-stm32.10.3-2021.10.win32_1.0.0.202111181127/tools/bin/../lib/gcc/arm-none-eabi/10.3.1/thumb/v7e-m+fp/hard\libgcc.a
LOAD d:/stm/software/stm32cubeide_1.10.1/stm32cubeide/plugins/com.st.stm32cube.ide.mcu.externaltools.gnu-tools-for-stm32.10.3-2021.10.win32_1.0.0.202111181127/tools/bin/../lib/gcc/arm-none-eabi/10.3.1/../../../../arm-none-eabi/lib/thumb/v7e-m+fp/hard\libc_nano.a
LOAD d:/stm/software/stm32cubeide_1.10.1/stm32cubeide/plugins/com.st.stm32cube.ide.mcu.externaltools.gnu-tools-for-stm32.10.3-2021.10.win32_1.0.0.202111181127/tools/bin/../lib/gcc/arm-none-eabi/10.3.1/../../../../arm-none-eabi/lib/thumb/v7e-m+fp/hard\libnosys.a
END GROUP
START GROUP
LOAD d:/stm/software/stm32cubeide_1.10.1/stm32cubeide/plugins/com.st.stm32cube.ide.mcu.externaltools.gnu-tools-for-stm32.10.3-2021.10.win32_1.0.0.202111181127/tools/bin/../lib/gcc/arm-none-eabi/10.3.1/thumb/v7e-m+fp/hard\libgcc.a
LOAD d:/stm/software/stm32cubeide_1.10.1/stm32cubeide/plugins/com.st.stm32cube.ide.mcu.externaltools.gnu-tools-for-stm32.10.3-2021.10.win32_1.0.0.202111181127/tools/bin/../lib/gcc/arm-none-eabi/10.3.1/../../../../arm-none-eabi/lib/thumb/v7e-m+fp/hard\libc_nano.a
LOAD d:/stm/software/stm32cubeide_1.10.1/stm32cubeide/plugins/com.st.stm32cube.ide.mcu.externaltools.gnu-tools-for-stm32.10.3-2021.10.win32_1.0.0.202111181127/tools/bin/../lib/gcc/arm-none-eabi/10.3.1/../../../../arm-none-eabi/lib/thumb/v7e-m+fp/hard\libnosys.a
END GROUP
LOAD d:/stm/software/stm32cubeide_1.10.1/stm32cubeide/plugins/com.st.stm32cube.ide.mcu.externaltools.gnu-tools-for-stm32.10.3-2021.10.win32_1.0.0.202111181127/tools/bin/../lib/gcc/arm-none-eabi/10.3.1/thumb/v7e-m+fp/hard/crtend.o
LOAD d:/stm/software/stm32cubeide_1.10.1/stm32cubeide/plugins/com.st.stm32cube.ide.mcu.externaltools.gnu-tools-for-stm32.10.3-2021.10.win32_1.0.0.202111181127/tools/bin/../lib/gcc/arm-none-eabi/10.3.1/thumb/v7e-m+fp/hard/crtn.o
                0x0000000020050000                _estack = (ORIGIN (RAM) + LENGTH (RAM))
                0x0000000000000200                _Min_Heap_Size = 0x200
                0x0000000000000400                _Min_Stack_Size = 0x400

.isr_vector     0x0000000008000000      0x1c8
                0x0000000008000000                . = ALIGN (0x4)
 *(.isr_vector)
 .isr_vector    0x0000000008000000      0x1c8 ./Core/Startup/startup_stm32f746nghx.o
                0x0000000008000000                g_pfnVectors
                0x00000000080001c8                . = ALIGN (0x4)

.text           0x00000000080001c8     0x2310
                0x00000000080001c8                . = ALIGN (0x4)
 *(.text)
 .text          0x00000000080001c8       0x40 d:/stm/software/stm32cubeide_1.10.1/stm32cubeide/plugins/com.st.stm32cube.ide.mcu.externaltools.gnu-tools-for-stm32.10.3-2021.10.win32_1.0.0.202111181127/tools/bin/../lib/gcc/arm-none-eabi/10.3.1/thumb/v7e-m+fp/hard/crtbegin.o
 .text          0x0000000008000208       0x30 d:/stm/software/stm32cubeide_1.10.1/stm32cubeide/plugins/com.st.stm32cube.ide.mcu.externaltools.gnu-tools-for-stm32.10.3-2021.10.win32_1.0.0.202111181127/tools/bin/../lib/gcc/arm-none-eabi/10.3.1/thumb/v7e-m+fp/hard\libgcc.a(_aeabi_uldivmod.o)
                0x0000000008000208                __aeabi_uldivmod
 .text          0x0000000008000238      0x2d0 d:/stm/software/stm32cubeide_1.10.1/stm32cubeide/plugins/com.st.stm32cube.ide.mcu.externaltools.gnu-tools-for-stm32.10.3-2021.10.win32_1.0.0.202111181127/tools/bin/../lib/gcc/arm-none-eabi/10.3.1/thumb/v7e-m+fp/hard\libgcc.a(_udivmoddi4.o)
                0x0000000008000238                __udivmoddi4
 .text          0x0000000008000508        0x4 d:/stm/software/stm32cubeide_1.10.1/stm32cubeide/plugins/com.st.stm32cube.ide.mcu.externaltools.gnu-tools-for-stm32.10.3-2021.10.win32_1.0.0.202111181127/tools/bin/../lib/gcc/arm-none-eabi/10.3.1/thumb/v7e-m+fp/hard\libgcc.a(_dvmd_tls.o)
                0x0000000008000508                __aeabi_idiv0
                0x0000000008000508                __aeabi_ldiv0
 *(.text*)
 .text.MX_GPIO_Init
                0x000000000800050c      0x94c ./Core/Src/gpio.o
                0x000000000800050c                MX_GPIO_Init
 .text.LCD_WriteNibble
                0x0000000008000e58       0x80 ./Core/Src/lcd.o
                0x0000000008000e58                LCD_WriteNibble
 .text.LCD_ReadNibble
                0x0000000008000ed8       0x98 ./Core/Src/lcd.o
                0x0000000008000ed8                LCD_ReadNibble
 .text.LCD_SetDataPinInput
                0x0000000008000f70       0x9c ./Core/Src/lcd.o
                0x0000000008000f70                LCD_SetDataPinInput
 .text.LCD_SetDataPinOutput
                0x000000000800100c       0x9c ./Core/Src/lcd.o
                0x000000000800100c                LCD_SetDataPinOutput
 .text.LCD_ReadStatus
                0x00000000080010a8       0x58 ./Core/Src/lcd.o
                0x00000000080010a8                LCD_ReadStatus
 .text.LCD_WriteData
                0x0000000008001100       0x54 ./Core/Src/lcd.o
                0x0000000008001100                LCD_WriteData
 .text.LCD_WriteCommand
                0x0000000008001154       0x54 ./Core/Src/lcd.o
                0x0000000008001154                LCD_WriteCommand
 .text.LCD_GoTo
                0x00000000080011a8       0x34 ./Core/Src/lcd.o
                0x00000000080011a8                LCD_GoTo
 .text.LCD_WriteTextXY
                0x00000000080011dc       0x3e ./Core/Src/lcd.o
                0x00000000080011dc                LCD_WriteTextXY
 *fill*         0x000000000800121a        0x2 
 .text.LCD_SetControlPinOutput
                0x000000000800121c       0x94 ./Core/Src/lcd.o
                0x000000000800121c                LCD_SetControlPinOutput
 .text.LCD_Initialize
                0x00000000080012b0       0xa4 ./Core/Src/lcd.o
                0x00000000080012b0                LCD_Initialize
 .text.main     0x0000000008001354       0x38 ./Core/Src/main.o
                0x0000000008001354                main
 .text.SystemClock_Config
                0x000000000800138c       0xd0 ./Core/Src/main.o
                0x000000000800138c                SystemClock_Config
 .text.Error_Handler
                0x000000000800145c        0xa ./Core/Src/main.o
                0x000000000800145c                Error_Handler
 *fill*         0x0000000008001466        0x2 
 .text.HAL_MspInit
                0x0000000008001468       0x48 ./Core/Src/stm32f7xx_hal_msp.o
                0x0000000008001468                HAL_MspInit
 .text.NMI_Handler
                0x00000000080014b0        0x6 ./Core/Src/stm32f7xx_it.o
                0x00000000080014b0                NMI_Handler
 .text.HardFault_Handler
                0x00000000080014b6        0x6 ./Core/Src/stm32f7xx_it.o
                0x00000000080014b6                HardFault_Handler
 .text.MemManage_Handler
                0x00000000080014bc        0x6 ./Core/Src/stm32f7xx_it.o
                0x00000000080014bc                MemManage_Handler
 .text.BusFault_Handler
                0x00000000080014c2        0x6 ./Core/Src/stm32f7xx_it.o
                0x00000000080014c2                BusFault_Handler
 .text.UsageFault_Handler
                0x00000000080014c8        0x6 ./Core/Src/stm32f7xx_it.o
                0x00000000080014c8                UsageFault_Handler
 .text.SVC_Handler
                0x00000000080014ce        0xe ./Core/Src/stm32f7xx_it.o
                0x00000000080014ce                SVC_Handler
 .text.DebugMon_Handler
                0x00000000080014dc        0xe ./Core/Src/stm32f7xx_it.o
                0x00000000080014dc                DebugMon_Handler
 .text.PendSV_Handler
                0x00000000080014ea        0xe ./Core/Src/stm32f7xx_it.o
                0x00000000080014ea                PendSV_Handler
 .text.SysTick_Handler
                0x00000000080014f8        0xc ./Core/Src/stm32f7xx_it.o
                0x00000000080014f8                SysTick_Handler
 .text.SystemInit
                0x0000000008001504       0x24 ./Core/Src/system_stm32f7xx.o
                0x0000000008001504                SystemInit
 .text.Reset_Handler
                0x0000000008001528       0x50 ./Core/Startup/startup_stm32f746nghx.o
                0x0000000008001528                Reset_Handler
 .text.Default_Handler
                0x0000000008001578        0x2 ./Core/Startup/startup_stm32f746nghx.o
                0x0000000008001578                RTC_Alarm_IRQHandler
                0x0000000008001578                EXTI2_IRQHandler
                0x0000000008001578                TIM8_CC_IRQHandler
                0x0000000008001578                UART8_IRQHandler
                0x0000000008001578                SPI4_IRQHandler
                0x0000000008001578                TIM1_CC_IRQHandler
                0x0000000008001578                DMA2_Stream5_IRQHandler
                0x0000000008001578                DMA1_Stream5_IRQHandler
                0x0000000008001578                PVD_IRQHandler
                0x0000000008001578                TAMP_STAMP_IRQHandler
                0x0000000008001578                CAN2_RX1_IRQHandler
                0x0000000008001578                EXTI3_IRQHandler
                0x0000000008001578                TIM8_TRG_COM_TIM14_IRQHandler
                0x0000000008001578                TIM1_UP_TIM10_IRQHandler
                0x0000000008001578                TIM8_UP_TIM13_IRQHandler
                0x0000000008001578                I2C3_ER_IRQHandler
                0x0000000008001578                EXTI0_IRQHandler
                0x0000000008001578                I2C2_EV_IRQHandler
                0x0000000008001578                DMA1_Stream2_IRQHandler
                0x0000000008001578                CAN1_RX0_IRQHandler
                0x0000000008001578                FPU_IRQHandler
                0x0000000008001578                OTG_HS_WKUP_IRQHandler
                0x0000000008001578                LTDC_ER_IRQHandler
                0x0000000008001578                CAN2_SCE_IRQHandler
                0x0000000008001578                DMA2_Stream2_IRQHandler
                0x0000000008001578                SPI1_IRQHandler
                0x0000000008001578                TIM6_DAC_IRQHandler
                0x0000000008001578                TIM1_BRK_TIM9_IRQHandler
                0x0000000008001578                DCMI_IRQHandler
                0x0000000008001578                CAN2_RX0_IRQHandler
                0x0000000008001578                DMA2_Stream3_IRQHandler
                0x0000000008001578                SAI2_IRQHandler
                0x0000000008001578                USART6_IRQHandler
                0x0000000008001578                USART3_IRQHandler
                0x0000000008001578                CAN1_RX1_IRQHandler
                0x0000000008001578                UART5_IRQHandler
                0x0000000008001578                DMA2_Stream0_IRQHandler
                0x0000000008001578                TIM4_IRQHandler
                0x0000000008001578                QUADSPI_IRQHandler
                0x0000000008001578                I2C1_EV_IRQHandler
                0x0000000008001578                DMA1_Stream6_IRQHandler
                0x0000000008001578                DMA1_Stream1_IRQHandler
                0x0000000008001578                UART4_IRQHandler
                0x0000000008001578                TIM3_IRQHandler
                0x0000000008001578                RCC_IRQHandler
                0x0000000008001578                TIM8_BRK_TIM12_IRQHandler
                0x0000000008001578                Default_Handler
                0x0000000008001578                CEC_IRQHandler
                0x0000000008001578                EXTI15_10_IRQHandler
                0x0000000008001578                ADC_IRQHandler
                0x0000000008001578                DMA1_Stream7_IRQHandler
                0x0000000008001578                SPI5_IRQHandler
                0x0000000008001578                TIM7_IRQHandler
                0x0000000008001578                SDMMC1_IRQHandler
                0x0000000008001578                CAN2_TX_IRQHandler
                0x0000000008001578                TIM5_IRQHandler
                0x0000000008001578                DMA2_Stream7_IRQHandler
                0x0000000008001578                I2C3_EV_IRQHandler
                0x0000000008001578                EXTI9_5_IRQHandler
                0x0000000008001578                RTC_WKUP_IRQHandler
                0x0000000008001578                LTDC_IRQHandler
                0x0000000008001578                ETH_WKUP_IRQHandler
                0x0000000008001578                SPDIF_RX_IRQHandler
                0x0000000008001578                SPI2_IRQHandler
                0x0000000008001578                OTG_HS_EP1_IN_IRQHandler
                0x0000000008001578                DMA1_Stream0_IRQHandler
                0x0000000008001578                CAN1_TX_IRQHandler
                0x0000000008001578                EXTI4_IRQHandler
                0x0000000008001578                RNG_IRQHandler
                0x0000000008001578                ETH_IRQHandler
                0x0000000008001578                OTG_HS_EP1_OUT_IRQHandler
                0x0000000008001578                WWDG_IRQHandler
                0x0000000008001578                SPI6_IRQHandler
                0x0000000008001578                I2C4_EV_IRQHandler
                0x0000000008001578                TIM2_IRQHandler
                0x0000000008001578                OTG_FS_WKUP_IRQHandler
                0x0000000008001578                TIM1_TRG_COM_TIM11_IRQHandler
                0x0000000008001578                OTG_HS_IRQHandler
                0x0000000008001578                DMA2D_IRQHandler
                0x0000000008001578                EXTI1_IRQHandler
                0x0000000008001578                UART7_IRQHandler
                0x0000000008001578                USART2_IRQHandler
                0x0000000008001578                I2C2_ER_IRQHandler
                0x0000000008001578                DMA2_Stream1_IRQHandler
                0x0000000008001578                CAN1_SCE_IRQHandler
                0x0000000008001578                FLASH_IRQHandler
                0x0000000008001578                DMA2_Stream4_IRQHandler
                0x0000000008001578                USART1_IRQHandler
                0x0000000008001578                OTG_FS_IRQHandler
                0x0000000008001578                SPI3_IRQHandler
                0x0000000008001578                DMA1_Stream4_IRQHandler
                0x0000000008001578                I2C1_ER_IRQHandler
                0x0000000008001578                FMC_IRQHandler
                0x0000000008001578                LPTIM1_IRQHandler
                0x0000000008001578                I2C4_ER_IRQHandler
                0x0000000008001578                DMA2_Stream6_IRQHandler
                0x0000000008001578                SAI1_IRQHandler
                0x0000000008001578                DMA1_Stream3_IRQHandler
 .text.HAL_Init
                0x000000000800157a       0x1a ./Drivers/STM32F7xx_HAL_Driver/Src/stm32f7xx_hal.o
                0x000000000800157a                HAL_Init
 .text.HAL_InitTick
                0x0000000008001594       0x60 ./Drivers/STM32F7xx_HAL_Driver/Src/stm32f7xx_hal.o
                0x0000000008001594                HAL_InitTick
 .text.HAL_IncTick
                0x00000000080015f4       0x28 ./Drivers/STM32F7xx_HAL_Driver/Src/stm32f7xx_hal.o
                0x00000000080015f4                HAL_IncTick
 .text.HAL_GetTick
                0x000000000800161c       0x18 ./Drivers/STM32F7xx_HAL_Driver/Src/stm32f7xx_hal.o
                0x000000000800161c                HAL_GetTick
 .text.__NVIC_SetPriorityGrouping
                0x0000000008001634       0x48 ./Drivers/STM32F7xx_HAL_Driver/Src/stm32f7xx_hal_cortex.o
 .text.__NVIC_GetPriorityGrouping
                0x000000000800167c       0x1c ./Drivers/STM32F7xx_HAL_Driver/Src/stm32f7xx_hal_cortex.o
 .text.__NVIC_SetPriority
                0x0000000008001698       0x54 ./Drivers/STM32F7xx_HAL_Driver/Src/stm32f7xx_hal_cortex.o
 .text.NVIC_EncodePriority
                0x00000000080016ec       0x66 ./Drivers/STM32F7xx_HAL_Driver/Src/stm32f7xx_hal_cortex.o
 *fill*         0x0000000008001752        0x2 
 .text.SysTick_Config
                0x0000000008001754       0x44 ./Drivers/STM32F7xx_HAL_Driver/Src/stm32f7xx_hal_cortex.o
 .text.HAL_NVIC_SetPriorityGrouping
                0x0000000008001798       0x16 ./Drivers/STM32F7xx_HAL_Driver/Src/stm32f7xx_hal_cortex.o
                0x0000000008001798                HAL_NVIC_SetPriorityGrouping
 .text.HAL_NVIC_SetPriority
                0x00000000080017ae       0x38 ./Drivers/STM32F7xx_HAL_Driver/Src/stm32f7xx_hal_cortex.o
                0x00000000080017ae                HAL_NVIC_SetPriority
 .text.HAL_SYSTICK_Config
                0x00000000080017e6       0x18 ./Drivers/STM32F7xx_HAL_Driver/Src/stm32f7xx_hal_cortex.o
                0x00000000080017e6                HAL_SYSTICK_Config
 *fill*         0x00000000080017fe        0x2 
 .text.HAL_GPIO_Init
                0x0000000008001800      0x358 ./Drivers/STM32F7xx_HAL_Driver/Src/stm32f7xx_hal_gpio.o
                0x0000000008001800                HAL_GPIO_Init
 .text.HAL_GPIO_ReadPin
                0x0000000008001b58       0x30 ./Drivers/STM32F7xx_HAL_Driver/Src/stm32f7xx_hal_gpio.o
                0x0000000008001b58                HAL_GPIO_ReadPin
 .text.HAL_GPIO_WritePin
                0x0000000008001b88       0x32 ./Drivers/STM32F7xx_HAL_Driver/Src/stm32f7xx_hal_gpio.o
                0x0000000008001b88                HAL_GPIO_WritePin
 *fill*         0x0000000008001bba        0x2 
 .text.HAL_RCC_OscConfig
                0x0000000008001bbc      0x548 ./Drivers/STM32F7xx_HAL_Driver/Src/stm32f7xx_hal_rcc.o
                0x0000000008001bbc                HAL_RCC_OscConfig
 .text.HAL_RCC_ClockConfig
                0x0000000008002104      0x1d8 ./Drivers/STM32F7xx_HAL_Driver/Src/stm32f7xx_hal_rcc.o
                0x0000000008002104                HAL_RCC_ClockConfig
 .text.HAL_RCC_GetSysClockFreq
                0x00000000080022dc      0x18c ./Drivers/STM32F7xx_HAL_Driver/Src/stm32f7xx_hal_rcc.o
                0x00000000080022dc                HAL_RCC_GetSysClockFreq
 .text.__libc_init_array
                0x0000000008002468       0x48 d:/stm/software/stm32cubeide_1.10.1/stm32cubeide/plugins/com.st.stm32cube.ide.mcu.externaltools.gnu-tools-for-stm32.10.3-2021.10.win32_1.0.0.202111181127/tools/bin/../lib/gcc/arm-none-eabi/10.3.1/../../../../arm-none-eabi/lib/thumb/v7e-m+fp/hard\libc_nano.a(lib_a-init.o)
                0x0000000008002468                __libc_init_array
 .text.memset   0x00000000080024b0       0x10 d:/stm/software/stm32cubeide_1.10.1/stm32cubeide/plugins/com.st.stm32cube.ide.mcu.externaltools.gnu-tools-for-stm32.10.3-2021.10.win32_1.0.0.202111181127/tools/bin/../lib/gcc/arm-none-eabi/10.3.1/../../../../arm-none-eabi/lib/thumb/v7e-m+fp/hard\libc_nano.a(lib_a-memset.o)
                0x00000000080024b0                memset
 *(.glue_7)
 .glue_7        0x00000000080024c0        0x0 linker stubs
 *(.glue_7t)
 .glue_7t       0x00000000080024c0        0x0 linker stubs
 *(.eh_frame)
 .eh_frame      0x00000000080024c0        0x0 d:/stm/software/stm32cubeide_1.10.1/stm32cubeide/plugins/com.st.stm32cube.ide.mcu.externaltools.gnu-tools-for-stm32.10.3-2021.10.win32_1.0.0.202111181127/tools/bin/../lib/gcc/arm-none-eabi/10.3.1/thumb/v7e-m+fp/hard/crtbegin.o
 *(.init)
 .init          0x00000000080024c0        0x4 d:/stm/software/stm32cubeide_1.10.1/stm32cubeide/plugins/com.st.stm32cube.ide.mcu.externaltools.gnu-tools-for-stm32.10.3-2021.10.win32_1.0.0.202111181127/tools/bin/../lib/gcc/arm-none-eabi/10.3.1/thumb/v7e-m+fp/hard/crti.o
                0x00000000080024c0                _init
 .init          0x00000000080024c4        0x8 d:/stm/software/stm32cubeide_1.10.1/stm32cubeide/plugins/com.st.stm32cube.ide.mcu.externaltools.gnu-tools-for-stm32.10.3-2021.10.win32_1.0.0.202111181127/tools/bin/../lib/gcc/arm-none-eabi/10.3.1/thumb/v7e-m+fp/hard/crtn.o
 *(.fini)
 .fini          0x00000000080024cc        0x4 d:/stm/software/stm32cubeide_1.10.1/stm32cubeide/plugins/com.st.stm32cube.ide.mcu.externaltools.gnu-tools-for-stm32.10.3-2021.10.win32_1.0.0.202111181127/tools/bin/../lib/gcc/arm-none-eabi/10.3.1/thumb/v7e-m+fp/hard/crti.o
                0x00000000080024cc                _fini
 .fini          0x00000000080024d0        0x8 d:/stm/software/stm32cubeide_1.10.1/stm32cubeide/plugins/com.st.stm32cube.ide.mcu.externaltools.gnu-tools-for-stm32.10.3-2021.10.win32_1.0.0.202111181127/tools/bin/../lib/gcc/arm-none-eabi/10.3.1/thumb/v7e-m+fp/hard/crtn.o
                0x00000000080024d8                . = ALIGN (0x4)
                0x00000000080024d8                _etext = .

.vfp11_veneer   0x00000000080024d8        0x0
 .vfp11_veneer  0x00000000080024d8        0x0 linker stubs

.v4_bx          0x00000000080024d8        0x0
 .v4_bx         0x00000000080024d8        0x0 linker stubs

.iplt           0x00000000080024d8        0x0
 .iplt          0x00000000080024d8        0x0 d:/stm/software/stm32cubeide_1.10.1/stm32cubeide/plugins/com.st.stm32cube.ide.mcu.externaltools.gnu-tools-for-stm32.10.3-2021.10.win32_1.0.0.202111181127/tools/bin/../lib/gcc/arm-none-eabi/10.3.1/thumb/v7e-m+fp/hard/crtbegin.o

.rodata         0x00000000080024d8       0x28
                0x00000000080024d8                . = ALIGN (0x4)
 *(.rodata)
 .rodata        0x00000000080024d8       0x16 ./Core/Src/main.o
 *(.rodata*)
 *fill*         0x00000000080024ee        0x2 
 .rodata.AHBPrescTable
                0x00000000080024f0       0x10 ./Core/Src/system_stm32f7xx.o
                0x00000000080024f0                AHBPrescTable
                0x0000000008002500                . = ALIGN (0x4)

.ARM.extab      0x0000000008002500        0x0
                0x0000000008002500                . = ALIGN (0x4)
 *(.ARM.extab* .gnu.linkonce.armextab.*)
                0x0000000008002500                . = ALIGN (0x4)

.ARM            0x0000000008002500        0x8
                0x0000000008002500                . = ALIGN (0x4)
                0x0000000008002500                __exidx_start = .
 *(.ARM.exidx*)
 .ARM.exidx     0x0000000008002500        0x8 d:/stm/software/stm32cubeide_1.10.1/stm32cubeide/plugins/com.st.stm32cube.ide.mcu.externaltools.gnu-tools-for-stm32.10.3-2021.10.win32_1.0.0.202111181127/tools/bin/../lib/gcc/arm-none-eabi/10.3.1/thumb/v7e-m+fp/hard\libgcc.a(_udivmoddi4.o)
                0x0000000008002508                __exidx_end = .
                0x0000000008002508                . = ALIGN (0x4)

.rel.dyn        0x0000000008002508        0x0
 .rel.iplt      0x0000000008002508        0x0 d:/stm/software/stm32cubeide_1.10.1/stm32cubeide/plugins/com.st.stm32cube.ide.mcu.externaltools.gnu-tools-for-stm32.10.3-2021.10.win32_1.0.0.202111181127/tools/bin/../lib/gcc/arm-none-eabi/10.3.1/thumb/v7e-m+fp/hard/crtbegin.o

.preinit_array  0x0000000008002508        0x0
                0x0000000008002508                . = ALIGN (0x4)
                0x0000000008002508                PROVIDE (__preinit_array_start = .)
 *(.preinit_array*)
                0x0000000008002508                PROVIDE (__preinit_array_end = .)
                0x0000000008002508                . = ALIGN (0x4)

.init_array     0x0000000008002508        0x4
                0x0000000008002508                . = ALIGN (0x4)
                0x0000000008002508                PROVIDE (__init_array_start = .)
 *(SORT_BY_NAME(.init_array.*))
 *(.init_array*)
 .init_array    0x0000000008002508        0x4 d:/stm/software/stm32cubeide_1.10.1/stm32cubeide/plugins/com.st.stm32cube.ide.mcu.externaltools.gnu-tools-for-stm32.10.3-2021.10.win32_1.0.0.202111181127/tools/bin/../lib/gcc/arm-none-eabi/10.3.1/thumb/v7e-m+fp/hard/crtbegin.o
                0x000000000800250c                PROVIDE (__init_array_end = .)
                0x000000000800250c                . = ALIGN (0x4)

.fini_array     0x000000000800250c        0x4
                0x000000000800250c                . = ALIGN (0x4)
                [!provide]                        PROVIDE (__fini_array_start = .)
 *(SORT_BY_NAME(.fini_array.*))
 *(.fini_array*)
 .fini_array    0x000000000800250c        0x4 d:/stm/software/stm32cubeide_1.10.1/stm32cubeide/plugins/com.st.stm32cube.ide.mcu.externaltools.gnu-tools-for-stm32.10.3-2021.10.win32_1.0.0.202111181127/tools/bin/../lib/gcc/arm-none-eabi/10.3.1/thumb/v7e-m+fp/hard/crtbegin.o
                [!provide]                        PROVIDE (__fini_array_end = .)
                0x0000000008002510                . = ALIGN (0x4)
                0x0000000008002510                _sidata = LOADADDR (.data)

.data           0x0000000020000000        0xc load address 0x0000000008002510
                0x0000000020000000                . = ALIGN (0x4)
                0x0000000020000000                _sdata = .
 *(.data)
 *(.data*)
 .data.SystemCoreClock
                0x0000000020000000        0x4 ./Core/Src/system_stm32f7xx.o
                0x0000000020000000                SystemCoreClock
 .data.uwTickPrio
                0x0000000020000004        0x4 ./Drivers/STM32F7xx_HAL_Driver/Src/stm32f7xx_hal.o
                0x0000000020000004                uwTickPrio
 .data.uwTickFreq
                0x0000000020000008        0x1 ./Drivers/STM32F7xx_HAL_Driver/Src/stm32f7xx_hal.o
                0x0000000020000008                uwTickFreq
 *(.RamFunc)
 *(.RamFunc*)
                0x000000002000000c                . = ALIGN (0x4)
 *fill*         0x0000000020000009        0x3 
                0x000000002000000c                _edata = .

.igot.plt       0x000000002000000c        0x0 load address 0x000000000800251c
 .igot.plt      0x000000002000000c        0x0 d:/stm/software/stm32cubeide_1.10.1/stm32cubeide/plugins/com.st.stm32cube.ide.mcu.externaltools.gnu-tools-for-stm32.10.3-2021.10.win32_1.0.0.202111181127/tools/bin/../lib/gcc/arm-none-eabi/10.3.1/thumb/v7e-m+fp/hard/crtbegin.o
                0x000000002000000c                . = ALIGN (0x4)

.bss            0x000000002000000c       0x34 load address 0x000000000800251c
                0x000000002000000c                _sbss = .
                0x000000002000000c                __bss_start__ = _sbss
 *(.bss)
 .bss           0x000000002000000c       0x1c d:/stm/software/stm32cubeide_1.10.1/stm32cubeide/plugins/com.st.stm32cube.ide.mcu.externaltools.gnu-tools-for-stm32.10.3-2021.10.win32_1.0.0.202111181127/tools/bin/../lib/gcc/arm-none-eabi/10.3.1/thumb/v7e-m+fp/hard/crtbegin.o
 *(.bss*)
 .bss.GPIO_InitStruct
                0x0000000020000028       0x14 ./Core/Src/lcd.o
                0x0000000020000028                GPIO_InitStruct
 .bss.uwTick    0x000000002000003c        0x4 ./Drivers/STM32F7xx_HAL_Driver/Src/stm32f7xx_hal.o
                0x000000002000003c                uwTick
 *(COMMON)
                0x0000000020000040                . = ALIGN (0x4)
                0x0000000020000040                _ebss = .
                0x0000000020000040                __bss_end__ = _ebss

._user_heap_stack
                0x0000000020000040      0x600 load address 0x000000000800251c
                0x0000000020000040                . = ALIGN (0x8)
                [!provide]                        PROVIDE (end = .)
                0x0000000020000040                PROVIDE (_end = .)
                0x0000000020000240                . = (. + _Min_Heap_Size)
 *fill*         0x0000000020000040      0x200 
                0x0000000020000640                . = (. + _Min_Stack_Size)
 *fill*         0x0000000020000240      0x400 
                0x0000000020000640                . = ALIGN (0x8)

/DISCARD/
 libc.a(*)
 libm.a(*)
 libgcc.a(*)

.ARM.attributes
                0x0000000000000000       0x30
 *(.ARM.attributes)
 .ARM.attributes
                0x0000000000000000       0x1e d:/stm/software/stm32cubeide_1.10.1/stm32cubeide/plugins/com.st.stm32cube.ide.mcu.externaltools.gnu-tools-for-stm32.10.3-2021.10.win32_1.0.0.202111181127/tools/bin/../lib/gcc/arm-none-eabi/10.3.1/thumb/v7e-m+fp/hard/crti.o
 .ARM.attributes
                0x000000000000001e       0x34 d:/stm/software/stm32cubeide_1.10.1/stm32cubeide/plugins/com.st.stm32cube.ide.mcu.externaltools.gnu-tools-for-stm32.10.3-2021.10.win32_1.0.0.202111181127/tools/bin/../lib/gcc/arm-none-eabi/10.3.1/thumb/v7e-m+fp/hard/crtbegin.o
 .ARM.attributes
                0x0000000000000052       0x34 ./Core/Src/gpio.o
 .ARM.attributes
                0x0000000000000086       0x34 ./Core/Src/lcd.o
 .ARM.attributes
                0x00000000000000ba       0x34 ./Core/Src/main.o
 .ARM.attributes
                0x00000000000000ee       0x34 ./Core/Src/stm32f7xx_hal_msp.o
 .ARM.attributes
                0x0000000000000122       0x34 ./Core/Src/stm32f7xx_it.o
 .ARM.attributes
                0x0000000000000156       0x34 ./Core/Src/system_stm32f7xx.o
 .ARM.attributes
                0x000000000000018a       0x21 ./Core/Startup/startup_stm32f746nghx.o
 .ARM.attributes
                0x00000000000001ab       0x34 ./Drivers/STM32F7xx_HAL_Driver/Src/stm32f7xx_hal.o
 .ARM.attributes
                0x00000000000001df       0x34 ./Drivers/STM32F7xx_HAL_Driver/Src/stm32f7xx_hal_cortex.o
 .ARM.attributes
                0x0000000000000213       0x34 ./Drivers/STM32F7xx_HAL_Driver/Src/stm32f7xx_hal_gpio.o
 .ARM.attributes
                0x0000000000000247       0x34 ./Drivers/STM32F7xx_HAL_Driver/Src/stm32f7xx_hal_rcc.o
 .ARM.attributes
                0x000000000000027b       0x34 d:/stm/software/stm32cubeide_1.10.1/stm32cubeide/plugins/com.st.stm32cube.ide.mcu.externaltools.gnu-tools-for-stm32.10.3-2021.10.win32_1.0.0.202111181127/tools/bin/../lib/gcc/arm-none-eabi/10.3.1/../../../../arm-none-eabi/lib/thumb/v7e-m+fp/hard\libc_nano.a(lib_a-init.o)
 .ARM.attributes
                0x00000000000002af       0x34 d:/stm/software/stm32cubeide_1.10.1/stm32cubeide/plugins/com.st.stm32cube.ide.mcu.externaltools.gnu-tools-for-stm32.10.3-2021.10.win32_1.0.0.202111181127/tools/bin/../lib/gcc/arm-none-eabi/10.3.1/../../../../arm-none-eabi/lib/thumb/v7e-m+fp/hard\libc_nano.a(lib_a-memset.o)
 .ARM.attributes
                0x00000000000002e3       0x1e d:/stm/software/stm32cubeide_1.10.1/stm32cubeide/plugins/com.st.stm32cube.ide.mcu.externaltools.gnu-tools-for-stm32.10.3-2021.10.win32_1.0.0.202111181127/tools/bin/../lib/gcc/arm-none-eabi/10.3.1/thumb/v7e-m+fp/hard\libgcc.a(_aeabi_uldivmod.o)
 .ARM.attributes
                0x0000000000000301       0x34 d:/stm/software/stm32cubeide_1.10.1/stm32cubeide/plugins/com.st.stm32cube.ide.mcu.externaltools.gnu-tools-for-stm32.10.3-2021.10.win32_1.0.0.202111181127/tools/bin/../lib/gcc/arm-none-eabi/10.3.1/thumb/v7e-m+fp/hard\libgcc.a(_udivmoddi4.o)
 .ARM.attributes
                0x0000000000000335       0x1e d:/stm/software/stm32cubeide_1.10.1/stm32cubeide/plugins/com.st.stm32cube.ide.mcu.externaltools.gnu-tools-for-stm32.10.3-2021.10.win32_1.0.0.202111181127/tools/bin/../lib/gcc/arm-none-eabi/10.3.1/thumb/v7e-m+fp/hard\libgcc.a(_dvmd_tls.o)
 .ARM.attributes
                0x0000000000000353       0x1e d:/stm/software/stm32cubeide_1.10.1/stm32cubeide/plugins/com.st.stm32cube.ide.mcu.externaltools.gnu-tools-for-stm32.10.3-2021.10.win32_1.0.0.202111181127/tools/bin/../lib/gcc/arm-none-eabi/10.3.1/thumb/v7e-m+fp/hard/crtn.o
OUTPUT(Cwiczenie_7a.elf elf32-littlearm)
LOAD linker stubs
LOAD d:/stm/software/stm32cubeide_1.10.1/stm32cubeide/plugins/com.st.stm32cube.ide.mcu.externaltools.gnu-tools-for-stm32.10.3-2021.10.win32_1.0.0.202111181127/tools/bin/../lib/gcc/arm-none-eabi/10.3.1/../../../../arm-none-eabi/lib/thumb/v7e-m+fp/hard\libc.a
LOAD d:/stm/software/stm32cubeide_1.10.1/stm32cubeide/plugins/com.st.stm32cube.ide.mcu.externaltools.gnu-tools-for-stm32.10.3-2021.10.win32_1.0.0.202111181127/tools/bin/../lib/gcc/arm-none-eabi/10.3.1/../../../../arm-none-eabi/lib/thumb/v7e-m+fp/hard\libm.a
LOAD d:/stm/software/stm32cubeide_1.10.1/stm32cubeide/plugins/com.st.stm32cube.ide.mcu.externaltools.gnu-tools-for-stm32.10.3-2021.10.win32_1.0.0.202111181127/tools/bin/../lib/gcc/arm-none-eabi/10.3.1/thumb/v7e-m+fp/hard\libgcc.a

.debug_info     0x0000000000000000     0x46a4
 .debug_info    0x0000000000000000      0x580 ./Core/Src/gpio.o
 .debug_info    0x0000000000000580      0x4cb ./Core/Src/lcd.o
 .debug_info    0x0000000000000a4b      0x582 ./Core/Src/main.o
 .debug_info    0x0000000000000fcd      0x2d2 ./Core/Src/stm32f7xx_hal_msp.o
 .debug_info    0x000000000000129f      0x121 ./Core/Src/stm32f7xx_it.o
 .debug_info    0x00000000000013c0      0x72c ./Core/Src/system_stm32f7xx.o
 .debug_info    0x0000000000001aec       0x22 ./Core/Startup/startup_stm32f746nghx.o
 .debug_info    0x0000000000001b0e      0xa0c ./Drivers/STM32F7xx_HAL_Driver/Src/stm32f7xx_hal.o
 .debug_info    0x000000000000251a     0x105a ./Drivers/STM32F7xx_HAL_Driver/Src/stm32f7xx_hal_cortex.o
 .debug_info    0x0000000000003574      0x794 ./Drivers/STM32F7xx_HAL_Driver/Src/stm32f7xx_hal_gpio.o
 .debug_info    0x0000000000003d08      0x99c ./Drivers/STM32F7xx_HAL_Driver/Src/stm32f7xx_hal_rcc.o

.debug_abbrev   0x0000000000000000     0x1103
 .debug_abbrev  0x0000000000000000      0x146 ./Core/Src/gpio.o
 .debug_abbrev  0x0000000000000146      0x1ea ./Core/Src/lcd.o
 .debug_abbrev  0x0000000000000330      0x1e1 ./Core/Src/main.o
 .debug_abbrev  0x0000000000000511       0xd4 ./Core/Src/stm32f7xx_hal_msp.o
 .debug_abbrev  0x00000000000005e5       0x74 ./Core/Src/stm32f7xx_it.o
 .debug_abbrev  0x0000000000000659      0x136 ./Core/Src/system_stm32f7xx.o
 .debug_abbrev  0x000000000000078f       0x12 ./Core/Startup/startup_stm32f746nghx.o
 .debug_abbrev  0x00000000000007a1      0x20d ./Drivers/STM32F7xx_HAL_Driver/Src/stm32f7xx_hal.o
 .debug_abbrev  0x00000000000009ae      0x316 ./Drivers/STM32F7xx_HAL_Driver/Src/stm32f7xx_hal_cortex.o
 .debug_abbrev  0x0000000000000cc4      0x1c4 ./Drivers/STM32F7xx_HAL_Driver/Src/stm32f7xx_hal_gpio.o
 .debug_abbrev  0x0000000000000e88      0x27b ./Drivers/STM32F7xx_HAL_Driver/Src/stm32f7xx_hal_rcc.o

.debug_aranges  0x0000000000000000      0x4b0
 .debug_aranges
                0x0000000000000000       0x20 ./Core/Src/gpio.o
 .debug_aranges
                0x0000000000000020       0x98 ./Core/Src/lcd.o
 .debug_aranges
                0x00000000000000b8       0x30 ./Core/Src/main.o
 .debug_aranges
                0x00000000000000e8       0x20 ./Core/Src/stm32f7xx_hal_msp.o
 .debug_aranges
                0x0000000000000108       0x60 ./Core/Src/stm32f7xx_it.o
 .debug_aranges
                0x0000000000000168       0x28 ./Core/Src/system_stm32f7xx.o
 .debug_aranges
                0x0000000000000190       0x28 ./Core/Startup/startup_stm32f746nghx.o
 .debug_aranges
                0x00000000000001b8      0x100 ./Drivers/STM32F7xx_HAL_Driver/Src/stm32f7xx_hal.o
 .debug_aranges
                0x00000000000002b8      0x118 ./Drivers/STM32F7xx_HAL_Driver/Src/stm32f7xx_hal_cortex.o
 .debug_aranges
                0x00000000000003d0       0x58 ./Drivers/STM32F7xx_HAL_Driver/Src/stm32f7xx_hal_gpio.o
 .debug_aranges
                0x0000000000000428       0x88 ./Drivers/STM32F7xx_HAL_Driver/Src/stm32f7xx_hal_rcc.o

.debug_ranges   0x0000000000000000      0x408
 .debug_ranges  0x0000000000000000       0x10 ./Core/Src/gpio.o
 .debug_ranges  0x0000000000000010       0x88 ./Core/Src/lcd.o
 .debug_ranges  0x0000000000000098       0x20 ./Core/Src/main.o
 .debug_ranges  0x00000000000000b8       0x10 ./Core/Src/stm32f7xx_hal_msp.o
 .debug_ranges  0x00000000000000c8       0x50 ./Core/Src/stm32f7xx_it.o
 .debug_ranges  0x0000000000000118       0x18 ./Core/Src/system_stm32f7xx.o
 .debug_ranges  0x0000000000000130       0x20 ./Core/Startup/startup_stm32f746nghx.o
 .debug_ranges  0x0000000000000150       0xf0 ./Drivers/STM32F7xx_HAL_Driver/Src/stm32f7xx_hal.o
 .debug_ranges  0x0000000000000240      0x108 ./Drivers/STM32F7xx_HAL_Driver/Src/stm32f7xx_hal_cortex.o
 .debug_ranges  0x0000000000000348       0x48 ./Drivers/STM32F7xx_HAL_Driver/Src/stm32f7xx_hal_gpio.o
 .debug_ranges  0x0000000000000390       0x78 ./Drivers/STM32F7xx_HAL_Driver/Src/stm32f7xx_hal_rcc.o

.debug_macro    0x0000000000000000    0x24249
 .debug_macro   0x0000000000000000      0x1d3 ./Core/Src/gpio.o
 .debug_macro   0x00000000000001d3      0xa78 ./Core/Src/gpio.o
 .debug_macro   0x0000000000000c4b      0x287 ./Core/Src/gpio.o
 .debug_macro   0x0000000000000ed2       0x2e ./Core/Src/gpio.o
 .debug_macro   0x0000000000000f00       0x3b ./Core/Src/gpio.o
 .debug_macro   0x0000000000000f3b       0x22 ./Core/Src/gpio.o
 .debug_macro   0x0000000000000f5d       0x8e ./Core/Src/gpio.o
 .debug_macro   0x0000000000000feb       0x51 ./Core/Src/gpio.o
 .debug_macro   0x000000000000103c      0x103 ./Core/Src/gpio.o
 .debug_macro   0x000000000000113f       0x6a ./Core/Src/gpio.o
 .debug_macro   0x00000000000011a9      0x1df ./Core/Src/gpio.o
 .debug_macro   0x0000000000001388       0x1c ./Core/Src/gpio.o
 .debug_macro   0x00000000000013a4       0x22 ./Core/Src/gpio.o
 .debug_macro   0x00000000000013c6       0xd9 ./Core/Src/gpio.o
 .debug_macro   0x000000000000149f     0x12cd ./Core/Src/gpio.o
 .debug_macro   0x000000000000276c      0x11f ./Core/Src/gpio.o
 .debug_macro   0x000000000000288b       0x19 ./Core/Src/gpio.o
 .debug_macro   0x00000000000028a4    0x1920a ./Core/Src/gpio.o
 .debug_macro   0x000000000001baae       0x6d ./Core/Src/gpio.o
 .debug_macro   0x000000000001bb1b     0x3749 ./Core/Src/gpio.o
 .debug_macro   0x000000000001f264      0x174 ./Core/Src/gpio.o
 .debug_macro   0x000000000001f3d8       0x63 ./Core/Src/gpio.o
 .debug_macro   0x000000000001f43b     0x18ad ./Core/Src/gpio.o
 .debug_macro   0x0000000000020ce8      0x6c4 ./Core/Src/gpio.o
 .debug_macro   0x00000000000213ac      0x185 ./Core/Src/gpio.o
 .debug_macro   0x0000000000021531      0x115 ./Core/Src/gpio.o
 .debug_macro   0x0000000000021646      0x1fd ./Core/Src/gpio.o
 .debug_macro   0x0000000000021843       0xa5 ./Core/Src/gpio.o
 .debug_macro   0x00000000000218e8      0x24f ./Core/Src/gpio.o
 .debug_macro   0x0000000000021b37       0x41 ./Core/Src/gpio.o
 .debug_macro   0x0000000000021b78       0x58 ./Core/Src/gpio.o
 .debug_macro   0x0000000000021bd0      0x236 ./Core/Src/gpio.o
 .debug_macro   0x0000000000021e06      0x14e ./Core/Src/gpio.o
 .debug_macro   0x0000000000021f54      0x25a ./Core/Src/gpio.o
 .debug_macro   0x00000000000221ae       0x12 ./Core/Src/gpio.o
 .debug_macro   0x00000000000221c0      0x22c ./Core/Src/gpio.o
 .debug_macro   0x00000000000223ec       0x61 ./Core/Src/gpio.o
 .debug_macro   0x000000000002244d       0xa5 ./Core/Src/gpio.o
 .debug_macro   0x00000000000224f2      0x12e ./Core/Src/gpio.o
 .debug_macro   0x0000000000022620      0x108 ./Core/Src/gpio.o
 .debug_macro   0x0000000000022728       0x35 ./Core/Src/gpio.o
 .debug_macro   0x000000000002275d      0x14d ./Core/Src/gpio.o
 .debug_macro   0x00000000000228aa      0x89c ./Core/Src/gpio.o
 .debug_macro   0x0000000000023146      0x1dc ./Core/Src/lcd.o
 .debug_macro   0x0000000000023322       0xb2 ./Core/Src/lcd.o
 .debug_macro   0x00000000000233d4      0x1e9 ./Core/Src/main.o
 .debug_macro   0x00000000000235bd      0x1c9 ./Core/Src/stm32f7xx_hal_msp.o
 .debug_macro   0x0000000000023786      0x1d3 ./Core/Src/stm32f7xx_it.o
 .debug_macro   0x0000000000023959      0x1ba ./Core/Src/system_stm32f7xx.o
 .debug_macro   0x0000000000023b13      0x1de ./Drivers/STM32F7xx_HAL_Driver/Src/stm32f7xx_hal.o
 .debug_macro   0x0000000000023cf1      0x1ba ./Drivers/STM32F7xx_HAL_Driver/Src/stm32f7xx_hal_cortex.o
 .debug_macro   0x0000000000023eab      0x1c0 ./Drivers/STM32F7xx_HAL_Driver/Src/stm32f7xx_hal_gpio.o
 .debug_macro   0x000000000002406b      0x1de ./Drivers/STM32F7xx_HAL_Driver/Src/stm32f7xx_hal_rcc.o

.debug_line     0x0000000000000000     0x606b
 .debug_line    0x0000000000000000      0xa33 ./Core/Src/gpio.o
 .debug_line    0x0000000000000a33      0xa07 ./Core/Src/lcd.o
 .debug_line    0x000000000000143a      0x741 ./Core/Src/main.o
 .debug_line    0x0000000000001b7b      0x6aa ./Core/Src/stm32f7xx_hal_msp.o
 .debug_line    0x0000000000002225      0x76d ./Core/Src/stm32f7xx_it.o
 .debug_line    0x0000000000002992      0x72a ./Core/Src/system_stm32f7xx.o
 .debug_line    0x00000000000030bc       0x88 ./Core/Startup/startup_stm32f746nghx.o
 .debug_line    0x0000000000003144      0x9bb ./Drivers/STM32F7xx_HAL_Driver/Src/stm32f7xx_hal.o
 .debug_line    0x0000000000003aff      0xc41 ./Drivers/STM32F7xx_HAL_Driver/Src/stm32f7xx_hal_cortex.o
 .debug_line    0x0000000000004740      0xb2f ./Drivers/STM32F7xx_HAL_Driver/Src/stm32f7xx_hal_gpio.o
 .debug_line    0x000000000000526f      0xdfc ./Drivers/STM32F7xx_HAL_Driver/Src/stm32f7xx_hal_rcc.o

.debug_str      0x0000000000000000    0xdeb22
 .debug_str     0x0000000000000000    0xdcf40 ./Core/Src/gpio.o
                                      0xdd606 (size before relaxing)
 .debug_str     0x00000000000dcf40      0x3e6 ./Core/Src/lcd.o
                                      0xdd8a1 (size before relaxing)
 .debug_str     0x00000000000dd326      0x46a ./Core/Src/main.o
                                      0xddc30 (size before relaxing)
 .debug_str     0x00000000000dd790       0x2c ./Core/Src/stm32f7xx_hal_msp.o
                                      0xdd529 (size before relaxing)
 .debug_str     0x00000000000dd7bc       0xc9 ./Core/Src/stm32f7xx_it.o
                                      0xdd492 (size before relaxing)
 .debug_str     0x00000000000dd885      0x1a4 ./Core/Src/system_stm32f7xx.o
                                      0xdb77f (size before relaxing)
 .debug_str     0x00000000000dda29       0x80 ./Core/Startup/startup_stm32f746nghx.o
 .debug_str     0x00000000000ddaa9      0x9c3 ./Drivers/STM32F7xx_HAL_Driver/Src/stm32f7xx_hal.o
                                      0xdc0e5 (size before relaxing)
 .debug_str     0x00000000000de46c      0x35b ./Drivers/STM32F7xx_HAL_Driver/Src/stm32f7xx_hal_cortex.o
                                      0xdc0d0 (size before relaxing)
 .debug_str     0x00000000000de7c7      0x109 ./Drivers/STM32F7xx_HAL_Driver/Src/stm32f7xx_hal_gpio.o
                                      0xdb83a (size before relaxing)
 .debug_str     0x00000000000de8d0      0x252 ./Drivers/STM32F7xx_HAL_Driver/Src/stm32f7xx_hal_rcc.o
                                      0xdbade (size before relaxing)

.comment        0x0000000000000000       0x50
 .comment       0x0000000000000000       0x50 ./Core/Src/gpio.o
                                         0x51 (size before relaxing)
 .comment       0x0000000000000050       0x51 ./Core/Src/lcd.o
 .comment       0x0000000000000050       0x51 ./Core/Src/main.o
 .comment       0x0000000000000050       0x51 ./Core/Src/stm32f7xx_hal_msp.o
 .comment       0x0000000000000050       0x51 ./Core/Src/stm32f7xx_it.o
 .comment       0x0000000000000050       0x51 ./Core/Src/system_stm32f7xx.o
 .comment       0x0000000000000050       0x51 ./Drivers/STM32F7xx_HAL_Driver/Src/stm32f7xx_hal.o
 .comment       0x0000000000000050       0x51 ./Drivers/STM32F7xx_HAL_Driver/Src/stm32f7xx_hal_cortex.o
 .comment       0x0000000000000050       0x51 ./Drivers/STM32F7xx_HAL_Driver/Src/stm32f7xx_hal_gpio.o
 .comment       0x0000000000000050       0x51 ./Drivers/STM32F7xx_HAL_Driver/Src/stm32f7xx_hal_rcc.o

.debug_frame    0x0000000000000000     0x1098
 .debug_frame   0x0000000000000000       0x38 ./Core/Src/gpio.o
 .debug_frame   0x0000000000000038      0x228 ./Core/Src/lcd.o
 .debug_frame   0x0000000000000260       0x68 ./Core/Src/main.o
 .debug_frame   0x00000000000002c8       0x38 ./Core/Src/stm32f7xx_hal_msp.o
 .debug_frame   0x0000000000000300      0x104 ./Core/Src/stm32f7xx_it.o
 .debug_frame   0x0000000000000404       0x58 ./Core/Src/system_stm32f7xx.o
 .debug_frame   0x000000000000045c      0x3b4 ./Drivers/STM32F7xx_HAL_Driver/Src/stm32f7xx_hal.o
 .debug_frame   0x0000000000000810      0x498 ./Drivers/STM32F7xx_HAL_Driver/Src/stm32f7xx_hal_cortex.o
 .debug_frame   0x0000000000000ca8      0x14c ./Drivers/STM32F7xx_HAL_Driver/Src/stm32f7xx_hal_gpio.o
 .debug_frame   0x0000000000000df4      0x1f8 ./Drivers/STM32F7xx_HAL_Driver/Src/stm32f7xx_hal_rcc.o
 .debug_frame   0x0000000000000fec       0x2c d:/stm/software/stm32cubeide_1.10.1/stm32cubeide/plugins/com.st.stm32cube.ide.mcu.externaltools.gnu-tools-for-stm32.10.3-2021.10.win32_1.0.0.202111181127/tools/bin/../lib/gcc/arm-none-eabi/10.3.1/../../../../arm-none-eabi/lib/thumb/v7e-m+fp/hard\libc_nano.a(lib_a-init.o)
 .debug_frame   0x0000000000001018       0x20 d:/stm/software/stm32cubeide_1.10.1/stm32cubeide/plugins/com.st.stm32cube.ide.mcu.externaltools.gnu-tools-for-stm32.10.3-2021.10.win32_1.0.0.202111181127/tools/bin/../lib/gcc/arm-none-eabi/10.3.1/../../../../arm-none-eabi/lib/thumb/v7e-m+fp/hard\libc_nano.a(lib_a-memset.o)
 .debug_frame   0x0000000000001038       0x2c d:/stm/software/stm32cubeide_1.10.1/stm32cubeide/plugins/com.st.stm32cube.ide.mcu.externaltools.gnu-tools-for-stm32.10.3-2021.10.win32_1.0.0.202111181127/tools/bin/../lib/gcc/arm-none-eabi/10.3.1/thumb/v7e-m+fp/hard\libgcc.a(_aeabi_uldivmod.o)
 .debug_frame   0x0000000000001064       0x34 d:/stm/software/stm32cubeide_1.10.1/stm32cubeide/plugins/com.st.stm32cube.ide.mcu.externaltools.gnu-tools-for-stm32.10.3-2021.10.win32_1.0.0.202111181127/tools/bin/../lib/gcc/arm-none-eabi/10.3.1/thumb/v7e-m+fp/hard\libgcc.a(_udivmoddi4.o)
