18:31:33 **** Incremental Build of configuration Debug for project Cwiczenie_3a ****
make -j8 all 
arm-none-eabi-gcc "../Core/Src/main.c" -mcpu=cortex-m7 -std=gnu11 -g3 -DDEBUG -DUSE_HAL_DRIVER -DSTM32F746xx -c -I../Core/Inc -I../Drivers/STM32F7xx_HAL_Driver/Inc -I../Drivers/STM32F7xx_HAL_Driver/Inc/Legacy -I../Drivers/CMSIS/Device/ST/STM32F7xx/Include -I../Drivers/CMSIS/Include -O0 -ffunction-sections -fdata-sections -Wall -fstack-usage -MMD -MP -MF"Core/Src/main.d" -MT"Core/Src/main.o" --specs=nano.specs -mfpu=fpv5-sp-d16 -mfloat-abi=hard -mthumb -o "Core/Src/main.o"
arm-none-eabi-gcc -o "Cwiczenie_3a.elf" @"objects.list"   -mcpu=cortex-m7 -T"D:\STM\STM32CubeIDE\workspace_1.10.1\Marek_Galewski_STM32\Cwiczenie_3a\STM32F746NGHX_FLASH.ld" --specs=nosys.specs -Wl,-Map="Cwiczenie_3a.map" -Wl,--gc-sections -static --specs=nano.specs -mfpu=fpv5-sp-d16 -mfloat-abi=hard -mthumb -Wl,--start-group -lc -lm -Wl,--end-group
Finished building target: Cwiczenie_3a.elf
 
arm-none-eabi-size   Cwiczenie_3a.elf 
arm-none-eabi-objdump -h -S  Cwiczenie_3a.elf  > "Cwiczenie_3a.list"
   text	   data	    bss	    dec	    hex	filename
   8232	     20	   1572	   9824	   2660	Cwiczenie_3a.elf
Finished building: default.size.stdout
 
Finished building: Cwiczenie_3a.list
 

18:31:34 Build Finished. 0 errors, 0 warnings. (took 676ms)

