19:05:42 **** Incremental Build of configuration Debug for project Cwiczenie_8 ****
make -j8 all 
arm-none-eabi-gcc "../Core/Src/stm32f7xx_it.c" -mcpu=cortex-m7 -std=gnu11 -g3 -DDEBUG -DUSE_HAL_DRIVER -DSTM32F746xx -c -I../Core/Inc -I../Drivers/STM32F7xx_HAL_Driver/Inc -I../Drivers/STM32F7xx_HAL_Driver/Inc/Legacy -I../Drivers/CMSIS/Device/ST/STM32F7xx/Include -I../Drivers/CMSIS/Include -O0 -ffunction-sections -fdata-sections -Wall -fstack-usage -MMD -MP -MF"Core/Src/stm32f7xx_it.d" -MT"Core/Src/stm32f7xx_it.o" --specs=nano.specs -mfpu=fpv5-sp-d16 -mfloat-abi=hard -mthumb -o "Core/Src/stm32f7xx_it.o"
arm-none-eabi-gcc -o "Cwiczenie_8.elf" @"objects.list"   -mcpu=cortex-m7 -T"D:\STM\STM32CubeIDE\workspace_1.10.1\Marek_Galewski_STM32\Cwiczenie_8a\STM32F746NGHX_FLASH.ld" --specs=nosys.specs -Wl,-Map="Cwiczenie_8.map" -Wl,--gc-sections -static --specs=nano.specs -mfpu=fpv5-sp-d16 -mfloat-abi=hard -mthumb -Wl,--start-group -lc -lm -Wl,--end-group
Finished building target: Cwiczenie_8.elf
 
arm-none-eabi-size   Cwiczenie_8.elf 
arm-none-eabi-objdump -h -S  Cwiczenie_8.elf  > "Cwiczenie_8.list"
   text	   data	    bss	    dec	    hex	filename
   8688	     20	   1580	  10288	   2830	Cwiczenie_8.elf
Finished building: default.size.stdout
 
Finished building: Cwiczenie_8.list
 

19:05:43 Build Finished. 0 errors, 0 warnings. (took 680ms)

