23:01:55 **** Incremental Build of configuration Debug for project ekran_lcd ****
make -j8 all 
arm-none-eabi-gcc "../Core/Src/main.c" -mcpu=cortex-m7 -std=gnu11 -g3 -DDEBUG -DUSE_HAL_DRIVER -DSTM32F746xx -c -I../Core/Inc -I../Drivers/STM32F7xx_HAL_Driver/Inc -I../Drivers/STM32F7xx_HAL_Driver/Inc/Legacy -I../Drivers/CMSIS/Device/ST/STM32F7xx/Include -I../Drivers/CMSIS/Include -O0 -ffunction-sections -fdata-sections -Wall -fstack-usage -MMD -MP -MF"Core/Src/main.d" -MT"Core/Src/main.o" --specs=nano.specs -mfpu=fpv5-sp-d16 -mfloat-abi=hard -mthumb -o "Core/Src/main.o"
arm-none-eabi-gcc -o "ekran_lcd.elf" @"objects.list"   -mcpu=cortex-m7 -T"D:\STM\STM32CubeIDE\workspace_1.10.1\Marek_Galewski_STM32\ekran_lcd\STM32F746NGHX_FLASH.ld" --specs=nosys.specs -Wl,-Map="ekran_lcd.map" -Wl,--gc-sections -static --specs=nano.specs -mfpu=fpv5-sp-d16 -mfloat-abi=hard -mthumb -Wl,--start-group -lc -lm -Wl,--end-group
Finished building target: ekran_lcd.elf
 
arm-none-eabi-size   ekran_lcd.elf 
arm-none-eabi-objdump -h -S  ekran_lcd.elf  > "ekran_lcd.list"
   text	   data	    bss	    dec	    hex	filename
   9480	     20	   1588	  11088	   2b50	ekran_lcd.elf
Finished building: default.size.stdout
 
Finished building: ekran_lcd.list
 

23:01:56 Build Finished. 0 errors, 0 warnings. (took 1s.48ms)

