20:09:40 **** Incremental Build of configuration Debug for project Cwiczenie_4 ****
make -j8 all 
arm-none-eabi-gcc "../Drivers/STM32F7xx_HAL_Driver/Src/stm32f7xx_hal.c" -mcpu=cortex-m7 -std=gnu11 -g3 -DDEBUG -DUSE_HAL_DRIVER -DSTM32F746xx -c -I../Core/Inc -I../Drivers/STM32F7xx_HAL_Driver/Inc -I../Drivers/STM32F7xx_HAL_Driver/Inc/Legacy -I../Drivers/CMSIS/Device/ST/STM32F7xx/Include -I../Drivers/CMSIS/Include -O0 -ffunction-sections -fdata-sections -Wall -fstack-usage -MMD -MP -MF"Drivers/STM32F7xx_HAL_Driver/Src/stm32f7xx_hal.d" -MT"Drivers/STM32F7xx_HAL_Driver/Src/stm32f7xx_hal.o" --specs=nano.specs -mfpu=fpv5-sp-d16 -mfloat-abi=hard -mthumb -o "Drivers/STM32F7xx_HAL_Driver/Src/stm32f7xx_hal.o"
arm-none-eabi-gcc "../Drivers/STM32F7xx_HAL_Driver/Src/stm32f7xx_hal_cortex.c" -mcpu=cortex-m7 -std=gnu11 -g3 -DDEBUG -DUSE_HAL_DRIVER -DSTM32F746xx -c -I../Core/Inc -I../Drivers/STM32F7xx_HAL_Driver/Inc -I../Drivers/STM32F7xx_HAL_Driver/Inc/Legacy -I../Drivers/CMSIS/Device/ST/STM32F7xx/Include -I../Drivers/CMSIS/Include -O0 -ffunction-sections -fdata-sections -Wall -fstack-usage -MMD -MP -MF"Drivers/STM32F7xx_HAL_Driver/Src/stm32f7xx_hal_cortex.d" -MT"Drivers/STM32F7xx_HAL_Driver/Src/stm32f7xx_hal_cortex.o" --specs=nano.specs -mfpu=fpv5-sp-d16 -mfloat-abi=hard -mthumb -o "Drivers/STM32F7xx_HAL_Driver/Src/stm32f7xx_hal_cortex.o"
arm-none-eabi-gcc "../Drivers/STM32F7xx_HAL_Driver/Src/stm32f7xx_hal_dma.c" -mcpu=cortex-m7 -std=gnu11 -g3 -DDEBUG -DUSE_HAL_DRIVER -DSTM32F746xx -c -I../Core/Inc -I../Drivers/STM32F7xx_HAL_Driver/Inc -I../Drivers/STM32F7xx_HAL_Driver/Inc/Legacy -I../Drivers/CMSIS/Device/ST/STM32F7xx/Include -I../Drivers/CMSIS/Include -O0 -ffunction-sections -fdata-sections -Wall -fstack-usage -MMD -MP -MF"Drivers/STM32F7xx_HAL_Driver/Src/stm32f7xx_hal_dma.d" -MT"Drivers/STM32F7xx_HAL_Driver/Src/stm32f7xx_hal_dma.o" --specs=nano.specs -mfpu=fpv5-sp-d16 -mfloat-abi=hard -mthumb -o "Drivers/STM32F7xx_HAL_Driver/Src/stm32f7xx_hal_dma.o"
arm-none-eabi-gcc "../Drivers/STM32F7xx_HAL_Driver/Src/stm32f7xx_hal_dma_ex.c" -mcpu=cortex-m7 -std=gnu11 -g3 -DDEBUG -DUSE_HAL_DRIVER -DSTM32F746xx -c -I../Core/Inc -I../Drivers/STM32F7xx_HAL_Driver/Inc -I../Drivers/STM32F7xx_HAL_Driver/Inc/Legacy -I../Drivers/CMSIS/Device/ST/STM32F7xx/Include -I../Drivers/CMSIS/Include -O0 -ffunction-sections -fdata-sections -Wall -fstack-usage -MMD -MP -MF"Drivers/STM32F7xx_HAL_Driver/Src/stm32f7xx_hal_dma_ex.d" -MT"Drivers/STM32F7xx_HAL_Driver/Src/stm32f7xx_hal_dma_ex.o" --specs=nano.specs -mfpu=fpv5-sp-d16 -mfloat-abi=hard -mthumb -o "Drivers/STM32F7xx_HAL_Driver/Src/stm32f7xx_hal_dma_ex.o"
arm-none-eabi-gcc "../Drivers/STM32F7xx_HAL_Driver/Src/stm32f7xx_hal_exti.c" -mcpu=cortex-m7 -std=gnu11 -g3 -DDEBUG -DUSE_HAL_DRIVER -DSTM32F746xx -c -I../Core/Inc -I../Drivers/STM32F7xx_HAL_Driver/Inc -I../Drivers/STM32F7xx_HAL_Driver/Inc/Legacy -I../Drivers/CMSIS/Device/ST/STM32F7xx/Include -I../Drivers/CMSIS/Include -O0 -ffunction-sections -fdata-sections -Wall -fstack-usage -MMD -MP -MF"Drivers/STM32F7xx_HAL_Driver/Src/stm32f7xx_hal_exti.d" -MT"Drivers/STM32F7xx_HAL_Driver/Src/stm32f7xx_hal_exti.o" --specs=nano.specs -mfpu=fpv5-sp-d16 -mfloat-abi=hard -mthumb -o "Drivers/STM32F7xx_HAL_Driver/Src/stm32f7xx_hal_exti.o"
arm-none-eabi-gcc "../Drivers/STM32F7xx_HAL_Driver/Src/stm32f7xx_hal_flash.c" -mcpu=cortex-m7 -std=gnu11 -g3 -DDEBUG -DUSE_HAL_DRIVER -DSTM32F746xx -c -I../Core/Inc -I../Drivers/STM32F7xx_HAL_Driver/Inc -I../Drivers/STM32F7xx_HAL_Driver/Inc/Legacy -I../Drivers/CMSIS/Device/ST/STM32F7xx/Include -I../Drivers/CMSIS/Include -O0 -ffunction-sections -fdata-sections -Wall -fstack-usage -MMD -MP -MF"Drivers/STM32F7xx_HAL_Driver/Src/stm32f7xx_hal_flash.d" -MT"Drivers/STM32F7xx_HAL_Driver/Src/stm32f7xx_hal_flash.o" --specs=nano.specs -mfpu=fpv5-sp-d16 -mfloat-abi=hard -mthumb -o "Drivers/STM32F7xx_HAL_Driver/Src/stm32f7xx_hal_flash.o"
arm-none-eabi-gcc "../Drivers/STM32F7xx_HAL_Driver/Src/stm32f7xx_hal_flash_ex.c" -mcpu=cortex-m7 -std=gnu11 -g3 -DDEBUG -DUSE_HAL_DRIVER -DSTM32F746xx -c -I../Core/Inc -I../Drivers/STM32F7xx_HAL_Driver/Inc -I../Drivers/STM32F7xx_HAL_Driver/Inc/Legacy -I../Drivers/CMSIS/Device/ST/STM32F7xx/Include -I../Drivers/CMSIS/Include -O0 -ffunction-sections -fdata-sections -Wall -fstack-usage -MMD -MP -MF"Drivers/STM32F7xx_HAL_Driver/Src/stm32f7xx_hal_flash_ex.d" -MT"Drivers/STM32F7xx_HAL_Driver/Src/stm32f7xx_hal_flash_ex.o" --specs=nano.specs -mfpu=fpv5-sp-d16 -mfloat-abi=hard -mthumb -o "Drivers/STM32F7xx_HAL_Driver/Src/stm32f7xx_hal_flash_ex.o"
arm-none-eabi-gcc "../Drivers/STM32F7xx_HAL_Driver/Src/stm32f7xx_hal_gpio.c" -mcpu=cortex-m7 -std=gnu11 -g3 -DDEBUG -DUSE_HAL_DRIVER -DSTM32F746xx -c -I../Core/Inc -I../Drivers/STM32F7xx_HAL_Driver/Inc -I../Drivers/STM32F7xx_HAL_Driver/Inc/Legacy -I../Drivers/CMSIS/Device/ST/STM32F7xx/Include -I../Drivers/CMSIS/Include -O0 -ffunction-sections -fdata-sections -Wall -fstack-usage -MMD -MP -MF"Drivers/STM32F7xx_HAL_Driver/Src/stm32f7xx_hal_gpio.d" -MT"Drivers/STM32F7xx_HAL_Driver/Src/stm32f7xx_hal_gpio.o" --specs=nano.specs -mfpu=fpv5-sp-d16 -mfloat-abi=hard -mthumb -o "Drivers/STM32F7xx_HAL_Driver/Src/stm32f7xx_hal_gpio.o"
arm-none-eabi-gcc "../Drivers/STM32F7xx_HAL_Driver/Src/stm32f7xx_hal_i2c.c" -mcpu=cortex-m7 -std=gnu11 -g3 -DDEBUG -DUSE_HAL_DRIVER -DSTM32F746xx -c -I../Core/Inc -I../Drivers/STM32F7xx_HAL_Driver/Inc -I../Drivers/STM32F7xx_HAL_Driver/Inc/Legacy -I../Drivers/CMSIS/Device/ST/STM32F7xx/Include -I../Drivers/CMSIS/Include -O0 -ffunction-sections -fdata-sections -Wall -fstack-usage -MMD -MP -MF"Drivers/STM32F7xx_HAL_Driver/Src/stm32f7xx_hal_i2c.d" -MT"Drivers/STM32F7xx_HAL_Driver/Src/stm32f7xx_hal_i2c.o" --specs=nano.specs -mfpu=fpv5-sp-d16 -mfloat-abi=hard -mthumb -o "Drivers/STM32F7xx_HAL_Driver/Src/stm32f7xx_hal_i2c.o"
arm-none-eabi-gcc "../Drivers/STM32F7xx_HAL_Driver/Src/stm32f7xx_hal_i2c_ex.c" -mcpu=cortex-m7 -std=gnu11 -g3 -DDEBUG -DUSE_HAL_DRIVER -DSTM32F746xx -c -I../Core/Inc -I../Drivers/STM32F7xx_HAL_Driver/Inc -I../Drivers/STM32F7xx_HAL_Driver/Inc/Legacy -I../Drivers/CMSIS/Device/ST/STM32F7xx/Include -I../Drivers/CMSIS/Include -O0 -ffunction-sections -fdata-sections -Wall -fstack-usage -MMD -MP -MF"Drivers/STM32F7xx_HAL_Driver/Src/stm32f7xx_hal_i2c_ex.d" -MT"Drivers/STM32F7xx_HAL_Driver/Src/stm32f7xx_hal_i2c_ex.o" --specs=nano.specs -mfpu=fpv5-sp-d16 -mfloat-abi=hard -mthumb -o "Drivers/STM32F7xx_HAL_Driver/Src/stm32f7xx_hal_i2c_ex.o"
arm-none-eabi-gcc "../Drivers/STM32F7xx_HAL_Driver/Src/stm32f7xx_hal_pwr.c" -mcpu=cortex-m7 -std=gnu11 -g3 -DDEBUG -DUSE_HAL_DRIVER -DSTM32F746xx -c -I../Core/Inc -I../Drivers/STM32F7xx_HAL_Driver/Inc -I../Drivers/STM32F7xx_HAL_Driver/Inc/Legacy -I../Drivers/CMSIS/Device/ST/STM32F7xx/Include -I../Drivers/CMSIS/Include -O0 -ffunction-sections -fdata-sections -Wall -fstack-usage -MMD -MP -MF"Drivers/STM32F7xx_HAL_Driver/Src/stm32f7xx_hal_pwr.d" -MT"Drivers/STM32F7xx_HAL_Driver/Src/stm32f7xx_hal_pwr.o" --specs=nano.specs -mfpu=fpv5-sp-d16 -mfloat-abi=hard -mthumb -o "Drivers/STM32F7xx_HAL_Driver/Src/stm32f7xx_hal_pwr.o"
arm-none-eabi-gcc "../Drivers/STM32F7xx_HAL_Driver/Src/stm32f7xx_hal_pwr_ex.c" -mcpu=cortex-m7 -std=gnu11 -g3 -DDEBUG -DUSE_HAL_DRIVER -DSTM32F746xx -c -I../Core/Inc -I../Drivers/STM32F7xx_HAL_Driver/Inc -I../Drivers/STM32F7xx_HAL_Driver/Inc/Legacy -I../Drivers/CMSIS/Device/ST/STM32F7xx/Include -I../Drivers/CMSIS/Include -O0 -ffunction-sections -fdata-sections -Wall -fstack-usage -MMD -MP -MF"Drivers/STM32F7xx_HAL_Driver/Src/stm32f7xx_hal_pwr_ex.d" -MT"Drivers/STM32F7xx_HAL_Driver/Src/stm32f7xx_hal_pwr_ex.o" --specs=nano.specs -mfpu=fpv5-sp-d16 -mfloat-abi=hard -mthumb -o "Drivers/STM32F7xx_HAL_Driver/Src/stm32f7xx_hal_pwr_ex.o"
arm-none-eabi-gcc "../Drivers/STM32F7xx_HAL_Driver/Src/stm32f7xx_hal_rcc.c" -mcpu=cortex-m7 -std=gnu11 -g3 -DDEBUG -DUSE_HAL_DRIVER -DSTM32F746xx -c -I../Core/Inc -I../Drivers/STM32F7xx_HAL_Driver/Inc -I../Drivers/STM32F7xx_HAL_Driver/Inc/Legacy -I../Drivers/CMSIS/Device/ST/STM32F7xx/Include -I../Drivers/CMSIS/Include -O0 -ffunction-sections -fdata-sections -Wall -fstack-usage -MMD -MP -MF"Drivers/STM32F7xx_HAL_Driver/Src/stm32f7xx_hal_rcc.d" -MT"Drivers/STM32F7xx_HAL_Driver/Src/stm32f7xx_hal_rcc.o" --specs=nano.specs -mfpu=fpv5-sp-d16 -mfloat-abi=hard -mthumb -o "Drivers/STM32F7xx_HAL_Driver/Src/stm32f7xx_hal_rcc.o"
arm-none-eabi-gcc "../Drivers/STM32F7xx_HAL_Driver/Src/stm32f7xx_hal_rcc_ex.c" -mcpu=cortex-m7 -std=gnu11 -g3 -DDEBUG -DUSE_HAL_DRIVER -DSTM32F746xx -c -I../Core/Inc -I../Drivers/STM32F7xx_HAL_Driver/Inc -I../Drivers/STM32F7xx_HAL_Driver/Inc/Legacy -I../Drivers/CMSIS/Device/ST/STM32F7xx/Include -I../Drivers/CMSIS/Include -O0 -ffunction-sections -fdata-sections -Wall -fstack-usage -MMD -MP -MF"Drivers/STM32F7xx_HAL_Driver/Src/stm32f7xx_hal_rcc_ex.d" -MT"Drivers/STM32F7xx_HAL_Driver/Src/stm32f7xx_hal_rcc_ex.o" --specs=nano.specs -mfpu=fpv5-sp-d16 -mfloat-abi=hard -mthumb -o "Drivers/STM32F7xx_HAL_Driver/Src/stm32f7xx_hal_rcc_ex.o"
arm-none-eabi-gcc "../Core/Src/gpio.c" -mcpu=cortex-m7 -std=gnu11 -g3 -DDEBUG -DUSE_HAL_DRIVER -DSTM32F746xx -c -I../Core/Inc -I../Drivers/STM32F7xx_HAL_Driver/Inc -I../Drivers/STM32F7xx_HAL_Driver/Inc/Legacy -I../Drivers/CMSIS/Device/ST/STM32F7xx/Include -I../Drivers/CMSIS/Include -O0 -ffunction-sections -fdata-sections -Wall -fstack-usage -MMD -MP -MF"Core/Src/gpio.d" -MT"Core/Src/gpio.o" --specs=nano.specs -mfpu=fpv5-sp-d16 -mfloat-abi=hard -mthumb -o "Core/Src/gpio.o"
arm-none-eabi-gcc "../Core/Src/lcd.c" -mcpu=cortex-m7 -std=gnu11 -g3 -DDEBUG -DUSE_HAL_DRIVER -DSTM32F746xx -c -I../Core/Inc -I../Drivers/STM32F7xx_HAL_Driver/Inc -I../Drivers/STM32F7xx_HAL_Driver/Inc/Legacy -I../Drivers/CMSIS/Device/ST/STM32F7xx/Include -I../Drivers/CMSIS/Include -O0 -ffunction-sections -fdata-sections -Wall -fstack-usage -MMD -MP -MF"Core/Src/lcd.d" -MT"Core/Src/lcd.o" --specs=nano.specs -mfpu=fpv5-sp-d16 -mfloat-abi=hard -mthumb -o "Core/Src/lcd.o"
arm-none-eabi-gcc "../Core/Src/main.c" -mcpu=cortex-m7 -std=gnu11 -g3 -DDEBUG -DUSE_HAL_DRIVER -DSTM32F746xx -c -I../Core/Inc -I../Drivers/STM32F7xx_HAL_Driver/Inc -I../Drivers/STM32F7xx_HAL_Driver/Inc/Legacy -I../Drivers/CMSIS/Device/ST/STM32F7xx/Include -I../Drivers/CMSIS/Include -O0 -ffunction-sections -fdata-sections -Wall -fstack-usage -MMD -MP -MF"Core/Src/main.d" -MT"Core/Src/main.o" --specs=nano.specs -mfpu=fpv5-sp-d16 -mfloat-abi=hard -mthumb -o "Core/Src/main.o"
arm-none-eabi-gcc "../Core/Src/stm32f7xx_hal_msp.c" -mcpu=cortex-m7 -std=gnu11 -g3 -DDEBUG -DUSE_HAL_DRIVER -DSTM32F746xx -c -I../Core/Inc -I../Drivers/STM32F7xx_HAL_Driver/Inc -I../Drivers/STM32F7xx_HAL_Driver/Inc/Legacy -I../Drivers/CMSIS/Device/ST/STM32F7xx/Include -I../Drivers/CMSIS/Include -O0 -ffunction-sections -fdata-sections -Wall -fstack-usage -MMD -MP -MF"Core/Src/stm32f7xx_hal_msp.d" -MT"Core/Src/stm32f7xx_hal_msp.o" --specs=nano.specs -mfpu=fpv5-sp-d16 -mfloat-abi=hard -mthumb -o "Core/Src/stm32f7xx_hal_msp.o"
arm-none-eabi-gcc "../Core/Src/stm32f7xx_it.c" -mcpu=cortex-m7 -std=gnu11 -g3 -DDEBUG -DUSE_HAL_DRIVER -DSTM32F746xx -c -I../Core/Inc -I../Drivers/STM32F7xx_HAL_Driver/Inc -I../Drivers/STM32F7xx_HAL_Driver/Inc/Legacy -I../Drivers/CMSIS/Device/ST/STM32F7xx/Include -I../Drivers/CMSIS/Include -O0 -ffunction-sections -fdata-sections -Wall -fstack-usage -MMD -MP -MF"Core/Src/stm32f7xx_it.d" -MT"Core/Src/stm32f7xx_it.o" --specs=nano.specs -mfpu=fpv5-sp-d16 -mfloat-abi=hard -mthumb -o "Core/Src/stm32f7xx_it.o"
arm-none-eabi-gcc "../Core/Src/system_stm32f7xx.c" -mcpu=cortex-m7 -std=gnu11 -g3 -DDEBUG -DUSE_HAL_DRIVER -DSTM32F746xx -c -I../Core/Inc -I../Drivers/STM32F7xx_HAL_Driver/Inc -I../Drivers/STM32F7xx_HAL_Driver/Inc/Legacy -I../Drivers/CMSIS/Device/ST/STM32F7xx/Include -I../Drivers/CMSIS/Include -O0 -ffunction-sections -fdata-sections -Wall -fstack-usage -MMD -MP -MF"Core/Src/system_stm32f7xx.d" -MT"Core/Src/system_stm32f7xx.o" --specs=nano.specs -mfpu=fpv5-sp-d16 -mfloat-abi=hard -mthumb -o "Core/Src/system_stm32f7xx.o"
arm-none-eabi-gcc -o "Cwiczenie_4.elf" @"objects.list"   -mcpu=cortex-m7 -T"D:\STM\STM32CubeIDE\workspace_1.10.1\Marek_Galewski_STM32\Cwiczenie_4\STM32F746NGHX_FLASH.ld" --specs=nosys.specs -Wl,-Map="Cwiczenie_4.map" -Wl,--gc-sections -static --specs=nano.specs -mfpu=fpv5-sp-d16 -mfloat-abi=hard -mthumb -Wl,--start-group -lc -lm -Wl,--end-group
Finished building target: Cwiczenie_4.elf
 
arm-none-eabi-size   Cwiczenie_4.elf 
arm-none-eabi-objdump -h -S  Cwiczenie_4.elf  > "Cwiczenie_4.list"
   text	   data	    bss	    dec	    hex	filename
  12192	    124	   1612	  13928	   3668	Cwiczenie_4.elf
Finished building: default.size.stdout
 
Finished building: Cwiczenie_4.list
 
20:12:59 **** Incremental Build of configuration Debug for project Cwiczenie_4 ****
make -j8 all 
arm-none-eabi-gcc "../Core/Src/main.c" -mcpu=cortex-m7 -std=gnu11 -g3 -DDEBUG -DUSE_HAL_DRIVER -DSTM32F746xx -c -I../Core/Inc -I../Drivers/STM32F7xx_HAL_Driver/Inc -I../Drivers/STM32F7xx_HAL_Driver/Inc/Legacy -I../Drivers/CMSIS/Device/ST/STM32F7xx/Include -I../Drivers/CMSIS/Include -O0 -ffunction-sections -fdata-sections -Wall -fstack-usage -MMD -MP -MF"Core/Src/main.d" -MT"Core/Src/main.o" --specs=nano.specs -mfpu=fpv5-sp-d16 -mfloat-abi=hard -mthumb -o "Core/Src/main.o"
arm-none-eabi-gcc -o "Cwiczenie_4.elf" @"objects.list"   -mcpu=cortex-m7 -T"D:\STM\STM32CubeIDE\workspace_1.10.1\Marek_Galewski_STM32\Cwiczenie_4\STM32F746NGHX_FLASH.ld" --specs=nosys.specs -Wl,-Map="Cwiczenie_4.map" -Wl,--gc-sections -static --specs=nano.specs -mfpu=fpv5-sp-d16 -mfloat-abi=hard -mthumb -Wl,--start-group -lc -lm -Wl,--end-group
Finished building target: Cwiczenie_4.elf
 
arm-none-eabi-size   Cwiczenie_4.elf 
arm-none-eabi-objdump -h -S  Cwiczenie_4.elf  > "Cwiczenie_4.list"
   text	   data	    bss	    dec	    hex	filename
  12268	    124	   1612	  14004	   36b4	Cwiczenie_4.elf
Finished building: default.size.stdout
 
Finished building: Cwiczenie_4.list
 
20:13:34 **** Incremental Build of configuration Debug for project Cwiczenie_4 ****
make -j8 all 
arm-none-eabi-gcc "../Core/Src/main.c" -mcpu=cortex-m7 -std=gnu11 -g3 -DDEBUG -DUSE_HAL_DRIVER -DSTM32F746xx -c -I../Core/Inc -I../Drivers/STM32F7xx_HAL_Driver/Inc -I../Drivers/STM32F7xx_HAL_Driver/Inc/Legacy -I../Drivers/CMSIS/Device/ST/STM32F7xx/Include -I../Drivers/CMSIS/Include -O0 -ffunction-sections -fdata-sections -Wall -fstack-usage -MMD -MP -MF"Core/Src/main.d" -MT"Core/Src/main.o" --specs=nano.specs -mfpu=fpv5-sp-d16 -mfloat-abi=hard -mthumb -o "Core/Src/main.o"
arm-none-eabi-gcc -o "Cwiczenie_4.elf" @"objects.list"   -mcpu=cortex-m7 -T"D:\STM\STM32CubeIDE\workspace_1.10.1\Marek_Galewski_STM32\Cwiczenie_4\STM32F746NGHX_FLASH.ld" --specs=nosys.specs -Wl,-Map="Cwiczenie_4.map" -Wl,--gc-sections -static --specs=nano.specs -mfpu=fpv5-sp-d16 -mfloat-abi=hard -mthumb -Wl,--start-group -lc -lm -Wl,--end-group
Finished building target: Cwiczenie_4.elf
 
arm-none-eabi-size   Cwiczenie_4.elf 
arm-none-eabi-objdump -h -S  Cwiczenie_4.elf  > "Cwiczenie_4.list"
   text	   data	    bss	    dec	    hex	filename
  12264	    124	   1612	  14000	   36b0	Cwiczenie_4.elf
Finished building: default.size.stdout
 
Finished building: Cwiczenie_4.list
 
20:14:52 **** Incremental Build of configuration Debug for project Cwiczenie_4 ****
make -j8 all 
arm-none-eabi-gcc "../Core/Src/main.c" -mcpu=cortex-m7 -std=gnu11 -g3 -DDEBUG -DUSE_HAL_DRIVER -DSTM32F746xx -c -I../Core/Inc -I../Drivers/STM32F7xx_HAL_Driver/Inc -I../Drivers/STM32F7xx_HAL_Driver/Inc/Legacy -I../Drivers/CMSIS/Device/ST/STM32F7xx/Include -I../Drivers/CMSIS/Include -O0 -ffunction-sections -fdata-sections -Wall -fstack-usage -MMD -MP -MF"Core/Src/main.d" -MT"Core/Src/main.o" --specs=nano.specs -mfpu=fpv5-sp-d16 -mfloat-abi=hard -mthumb -o "Core/Src/main.o"
arm-none-eabi-gcc -o "Cwiczenie_4.elf" @"objects.list"   -mcpu=cortex-m7 -T"D:\STM\STM32CubeIDE\workspace_1.10.1\Marek_Galewski_STM32\Cwiczenie_4\STM32F746NGHX_FLASH.ld" --specs=nosys.specs -Wl,-Map="Cwiczenie_4.map" -Wl,--gc-sections -static --specs=nano.specs -mfpu=fpv5-sp-d16 -mfloat-abi=hard -mthumb -Wl,--start-group -lc -lm -Wl,--end-group
Finished building target: Cwiczenie_4.elf
 
arm-none-eabi-size   Cwiczenie_4.elf 
arm-none-eabi-objdump -h -S  Cwiczenie_4.elf  > "Cwiczenie_4.list"
   text	   data	    bss	    dec	    hex	filename
  12280	    124	   1612	  14016	   36c0	Cwiczenie_4.elf
Finished building: default.size.stdout
 
Finished building: Cwiczenie_4.list
 
20:15:49 **** Incremental Build of configuration Debug for project Cwiczenie_4 ****
make -j8 all 
arm-none-eabi-gcc "../Core/Src/main.c" -mcpu=cortex-m7 -std=gnu11 -g3 -DDEBUG -DUSE_HAL_DRIVER -DSTM32F746xx -c -I../Core/Inc -I../Drivers/STM32F7xx_HAL_Driver/Inc -I../Drivers/STM32F7xx_HAL_Driver/Inc/Legacy -I../Drivers/CMSIS/Device/ST/STM32F7xx/Include -I../Drivers/CMSIS/Include -O0 -ffunction-sections -fdata-sections -Wall -fstack-usage -MMD -MP -MF"Core/Src/main.d" -MT"Core/Src/main.o" --specs=nano.specs -mfpu=fpv5-sp-d16 -mfloat-abi=hard -mthumb -o "Core/Src/main.o"
arm-none-eabi-gcc -o "Cwiczenie_4.elf" @"objects.list"   -mcpu=cortex-m7 -T"D:\STM\STM32CubeIDE\workspace_1.10.1\Marek_Galewski_STM32\Cwiczenie_4\STM32F746NGHX_FLASH.ld" --specs=nosys.specs -Wl,-Map="Cwiczenie_4.map" -Wl,--gc-sections -static --specs=nano.specs -mfpu=fpv5-sp-d16 -mfloat-abi=hard -mthumb -Wl,--start-group -lc -lm -Wl,--end-group
Finished building target: Cwiczenie_4.elf
 
arm-none-eabi-size   Cwiczenie_4.elf 
arm-none-eabi-objdump -h -S  Cwiczenie_4.elf  > "Cwiczenie_4.list"
   text	   data	    bss	    dec	    hex	filename
  12280	    124	   1612	  14016	   36c0	Cwiczenie_4.elf
Finished building: default.size.stdout
 
Finished building: Cwiczenie_4.list
 
20:17:00 **** Incremental Build of configuration Debug for project Cwiczenie_4 ****
make -j8 all 
arm-none-eabi-gcc "../Core/Src/main.c" -mcpu=cortex-m7 -std=gnu11 -g3 -DDEBUG -DUSE_HAL_DRIVER -DSTM32F746xx -c -I../Core/Inc -I../Drivers/STM32F7xx_HAL_Driver/Inc -I../Drivers/STM32F7xx_HAL_Driver/Inc/Legacy -I../Drivers/CMSIS/Device/ST/STM32F7xx/Include -I../Drivers/CMSIS/Include -O0 -ffunction-sections -fdata-sections -Wall -fstack-usage -MMD -MP -MF"Core/Src/main.d" -MT"Core/Src/main.o" --specs=nano.specs -mfpu=fpv5-sp-d16 -mfloat-abi=hard -mthumb -o "Core/Src/main.o"
arm-none-eabi-gcc -o "Cwiczenie_4.elf" @"objects.list"   -mcpu=cortex-m7 -T"D:\STM\STM32CubeIDE\workspace_1.10.1\Marek_Galewski_STM32\Cwiczenie_4\STM32F746NGHX_FLASH.ld" --specs=nosys.specs -Wl,-Map="Cwiczenie_4.map" -Wl,--gc-sections -static --specs=nano.specs -mfpu=fpv5-sp-d16 -mfloat-abi=hard -mthumb -Wl,--start-group -lc -lm -Wl,--end-group
Finished building target: Cwiczenie_4.elf
 
arm-none-eabi-size   Cwiczenie_4.elf 
arm-none-eabi-objdump -h -S  Cwiczenie_4.elf  > "Cwiczenie_4.list"
   text	   data	    bss	    dec	    hex	filename
  12280	    124	   1612	  14016	   36c0	Cwiczenie_4.elf
Finished building: default.size.stdout
 
Finished building: Cwiczenie_4.list
 
20:17:37 **** Incremental Build of configuration Debug for project Cwiczenie_4 ****
make -j8 all 
arm-none-eabi-gcc "../Core/Src/main.c" -mcpu=cortex-m7 -std=gnu11 -g3 -DDEBUG -DUSE_HAL_DRIVER -DSTM32F746xx -c -I../Core/Inc -I../Drivers/STM32F7xx_HAL_Driver/Inc -I../Drivers/STM32F7xx_HAL_Driver/Inc/Legacy -I../Drivers/CMSIS/Device/ST/STM32F7xx/Include -I../Drivers/CMSIS/Include -O0 -ffunction-sections -fdata-sections -Wall -fstack-usage -MMD -MP -MF"Core/Src/main.d" -MT"Core/Src/main.o" --specs=nano.specs -mfpu=fpv5-sp-d16 -mfloat-abi=hard -mthumb -o "Core/Src/main.o"
arm-none-eabi-gcc -o "Cwiczenie_4.elf" @"objects.list"   -mcpu=cortex-m7 -T"D:\STM\STM32CubeIDE\workspace_1.10.1\Marek_Galewski_STM32\Cwiczenie_4\STM32F746NGHX_FLASH.ld" --specs=nosys.specs -Wl,-Map="Cwiczenie_4.map" -Wl,--gc-sections -static --specs=nano.specs -mfpu=fpv5-sp-d16 -mfloat-abi=hard -mthumb -Wl,--start-group -lc -lm -Wl,--end-group
Finished building target: Cwiczenie_4.elf
 
arm-none-eabi-size   Cwiczenie_4.elf 
arm-none-eabi-objdump -h -S  Cwiczenie_4.elf  > "Cwiczenie_4.list"
   text	   data	    bss	    dec	    hex	filename
  12280	    124	   1612	  14016	   36c0	Cwiczenie_4.elf
Finished building: default.size.stdout
 
Finished building: Cwiczenie_4.list
 
20:18:33 **** Incremental Build of configuration Debug for project Cwiczenie_4 ****
make -j8 all 
arm-none-eabi-gcc "../Core/Src/main.c" -mcpu=cortex-m7 -std=gnu11 -g3 -DDEBUG -DUSE_HAL_DRIVER -DSTM32F746xx -c -I../Core/Inc -I../Drivers/STM32F7xx_HAL_Driver/Inc -I../Drivers/STM32F7xx_HAL_Driver/Inc/Legacy -I../Drivers/CMSIS/Device/ST/STM32F7xx/Include -I../Drivers/CMSIS/Include -O0 -ffunction-sections -fdata-sections -Wall -fstack-usage -MMD -MP -MF"Core/Src/main.d" -MT"Core/Src/main.o" --specs=nano.specs -mfpu=fpv5-sp-d16 -mfloat-abi=hard -mthumb -o "Core/Src/main.o"
arm-none-eabi-gcc -o "Cwiczenie_4.elf" @"objects.list"   -mcpu=cortex-m7 -T"D:\STM\STM32CubeIDE\workspace_1.10.1\Marek_Galewski_STM32\Cwiczenie_4\STM32F746NGHX_FLASH.ld" --specs=nosys.specs -Wl,-Map="Cwiczenie_4.map" -Wl,--gc-sections -static --specs=nano.specs -mfpu=fpv5-sp-d16 -mfloat-abi=hard -mthumb -Wl,--start-group -lc -lm -Wl,--end-group
Finished building target: Cwiczenie_4.elf
 
arm-none-eabi-size   Cwiczenie_4.elf 
arm-none-eabi-objdump -h -S  Cwiczenie_4.elf  > "Cwiczenie_4.list"
   text	   data	    bss	    dec	    hex	filename
  12280	    124	   1612	  14016	   36c0	Cwiczenie_4.elf
Finished building: default.size.stdout
 
Finished building: Cwiczenie_4.list
 
20:20:00 **** Incremental Build of configuration Debug for project Cwiczenie_4 ****
make -j8 all 
arm-none-eabi-gcc "../Core/Src/main.c" -mcpu=cortex-m7 -std=gnu11 -g3 -DDEBUG -DUSE_HAL_DRIVER -DSTM32F746xx -c -I../Core/Inc -I../Drivers/STM32F7xx_HAL_Driver/Inc -I../Drivers/STM32F7xx_HAL_Driver/Inc/Legacy -I../Drivers/CMSIS/Device/ST/STM32F7xx/Include -I../Drivers/CMSIS/Include -O0 -ffunction-sections -fdata-sections -Wall -fstack-usage -MMD -MP -MF"Core/Src/main.d" -MT"Core/Src/main.o" --specs=nano.specs -mfpu=fpv5-sp-d16 -mfloat-abi=hard -mthumb -o "Core/Src/main.o"
arm-none-eabi-gcc -o "Cwiczenie_4.elf" @"objects.list"   -mcpu=cortex-m7 -T"D:\STM\STM32CubeIDE\workspace_1.10.1\Marek_Galewski_STM32\Cwiczenie_4\STM32F746NGHX_FLASH.ld" --specs=nosys.specs -Wl,-Map="Cwiczenie_4.map" -Wl,--gc-sections -static --specs=nano.specs -mfpu=fpv5-sp-d16 -mfloat-abi=hard -mthumb -Wl,--start-group -lc -lm -Wl,--end-group
Finished building target: Cwiczenie_4.elf
 
arm-none-eabi-size   Cwiczenie_4.elf 
arm-none-eabi-objdump -h -S  Cwiczenie_4.elf  > "Cwiczenie_4.list"
   text	   data	    bss	    dec	    hex	filename
  12284	    124	   1612	  14020	   36c4	Cwiczenie_4.elf
Finished building: default.size.stdout
 
Finished building: Cwiczenie_4.list
 
20:20:36 **** Incremental Build of configuration Debug for project Cwiczenie_4 ****
make -j8 all 
arm-none-eabi-gcc "../Core/Src/main.c" -mcpu=cortex-m7 -std=gnu11 -g3 -DDEBUG -DUSE_HAL_DRIVER -DSTM32F746xx -c -I../Core/Inc -I../Drivers/STM32F7xx_HAL_Driver/Inc -I../Drivers/STM32F7xx_HAL_Driver/Inc/Legacy -I../Drivers/CMSIS/Device/ST/STM32F7xx/Include -I../Drivers/CMSIS/Include -O0 -ffunction-sections -fdata-sections -Wall -fstack-usage -MMD -MP -MF"Core/Src/main.d" -MT"Core/Src/main.o" --specs=nano.specs -mfpu=fpv5-sp-d16 -mfloat-abi=hard -mthumb -o "Core/Src/main.o"
arm-none-eabi-gcc -o "Cwiczenie_4.elf" @"objects.list"   -mcpu=cortex-m7 -T"D:\STM\STM32CubeIDE\workspace_1.10.1\Marek_Galewski_STM32\Cwiczenie_4\STM32F746NGHX_FLASH.ld" --specs=nosys.specs -Wl,-Map="Cwiczenie_4.map" -Wl,--gc-sections -static --specs=nano.specs -mfpu=fpv5-sp-d16 -mfloat-abi=hard -mthumb -Wl,--start-group -lc -lm -Wl,--end-group
Finished building target: Cwiczenie_4.elf
 
arm-none-eabi-size   Cwiczenie_4.elf 
arm-none-eabi-objdump -h -S  Cwiczenie_4.elf  > "Cwiczenie_4.list"
   text	   data	    bss	    dec	    hex	filename
  12280	    124	   1612	  14016	   36c0	Cwiczenie_4.elf
Finished building: default.size.stdout
 
Finished building: Cwiczenie_4.list
 
20:21:26 **** Incremental Build of configuration Debug for project Cwiczenie_4 ****
make -j8 all 
arm-none-eabi-gcc "../Core/Src/main.c" -mcpu=cortex-m7 -std=gnu11 -g3 -DDEBUG -DUSE_HAL_DRIVER -DSTM32F746xx -c -I../Core/Inc -I../Drivers/STM32F7xx_HAL_Driver/Inc -I../Drivers/STM32F7xx_HAL_Driver/Inc/Legacy -I../Drivers/CMSIS/Device/ST/STM32F7xx/Include -I../Drivers/CMSIS/Include -O0 -ffunction-sections -fdata-sections -Wall -fstack-usage -MMD -MP -MF"Core/Src/main.d" -MT"Core/Src/main.o" --specs=nano.specs -mfpu=fpv5-sp-d16 -mfloat-abi=hard -mthumb -o "Core/Src/main.o"
arm-none-eabi-gcc -o "Cwiczenie_4.elf" @"objects.list"   -mcpu=cortex-m7 -T"D:\STM\STM32CubeIDE\workspace_1.10.1\Marek_Galewski_STM32\Cwiczenie_4\STM32F746NGHX_FLASH.ld" --specs=nosys.specs -Wl,-Map="Cwiczenie_4.map" -Wl,--gc-sections -static --specs=nano.specs -mfpu=fpv5-sp-d16 -mfloat-abi=hard -mthumb -Wl,--start-group -lc -lm -Wl,--end-group
Finished building target: Cwiczenie_4.elf
 
arm-none-eabi-size   Cwiczenie_4.elf 
arm-none-eabi-objdump -h -S  Cwiczenie_4.elf  > "Cwiczenie_4.list"
   text	   data	    bss	    dec	    hex	filename
  12280	    124	   1612	  14016	   36c0	Cwiczenie_4.elf
Finished building: default.size.stdout
 
Finished building: Cwiczenie_4.list
 
20:22:17 **** Incremental Build of configuration Debug for project Cwiczenie_4 ****
make -j8 all 
arm-none-eabi-gcc "../Core/Src/main.c" -mcpu=cortex-m7 -std=gnu11 -g3 -DDEBUG -DUSE_HAL_DRIVER -DSTM32F746xx -c -I../Core/Inc -I../Drivers/STM32F7xx_HAL_Driver/Inc -I../Drivers/STM32F7xx_HAL_Driver/Inc/Legacy -I../Drivers/CMSIS/Device/ST/STM32F7xx/Include -I../Drivers/CMSIS/Include -O0 -ffunction-sections -fdata-sections -Wall -fstack-usage -MMD -MP -MF"Core/Src/main.d" -MT"Core/Src/main.o" --specs=nano.specs -mfpu=fpv5-sp-d16 -mfloat-abi=hard -mthumb -o "Core/Src/main.o"
arm-none-eabi-gcc -o "Cwiczenie_4.elf" @"objects.list"   -mcpu=cortex-m7 -T"D:\STM\STM32CubeIDE\workspace_1.10.1\Marek_Galewski_STM32\Cwiczenie_4\STM32F746NGHX_FLASH.ld" --specs=nosys.specs -Wl,-Map="Cwiczenie_4.map" -Wl,--gc-sections -static --specs=nano.specs -mfpu=fpv5-sp-d16 -mfloat-abi=hard -mthumb -Wl,--start-group -lc -lm -Wl,--end-group
Finished building target: Cwiczenie_4.elf
 
arm-none-eabi-size   Cwiczenie_4.elf 
arm-none-eabi-objdump -h -S  Cwiczenie_4.elf  > "Cwiczenie_4.list"
   text	   data	    bss	    dec	    hex	filename
  12284	    124	   1612	  14020	   36c4	Cwiczenie_4.elf
Finished building: default.size.stdout
 
Finished building: Cwiczenie_4.list
 
20:22:33 **** Incremental Build of configuration Debug for project Cwiczenie_4 ****
make -j8 all 
arm-none-eabi-gcc "../Core/Src/main.c" -mcpu=cortex-m7 -std=gnu11 -g3 -DDEBUG -DUSE_HAL_DRIVER -DSTM32F746xx -c -I../Core/Inc -I../Drivers/STM32F7xx_HAL_Driver/Inc -I../Drivers/STM32F7xx_HAL_Driver/Inc/Legacy -I../Drivers/CMSIS/Device/ST/STM32F7xx/Include -I../Drivers/CMSIS/Include -O0 -ffunction-sections -fdata-sections -Wall -fstack-usage -MMD -MP -MF"Core/Src/main.d" -MT"Core/Src/main.o" --specs=nano.specs -mfpu=fpv5-sp-d16 -mfloat-abi=hard -mthumb -o "Core/Src/main.o"
arm-none-eabi-gcc -o "Cwiczenie_4.elf" @"objects.list"   -mcpu=cortex-m7 -T"D:\STM\STM32CubeIDE\workspace_1.10.1\Marek_Galewski_STM32\Cwiczenie_4\STM32F746NGHX_FLASH.ld" --specs=nosys.specs -Wl,-Map="Cwiczenie_4.map" -Wl,--gc-sections -static --specs=nano.specs -mfpu=fpv5-sp-d16 -mfloat-abi=hard -mthumb -Wl,--start-group -lc -lm -Wl,--end-group
Finished building target: Cwiczenie_4.elf
 
arm-none-eabi-size   Cwiczenie_4.elf 
arm-none-eabi-objdump -h -S  Cwiczenie_4.elf  > "Cwiczenie_4.list"
   text	   data	    bss	    dec	    hex	filename
  12280	    124	   1612	  14016	   36c0	Cwiczenie_4.elf
Finished building: default.size.stdout
 
Finished building: Cwiczenie_4.list
 
20:26:15 **** Incremental Build of configuration Debug for project Cwiczenie_4 ****
make -j8 all 
arm-none-eabi-gcc "../Core/Src/main.c" -mcpu=cortex-m7 -std=gnu11 -g3 -DDEBUG -DUSE_HAL_DRIVER -DSTM32F746xx -c -I../Core/Inc -I../Drivers/STM32F7xx_HAL_Driver/Inc -I../Drivers/STM32F7xx_HAL_Driver/Inc/Legacy -I../Drivers/CMSIS/Device/ST/STM32F7xx/Include -I../Drivers/CMSIS/Include -O0 -ffunction-sections -fdata-sections -Wall -fstack-usage -MMD -MP -MF"Core/Src/main.d" -MT"Core/Src/main.o" --specs=nano.specs -mfpu=fpv5-sp-d16 -mfloat-abi=hard -mthumb -o "Core/Src/main.o"
arm-none-eabi-gcc -o "Cwiczenie_4.elf" @"objects.list"   -mcpu=cortex-m7 -T"D:\STM\STM32CubeIDE\workspace_1.10.1\Marek_Galewski_STM32\Cwiczenie_4\STM32F746NGHX_FLASH.ld" --specs=nosys.specs -Wl,-Map="Cwiczenie_4.map" -Wl,--gc-sections -static --specs=nano.specs -mfpu=fpv5-sp-d16 -mfloat-abi=hard -mthumb -Wl,--start-group -lc -lm -Wl,--end-group
Finished building target: Cwiczenie_4.elf
 
arm-none-eabi-size   Cwiczenie_4.elf 
arm-none-eabi-objdump -h -S  Cwiczenie_4.elf  > "Cwiczenie_4.list"
   text	   data	    bss	    dec	    hex	filename
  12264	    124	   1612	  14000	   36b0	Cwiczenie_4.elf
Finished building: default.size.stdout
 
Finished building: Cwiczenie_4.list
 
20:28:17 **** Incremental Build of configuration Debug for project Cwiczenie_4 ****
make -j8 all 
arm-none-eabi-gcc "../Core/Src/main.c" -mcpu=cortex-m7 -std=gnu11 -g3 -DDEBUG -DUSE_HAL_DRIVER -DSTM32F746xx -c -I../Core/Inc -I../Drivers/STM32F7xx_HAL_Driver/Inc -I../Drivers/STM32F7xx_HAL_Driver/Inc/Legacy -I../Drivers/CMSIS/Device/ST/STM32F7xx/Include -I../Drivers/CMSIS/Include -O0 -ffunction-sections -fdata-sections -Wall -fstack-usage -MMD -MP -MF"Core/Src/main.d" -MT"Core/Src/main.o" --specs=nano.specs -mfpu=fpv5-sp-d16 -mfloat-abi=hard -mthumb -o "Core/Src/main.o"
arm-none-eabi-gcc -o "Cwiczenie_4.elf" @"objects.list"   -mcpu=cortex-m7 -T"D:\STM\STM32CubeIDE\workspace_1.10.1\Marek_Galewski_STM32\Cwiczenie_4\STM32F746NGHX_FLASH.ld" --specs=nosys.specs -Wl,-Map="Cwiczenie_4.map" -Wl,--gc-sections -static --specs=nano.specs -mfpu=fpv5-sp-d16 -mfloat-abi=hard -mthumb -Wl,--start-group -lc -lm -Wl,--end-group
Finished building target: Cwiczenie_4.elf
 
arm-none-eabi-size   Cwiczenie_4.elf 
arm-none-eabi-objdump -h -S  Cwiczenie_4.elf  > "Cwiczenie_4.list"
   text	   data	    bss	    dec	    hex	filename
  12268	    124	   1612	  14004	   36b4	Cwiczenie_4.elf
Finished building: default.size.stdout
 
Finished building: Cwiczenie_4.list
 
20:29:10 **** Incremental Build of configuration Debug for project Cwiczenie_4 ****
make -j8 all 
arm-none-eabi-gcc "../Core/Src/main.c" -mcpu=cortex-m7 -std=gnu11 -g3 -DDEBUG -DUSE_HAL_DRIVER -DSTM32F746xx -c -I../Core/Inc -I../Drivers/STM32F7xx_HAL_Driver/Inc -I../Drivers/STM32F7xx_HAL_Driver/Inc/Legacy -I../Drivers/CMSIS/Device/ST/STM32F7xx/Include -I../Drivers/CMSIS/Include -O0 -ffunction-sections -fdata-sections -Wall -fstack-usage -MMD -MP -MF"Core/Src/main.d" -MT"Core/Src/main.o" --specs=nano.specs -mfpu=fpv5-sp-d16 -mfloat-abi=hard -mthumb -o "Core/Src/main.o"
arm-none-eabi-gcc -o "Cwiczenie_4.elf" @"objects.list"   -mcpu=cortex-m7 -T"D:\STM\STM32CubeIDE\workspace_1.10.1\Marek_Galewski_STM32\Cwiczenie_4\STM32F746NGHX_FLASH.ld" --specs=nosys.specs -Wl,-Map="Cwiczenie_4.map" -Wl,--gc-sections -static --specs=nano.specs -mfpu=fpv5-sp-d16 -mfloat-abi=hard -mthumb -Wl,--start-group -lc -lm -Wl,--end-group
Finished building target: Cwiczenie_4.elf
 
arm-none-eabi-size   Cwiczenie_4.elf 
arm-none-eabi-objdump -h -S  Cwiczenie_4.elf  > "Cwiczenie_4.list"
   text	   data	    bss	    dec	    hex	filename
  12260	    124	   1612	  13996	   36ac	Cwiczenie_4.elf
Finished building: default.size.stdout
 
Finished building: Cwiczenie_4.list
 
20:31:45 **** Incremental Build of configuration Debug for project Cwiczenie_4 ****
make -j8 all 
arm-none-eabi-gcc "../Core/Src/main.c" -mcpu=cortex-m7 -std=gnu11 -g3 -DDEBUG -DUSE_HAL_DRIVER -DSTM32F746xx -c -I../Core/Inc -I../Drivers/STM32F7xx_HAL_Driver/Inc -I../Drivers/STM32F7xx_HAL_Driver/Inc/Legacy -I../Drivers/CMSIS/Device/ST/STM32F7xx/Include -I../Drivers/CMSIS/Include -O0 -ffunction-sections -fdata-sections -Wall -fstack-usage -MMD -MP -MF"Core/Src/main.d" -MT"Core/Src/main.o" --specs=nano.specs -mfpu=fpv5-sp-d16 -mfloat-abi=hard -mthumb -o "Core/Src/main.o"
arm-none-eabi-gcc -o "Cwiczenie_4.elf" @"objects.list"   -mcpu=cortex-m7 -T"D:\STM\STM32CubeIDE\workspace_1.10.1\Marek_Galewski_STM32\Cwiczenie_4\STM32F746NGHX_FLASH.ld" --specs=nosys.specs -Wl,-Map="Cwiczenie_4.map" -Wl,--gc-sections -static --specs=nano.specs -mfpu=fpv5-sp-d16 -mfloat-abi=hard -mthumb -Wl,--start-group -lc -lm -Wl,--end-group
Finished building target: Cwiczenie_4.elf
 
arm-none-eabi-size   Cwiczenie_4.elf 
arm-none-eabi-objdump -h -S  Cwiczenie_4.elf  > "Cwiczenie_4.list"
   text	   data	    bss	    dec	    hex	filename
  12260	    124	   1612	  13996	   36ac	Cwiczenie_4.elf
Finished building: default.size.stdout
 
Finished building: Cwiczenie_4.list
 
20:37:05 **** Incremental Build of configuration Debug for project Cwiczenie_4 ****
make -j8 all 
arm-none-eabi-gcc "../Core/Src/main.c" -mcpu=cortex-m7 -std=gnu11 -g3 -DDEBUG -DUSE_HAL_DRIVER -DSTM32F746xx -c -I../Core/Inc -I../Drivers/STM32F7xx_HAL_Driver/Inc -I../Drivers/STM32F7xx_HAL_Driver/Inc/Legacy -I../Drivers/CMSIS/Device/ST/STM32F7xx/Include -I../Drivers/CMSIS/Include -O0 -ffunction-sections -fdata-sections -Wall -fstack-usage -MMD -MP -MF"Core/Src/main.d" -MT"Core/Src/main.o" --specs=nano.specs -mfpu=fpv5-sp-d16 -mfloat-abi=hard -mthumb -o "Core/Src/main.o"
arm-none-eabi-gcc -o "Cwiczenie_4.elf" @"objects.list"   -mcpu=cortex-m7 -T"D:\STM\STM32CubeIDE\workspace_1.10.1\Marek_Galewski_STM32\Cwiczenie_4\STM32F746NGHX_FLASH.ld" --specs=nosys.specs -Wl,-Map="Cwiczenie_4.map" -Wl,--gc-sections -static --specs=nano.specs -mfpu=fpv5-sp-d16 -mfloat-abi=hard -mthumb -Wl,--start-group -lc -lm -Wl,--end-group
Finished building target: Cwiczenie_4.elf
 
arm-none-eabi-size   Cwiczenie_4.elf 
arm-none-eabi-objdump -h -S  Cwiczenie_4.elf  > "Cwiczenie_4.list"
   text	   data	    bss	    dec	    hex	filename
  12284	    124	   1612	  14020	   36c4	Cwiczenie_4.elf
Finished building: default.size.stdout
 
Finished building: Cwiczenie_4.list
 
20:38:54 **** Incremental Build of configuration Debug for project Cwiczenie_4 ****
make -j8 all 
arm-none-eabi-gcc "../Core/Src/main.c" -mcpu=cortex-m7 -std=gnu11 -g3 -DDEBUG -DUSE_HAL_DRIVER -DSTM32F746xx -c -I../Core/Inc -I../Drivers/STM32F7xx_HAL_Driver/Inc -I../Drivers/STM32F7xx_HAL_Driver/Inc/Legacy -I../Drivers/CMSIS/Device/ST/STM32F7xx/Include -I../Drivers/CMSIS/Include -O0 -ffunction-sections -fdata-sections -Wall -fstack-usage -MMD -MP -MF"Core/Src/main.d" -MT"Core/Src/main.o" --specs=nano.specs -mfpu=fpv5-sp-d16 -mfloat-abi=hard -mthumb -o "Core/Src/main.o"
arm-none-eabi-gcc -o "Cwiczenie_4.elf" @"objects.list"   -mcpu=cortex-m7 -T"D:\STM\STM32CubeIDE\workspace_1.10.1\Marek_Galewski_STM32\Cwiczenie_4\STM32F746NGHX_FLASH.ld" --specs=nosys.specs -Wl,-Map="Cwiczenie_4.map" -Wl,--gc-sections -static --specs=nano.specs -mfpu=fpv5-sp-d16 -mfloat-abi=hard -mthumb -Wl,--start-group -lc -lm -Wl,--end-group
Finished building target: Cwiczenie_4.elf
 
arm-none-eabi-size   Cwiczenie_4.elf 
arm-none-eabi-objdump -h -S  Cwiczenie_4.elf  > "Cwiczenie_4.list"
   text	   data	    bss	    dec	    hex	filename
  12300	    124	   1612	  14036	   36d4	Cwiczenie_4.elf
Finished building: default.size.stdout
 
Finished building: Cwiczenie_4.list
 
20:39:53 **** Incremental Build of configuration Debug for project Cwiczenie_4 ****
make -j8 all 
arm-none-eabi-gcc "../Core/Src/main.c" -mcpu=cortex-m7 -std=gnu11 -g3 -DDEBUG -DUSE_HAL_DRIVER -DSTM32F746xx -c -I../Core/Inc -I../Drivers/STM32F7xx_HAL_Driver/Inc -I../Drivers/STM32F7xx_HAL_Driver/Inc/Legacy -I../Drivers/CMSIS/Device/ST/STM32F7xx/Include -I../Drivers/CMSIS/Include -O0 -ffunction-sections -fdata-sections -Wall -fstack-usage -MMD -MP -MF"Core/Src/main.d" -MT"Core/Src/main.o" --specs=nano.specs -mfpu=fpv5-sp-d16 -mfloat-abi=hard -mthumb -o "Core/Src/main.o"
arm-none-eabi-gcc -o "Cwiczenie_4.elf" @"objects.list"   -mcpu=cortex-m7 -T"D:\STM\STM32CubeIDE\workspace_1.10.1\Marek_Galewski_STM32\Cwiczenie_4\STM32F746NGHX_FLASH.ld" --specs=nosys.specs -Wl,-Map="Cwiczenie_4.map" -Wl,--gc-sections -static --specs=nano.specs -mfpu=fpv5-sp-d16 -mfloat-abi=hard -mthumb -Wl,--start-group -lc -lm -Wl,--end-group
Finished building target: Cwiczenie_4.elf
 
arm-none-eabi-size   Cwiczenie_4.elf 
arm-none-eabi-objdump -h -S  Cwiczenie_4.elf  > "Cwiczenie_4.list"
   text	   data	    bss	    dec	    hex	filename
  12300	    124	   1612	  14036	   36d4	Cwiczenie_4.elf
Finished building: default.size.stdout
 
Finished building: Cwiczenie_4.list
 
20:40:24 **** Incremental Build of configuration Debug for project Cwiczenie_4 ****
make -j8 all 
arm-none-eabi-gcc "../Core/Src/main.c" -mcpu=cortex-m7 -std=gnu11 -g3 -DDEBUG -DUSE_HAL_DRIVER -DSTM32F746xx -c -I../Core/Inc -I../Drivers/STM32F7xx_HAL_Driver/Inc -I../Drivers/STM32F7xx_HAL_Driver/Inc/Legacy -I../Drivers/CMSIS/Device/ST/STM32F7xx/Include -I../Drivers/CMSIS/Include -O0 -ffunction-sections -fdata-sections -Wall -fstack-usage -MMD -MP -MF"Core/Src/main.d" -MT"Core/Src/main.o" --specs=nano.specs -mfpu=fpv5-sp-d16 -mfloat-abi=hard -mthumb -o "Core/Src/main.o"
arm-none-eabi-gcc -o "Cwiczenie_4.elf" @"objects.list"   -mcpu=cortex-m7 -T"D:\STM\STM32CubeIDE\workspace_1.10.1\Marek_Galewski_STM32\Cwiczenie_4\STM32F746NGHX_FLASH.ld" --specs=nosys.specs -Wl,-Map="Cwiczenie_4.map" -Wl,--gc-sections -static --specs=nano.specs -mfpu=fpv5-sp-d16 -mfloat-abi=hard -mthumb -Wl,--start-group -lc -lm -Wl,--end-group
Finished building target: Cwiczenie_4.elf
 
arm-none-eabi-size   Cwiczenie_4.elf 
arm-none-eabi-objdump -h -S  Cwiczenie_4.elf  > "Cwiczenie_4.list"
   text	   data	    bss	    dec	    hex	filename
  12300	    124	   1612	  14036	   36d4	Cwiczenie_4.elf
Finished building: default.size.stdout
 
Finished building: Cwiczenie_4.list
 
20:41:03 **** Incremental Build of configuration Debug for project Cwiczenie_4 ****
make -j8 all 
arm-none-eabi-gcc "../Core/Src/main.c" -mcpu=cortex-m7 -std=gnu11 -g3 -DDEBUG -DUSE_HAL_DRIVER -DSTM32F746xx -c -I../Core/Inc -I../Drivers/STM32F7xx_HAL_Driver/Inc -I../Drivers/STM32F7xx_HAL_Driver/Inc/Legacy -I../Drivers/CMSIS/Device/ST/STM32F7xx/Include -I../Drivers/CMSIS/Include -O0 -ffunction-sections -fdata-sections -Wall -fstack-usage -MMD -MP -MF"Core/Src/main.d" -MT"Core/Src/main.o" --specs=nano.specs -mfpu=fpv5-sp-d16 -mfloat-abi=hard -mthumb -o "Core/Src/main.o"
arm-none-eabi-gcc -o "Cwiczenie_4.elf" @"objects.list"   -mcpu=cortex-m7 -T"D:\STM\STM32CubeIDE\workspace_1.10.1\Marek_Galewski_STM32\Cwiczenie_4\STM32F746NGHX_FLASH.ld" --specs=nosys.specs -Wl,-Map="Cwiczenie_4.map" -Wl,--gc-sections -static --specs=nano.specs -mfpu=fpv5-sp-d16 -mfloat-abi=hard -mthumb -Wl,--start-group -lc -lm -Wl,--end-group
Finished building target: Cwiczenie_4.elf
 
arm-none-eabi-size   Cwiczenie_4.elf 
arm-none-eabi-objdump -h -S  Cwiczenie_4.elf  > "Cwiczenie_4.list"
   text	   data	    bss	    dec	    hex	filename
  12292	    124	   1612	  14028	   36cc	Cwiczenie_4.elf
Finished building: default.size.stdout
 
Finished building: Cwiczenie_4.list
 
20:41:18 **** Incremental Build of configuration Debug for project Cwiczenie_4 ****
make -j8 all 
arm-none-eabi-gcc "../Core/Src/main.c" -mcpu=cortex-m7 -std=gnu11 -g3 -DDEBUG -DUSE_HAL_DRIVER -DSTM32F746xx -c -I../Core/Inc -I../Drivers/STM32F7xx_HAL_Driver/Inc -I../Drivers/STM32F7xx_HAL_Driver/Inc/Legacy -I../Drivers/CMSIS/Device/ST/STM32F7xx/Include -I../Drivers/CMSIS/Include -O0 -ffunction-sections -fdata-sections -Wall -fstack-usage -MMD -MP -MF"Core/Src/main.d" -MT"Core/Src/main.o" --specs=nano.specs -mfpu=fpv5-sp-d16 -mfloat-abi=hard -mthumb -o "Core/Src/main.o"
arm-none-eabi-gcc -o "Cwiczenie_4.elf" @"objects.list"   -mcpu=cortex-m7 -T"D:\STM\STM32CubeIDE\workspace_1.10.1\Marek_Galewski_STM32\Cwiczenie_4\STM32F746NGHX_FLASH.ld" --specs=nosys.specs -Wl,-Map="Cwiczenie_4.map" -Wl,--gc-sections -static --specs=nano.specs -mfpu=fpv5-sp-d16 -mfloat-abi=hard -mthumb -Wl,--start-group -lc -lm -Wl,--end-group
Finished building target: Cwiczenie_4.elf
 
arm-none-eabi-size   Cwiczenie_4.elf 
arm-none-eabi-objdump -h -S  Cwiczenie_4.elf  > "Cwiczenie_4.list"
   text	   data	    bss	    dec	    hex	filename
  12292	    124	   1612	  14028	   36cc	Cwiczenie_4.elf
Finished building: default.size.stdout
 
Finished building: Cwiczenie_4.list
 
20:43:18 **** Incremental Build of configuration Debug for project Cwiczenie_4 ****
make -j8 all 
arm-none-eabi-gcc "../Core/Src/main.c" -mcpu=cortex-m7 -std=gnu11 -g3 -DDEBUG -DUSE_HAL_DRIVER -DSTM32F746xx -c -I../Core/Inc -I../Drivers/STM32F7xx_HAL_Driver/Inc -I../Drivers/STM32F7xx_HAL_Driver/Inc/Legacy -I../Drivers/CMSIS/Device/ST/STM32F7xx/Include -I../Drivers/CMSIS/Include -O0 -ffunction-sections -fdata-sections -Wall -fstack-usage -MMD -MP -MF"Core/Src/main.d" -MT"Core/Src/main.o" --specs=nano.specs -mfpu=fpv5-sp-d16 -mfloat-abi=hard -mthumb -o "Core/Src/main.o"
arm-none-eabi-gcc -o "Cwiczenie_4.elf" @"objects.list"   -mcpu=cortex-m7 -T"D:\STM\STM32CubeIDE\workspace_1.10.1\Marek_Galewski_STM32\Cwiczenie_4\STM32F746NGHX_FLASH.ld" --specs=nosys.specs -Wl,-Map="Cwiczenie_4.map" -Wl,--gc-sections -static --specs=nano.specs -mfpu=fpv5-sp-d16 -mfloat-abi=hard -mthumb -Wl,--start-group -lc -lm -Wl,--end-group
Finished building target: Cwiczenie_4.elf
 
arm-none-eabi-size   Cwiczenie_4.elf 
arm-none-eabi-objdump -h -S  Cwiczenie_4.elf  > "Cwiczenie_4.list"
   text	   data	    bss	    dec	    hex	filename
  12344	    124	   1612	  14080	   3700	Cwiczenie_4.elf
Finished building: default.size.stdout
 
Finished building: Cwiczenie_4.list
 
20:45:33 **** Incremental Build of configuration Debug for project Cwiczenie_4 ****
make -j8 all 
arm-none-eabi-gcc "../Core/Src/main.c" -mcpu=cortex-m7 -std=gnu11 -g3 -DDEBUG -DUSE_HAL_DRIVER -DSTM32F746xx -c -I../Core/Inc -I../Drivers/STM32F7xx_HAL_Driver/Inc -I../Drivers/STM32F7xx_HAL_Driver/Inc/Legacy -I../Drivers/CMSIS/Device/ST/STM32F7xx/Include -I../Drivers/CMSIS/Include -O0 -ffunction-sections -fdata-sections -Wall -fstack-usage -MMD -MP -MF"Core/Src/main.d" -MT"Core/Src/main.o" --specs=nano.specs -mfpu=fpv5-sp-d16 -mfloat-abi=hard -mthumb -o "Core/Src/main.o"
arm-none-eabi-gcc -o "Cwiczenie_4.elf" @"objects.list"   -mcpu=cortex-m7 -T"D:\STM\STM32CubeIDE\workspace_1.10.1\Marek_Galewski_STM32\Cwiczenie_4\STM32F746NGHX_FLASH.ld" --specs=nosys.specs -Wl,-Map="Cwiczenie_4.map" -Wl,--gc-sections -static --specs=nano.specs -mfpu=fpv5-sp-d16 -mfloat-abi=hard -mthumb -Wl,--start-group -lc -lm -Wl,--end-group
Finished building target: Cwiczenie_4.elf
 
arm-none-eabi-size   Cwiczenie_4.elf 
arm-none-eabi-objdump -h -S  Cwiczenie_4.elf  > "Cwiczenie_4.list"
   text	   data	    bss	    dec	    hex	filename
  12344	    124	   1612	  14080	   3700	Cwiczenie_4.elf
Finished building: default.size.stdout
 
Finished building: Cwiczenie_4.list
 
20:46:26 **** Incremental Build of configuration Debug for project Cwiczenie_4 ****
make -j8 all 
arm-none-eabi-gcc "../Core/Src/main.c" -mcpu=cortex-m7 -std=gnu11 -g3 -DDEBUG -DUSE_HAL_DRIVER -DSTM32F746xx -c -I../Core/Inc -I../Drivers/STM32F7xx_HAL_Driver/Inc -I../Drivers/STM32F7xx_HAL_Driver/Inc/Legacy -I../Drivers/CMSIS/Device/ST/STM32F7xx/Include -I../Drivers/CMSIS/Include -O0 -ffunction-sections -fdata-sections -Wall -fstack-usage -MMD -MP -MF"Core/Src/main.d" -MT"Core/Src/main.o" --specs=nano.specs -mfpu=fpv5-sp-d16 -mfloat-abi=hard -mthumb -o "Core/Src/main.o"
arm-none-eabi-gcc -o "Cwiczenie_4.elf" @"objects.list"   -mcpu=cortex-m7 -T"D:\STM\STM32CubeIDE\workspace_1.10.1\Marek_Galewski_STM32\Cwiczenie_4\STM32F746NGHX_FLASH.ld" --specs=nosys.specs -Wl,-Map="Cwiczenie_4.map" -Wl,--gc-sections -static --specs=nano.specs -mfpu=fpv5-sp-d16 -mfloat-abi=hard -mthumb -Wl,--start-group -lc -lm -Wl,--end-group
Finished building target: Cwiczenie_4.elf
 
arm-none-eabi-size   Cwiczenie_4.elf 
arm-none-eabi-objdump -h -S  Cwiczenie_4.elf  > "Cwiczenie_4.list"
   text	   data	    bss	    dec	    hex	filename
  12344	    124	   1612	  14080	   3700	Cwiczenie_4.elf
Finished building: default.size.stdout
 
Finished building: Cwiczenie_4.list
 
20:49:12 **** Incremental Build of configuration Debug for project Cwiczenie_4 ****
make -j8 all 
arm-none-eabi-gcc "../Core/Src/main.c" -mcpu=cortex-m7 -std=gnu11 -g3 -DDEBUG -DUSE_HAL_DRIVER -DSTM32F746xx -c -I../Core/Inc -I../Drivers/STM32F7xx_HAL_Driver/Inc -I../Drivers/STM32F7xx_HAL_Driver/Inc/Legacy -I../Drivers/CMSIS/Device/ST/STM32F7xx/Include -I../Drivers/CMSIS/Include -O0 -ffunction-sections -fdata-sections -Wall -fstack-usage -MMD -MP -MF"Core/Src/main.d" -MT"Core/Src/main.o" --specs=nano.specs -mfpu=fpv5-sp-d16 -mfloat-abi=hard -mthumb -o "Core/Src/main.o"
arm-none-eabi-gcc -o "Cwiczenie_4.elf" @"objects.list"   -mcpu=cortex-m7 -T"D:\STM\STM32CubeIDE\workspace_1.10.1\Marek_Galewski_STM32\Cwiczenie_4\STM32F746NGHX_FLASH.ld" --specs=nosys.specs -Wl,-Map="Cwiczenie_4.map" -Wl,--gc-sections -static --specs=nano.specs -mfpu=fpv5-sp-d16 -mfloat-abi=hard -mthumb -Wl,--start-group -lc -lm -Wl,--end-group
Finished building target: Cwiczenie_4.elf
 
arm-none-eabi-size   Cwiczenie_4.elf 
arm-none-eabi-objdump -h -S  Cwiczenie_4.elf  > "Cwiczenie_4.list"
   text	   data	    bss	    dec	    hex	filename
  12336	    124	   1612	  14072	   36f8	Cwiczenie_4.elf
Finished building: default.size.stdout
 
Finished building: Cwiczenie_4.list
 
